#
# An unexpected error has occurred (6) Aborted
#
Stack:
/usr/lib/x86_64-linux-gnu/libc.so.6(+0x45cb0) [0x7cfd50045cb0]
/usr/lib/x86_64-linux-gnu/libc.so.6(pthread_kill+0x11c) [0x7cfd500a642c]
/usr/lib/x86_64-linux-gnu/libc.so.6(gsignal+0x1e) [0x7cfd50045b7e]
/usr/lib/x86_64-linux-gnu/libc.so.6(abort+0x27) [0x7cfd500288ec]
/opt/Xilinx_2/2025.2/Vivado/lib/lnx64.o/Ubuntu/libstdc++.so.6(+0x8ba13) [0x7cfd5088ba13]
/opt/Xilinx_2/2025.2/Vivado/lib/lnx64.o/Ubuntu/libstdc++.so.6(+0x91b86) [0x7cfd50891b86]
/opt/Xilinx_2/2025.2/Vivado/lib/lnx64.o/Ubuntu/libstdc++.so.6(+0x91bc1) [0x7cfd50891bc1]
/opt/Xilinx_2/2025.2/Vivado/lib/lnx64.o/libxv_common.so(hdi::tcltasks::detail::collection_wrapper_base::~collection_wrapper_base()+0x27f) [0x7cfd5b5ff6f5]
/opt/Xilinx_2/2025.2/Vivado/lib/lnx64.o/libxv_common.so(+0x7118d5) [0x7cfd5b7118d5]
/opt/Xilinx_2/2025.2/Vivado/lib/lnx64.o/libxv_common.so(hdi::tcltasks::detail::collection_wrapper_base::decr_ref() const+0x27) [0x7cfd5b5fc7db]
/opt/Xilinx_2/2025.2/Vivado/lib/lnx64.o/libxv_tcltasks.so(+0x1109c78) [0x7cfd49f09c78]
/opt/Xilinx_2/2025.2/Vivado/lib/lnx64.o/libxv_tcltasks.so(+0x1104212) [0x7cfd49f04212]
/opt/Xilinx_2/2025.2/Vivado/lib/lnx64.o/libxv_tcltasks.so(+0x1104261) [0x7cfd49f04261]
/opt/Xilinx_2/2025.2/Vivado/lib/lnx64.o/libboost_program_options.so.1.72.0(boost::program_options::option_description::~option_description()+0xd1) [0x7cfd5c237be1]
/opt/Xilinx_2/2025.2/Vivado/lib/lnx64.o/libboost_program_options.so.1.72.0(boost::program_options::option_description::~option_description()+0x11) [0x7cfd5c237c31]
/opt/Xilinx_2/2025.2/Vivado/lib/lnx64.o/libxv_common.so(boost::detail::sp_counted_impl_p<boost::program_options::option_description>::dispose()+0x13) [0x7cfd5b8f3d3b]
/opt/Xilinx_2/2025.2/Vivado/lib/lnx64.o/libxv_common.so(+0x42fc24) [0x7cfd5b42fc24]
/opt/Xilinx_2/2025.2/Vivado/lib/lnx64.o/libxv_common.so(hdi::tcltasks::options_description::~options_description()+0xe1) [0x7cfd5b9a9bb3]
/usr/lib/x86_64-linux-gnu/libc.so.6(+0x485e1) [0x7cfd500485e1]
/usr/lib/x86_64-linux-gnu/libc.so.6(+0x486be) [0x7cfd500486be]
/opt/Xilinx_2/2025.2/Vivado/lib/lnx64.o/libxv_synth.so(HARTSInfo::periodicalDetect()+0xfb) [0x7cfd3eb6c8eb]
/opt/Xilinx_2/2025.2/Vivado/lib/lnx64.o/libxv_common.so(std::thread::_State_impl<std::thread::_Invoker<std::tuple<void (*)()> > >::_M_run()+0x7) [0x7cfd5b819fbf]
/opt/Xilinx_2/2025.2/Vivado/lib/lnx64.o/Ubuntu/libstdc++.so.6(+0xbadff) [0x7cfd508badff]
/usr/lib/x86_64-linux-gnu/libc.so.6(+0xa407a) [0x7cfd500a407a]
/usr/lib/x86_64-linux-gnu/libc.so.6(+0x13772c) [0x7cfd5013772c]
