#
# An unexpected error has occurred (6) Aborted
#
Stack:
/usr/lib/x86_64-linux-gnu/libc.so.6(+0x45cb0) [0x78f8acc45cb0]
/usr/lib/x86_64-linux-gnu/libc.so.6(pthread_kill+0x11c) [0x78f8acca642c]
/usr/lib/x86_64-linux-gnu/libc.so.6(gsignal+0x1e) [0x78f8acc45b7e]
/usr/lib/x86_64-linux-gnu/libc.so.6(abort+0x27) [0x78f8acc288ec]
/opt/Xilinx_2/2025.2/Vivado/lib/lnx64.o/Ubuntu/libstdc++.so.6(+0x8ba13) [0x78f8ad48ba13]
/opt/Xilinx_2/2025.2/Vivado/lib/lnx64.o/Ubuntu/libstdc++.so.6(+0x91b86) [0x78f8ad491b86]
/opt/Xilinx_2/2025.2/Vivado/lib/lnx64.o/Ubuntu/libstdc++.so.6(+0x91bc1) [0x78f8ad491bc1]
/opt/Xilinx_2/2025.2/Vivado/lib/lnx64.o/libxv_common.so(hdi::tcltasks::detail::collection_wrapper_base::~collection_wrapper_base()+0x27f) [0x78f8b83ff6f5]
/opt/Xilinx_2/2025.2/Vivado/lib/lnx64.o/libxv_common.so(+0x7118d5) [0x78f8b85118d5]
/opt/Xilinx_2/2025.2/Vivado/lib/lnx64.o/libxv_common.so(hdi::tcltasks::detail::collection_wrapper_base::decr_ref() const+0x27) [0x78f8b83fc7db]
/opt/Xilinx_2/2025.2/Vivado/lib/lnx64.o/libxv_tcltasks.so(+0x1109c78) [0x78f8a6b09c78]
/opt/Xilinx_2/2025.2/Vivado/lib/lnx64.o/libxv_tcltasks.so(+0x1104212) [0x78f8a6b04212]
/opt/Xilinx_2/2025.2/Vivado/lib/lnx64.o/libxv_tcltasks.so(+0x1104261) [0x78f8a6b04261]
/opt/Xilinx_2/2025.2/Vivado/lib/lnx64.o/libboost_program_options.so.1.72.0(boost::program_options::option_description::~option_description()+0xd1) [0x78f8b7d74be1]
/opt/Xilinx_2/2025.2/Vivado/lib/lnx64.o/libboost_program_options.so.1.72.0(boost::program_options::option_description::~option_description()+0x11) [0x78f8b7d74c31]
/opt/Xilinx_2/2025.2/Vivado/lib/lnx64.o/libxv_common.so(boost::detail::sp_counted_impl_p<boost::program_options::option_description>::dispose()+0x13) [0x78f8b86f3d3b]
/opt/Xilinx_2/2025.2/Vivado/lib/lnx64.o/libxv_common.so(+0x42fc24) [0x78f8b822fc24]
/opt/Xilinx_2/2025.2/Vivado/lib/lnx64.o/libxv_common.so(hdi::tcltasks::options_description::~options_description()+0xe1) [0x78f8b87a9bb3]
/usr/lib/x86_64-linux-gnu/libc.so.6(+0x485e1) [0x78f8acc485e1]
/usr/lib/x86_64-linux-gnu/libc.so.6(+0x486be) [0x78f8acc486be]
/opt/Xilinx_2/2025.2/Vivado/lib/lnx64.o/libxv_synth.so(USys::decrypt(char const*, unsigned int&)+0) [0x78f89c4a8c40]
/opt/Xilinx_2/2025.2/Vivado/lib/lnx64.o/libxv_synth.so(UDupFileBuffer::UDupFileBuffer(char const*, bool)+0x172) [0x78f89c57a562]
/opt/Xilinx_2/2025.2/Vivado/lib/lnx64.o/libxv_synth.so(UDup::UDup(bool, bool, char const*, UDupStraps*, UDupStrapTable*)+0x4d) [0x78f89c57a99d]
/opt/Xilinx_2/2025.2/Vivado/lib/lnx64.o/libxv_synth.so(NDup::NDup(bool, bool, char const*, bool, NDupStrapTable*)+0x59) [0x78f89c572cc9]
/opt/Xilinx_2/2025.2/Vivado/lib/lnx64.o/libxv_synth.so(NDup::dumpDesign(NDesC*, char const*, NDupStrapTable*)+0x37) [0x78f89c5764c7]
/opt/Xilinx_2/2025.2/Vivado/lib/lnx64.o/libxv_synth.so(NGenC::dumpDesign(bool, bool) const+0x109) [0x78f89c569ad9]
/opt/Xilinx_2/2025.2/Vivado/lib/lnx64.o/libxv_synth.so(HARTNDb::writeAGenome(char const*, bool)+0x532) [0x78f89aaaeb92]
/opt/Xilinx_2/2025.2/Vivado/lib/lnx64.o/libxv_synth.so(+0x2094207) [0x78f89b894207]
/opt/Xilinx_2/2025.2/Vivado/lib/lnx64.o/libxv_synth.so(+0x1fc4de2) [0x78f89b7c4de2]
/opt/Xilinx_2/2025.2/Vivado/lib/lnx64.o/libtcl8.6.so(TclNRRunCallbacks+0x47) [0x78f8b4684497]
/opt/Xilinx_2/2025.2/Vivado/lib/lnx64.o/libtcl8.6.so(+0x45309) [0x78f8b4686309]
/opt/Xilinx_2/2025.2/Vivado/lib/lnx64.o/libtcl8.6.so(Tcl_FSEvalFileEx+0x1f8) [0x78f8b473bae8]
/opt/Xilinx_2/2025.2/Vivado/lib/lnx64.o/libxv_commontasks.so(+0x48349d) [0x78f8aa28349d]
/opt/Xilinx_2/2025.2/Vivado/lib/lnx64.o/libxv_common.so(+0x81e9c4) [0x78f8b861e9c4]
/opt/Xilinx_2/2025.2/Vivado/lib/lnx64.o/libtcl8.6.so(TclNRRunCallbacks+0x47) [0x78f8b4684497]
/opt/Xilinx_2/2025.2/Vivado/lib/lnx64.o/libtcl8.6.so(+0x45309) [0x78f8b4686309]
/opt/Xilinx_2/2025.2/Vivado/lib/lnx64.o/libtcl8.6.so(Tcl_FSEvalFileEx+0x1f8) [0x78f8b473bae8]
/opt/Xilinx_2/2025.2/Vivado/lib/lnx64.o/libxv_commontasks.so(+0x48349d) [0x78f8aa28349d]
/opt/Xilinx_2/2025.2/Vivado/lib/lnx64.o/libxv_common.so(+0x81e9c4) [0x78f8b861e9c4]
/opt/Xilinx_2/2025.2/Vivado/lib/lnx64.o/libtcl8.6.so(TclNRRunCallbacks+0x47) [0x78f8b4684497]
/opt/Xilinx_2/2025.2/Vivado/lib/lnx64.o/libxv_commontasks.so(+0x468b67) [0x78f8aa268b67]
/opt/Xilinx_2/2025.2/Vivado/lib/lnx64.o/libtcl8.6.so(TclNRRunCallbacks+0x47) [0x78f8b4684497]
/opt/Xilinx_2/2025.2/Vivado/lib/lnx64.o/libxv_common.so(hdi::tcltasks::task_manager::eval_in_tcl(Tcl_Interp*, Tcl_Obj*, char const*, bool)+0xe33) [0x78f8b862147f]
/opt/Xilinx_2/2025.2/Vivado/lib/lnx64.o/libxv_common.so(hdi::tcltasks::tclcmdobj::eval(char const*, bool) const+0x19) [0x78f8b85c217f]
/opt/Xilinx_2/2025.2/Vivado/lib/lnx64.o/libxv_synth.so(HARTSWorker::runInternal()+0xe1) [0x78f89b76ca91]
/opt/Xilinx_2/2025.2/Vivado/lib/lnx64.o/libxv_synth.so(HARTSWorker::runJob(HARTSWorkerConfig&)+0x40) [0x78f89b76ebe0]
/opt/Xilinx_2/2025.2/Vivado/lib/lnx64.o/libxv_synth.so(HARTSWorker::mainLoop()+0x97) [0x78f89b76eca7]
/opt/Xilinx_2/2025.2/Vivado/lib/lnx64.o/libxv_synth.so(HARTNDb::parallelListen(char const*, char const*, char const*)+0x42) [0x78f89aa9f5f2]
/opt/Xilinx_2/2025.2/Vivado/lib/lnx64.o/libxv_synth.so(+0x210f30f) [0x78f89b90f30f]
/opt/Xilinx_2/2025.2/Vivado/lib/lnx64.o/libxv_synth.so(+0x1fc4de2) [0x78f89b7c4de2]
/opt/Xilinx_2/2025.2/Vivado/lib/lnx64.o/libtcl8.6.so(TclNRRunCallbacks+0x47) [0x78f8b4684497]
/opt/Xilinx_2/2025.2/Vivado/lib/lnx64.o/libxv_commontasks.so(+0x468ac4) [0x78f8aa268ac4]
/opt/Xilinx_2/2025.2/Vivado/lib/lnx64.o/libtcl8.6.so(TclNRRunCallbacks+0x47) [0x78f8b4684497]
/opt/Xilinx_2/2025.2/Vivado/lib/lnx64.o/libtcl8.6.so(+0x45309) [0x78f8b4686309]
/opt/Xilinx_2/2025.2/Vivado/lib/lnx64.o/libtcl8.6.so(Tcl_FSEvalFileEx+0x1f8) [0x78f8b473bae8]
/opt/Xilinx_2/2025.2/Vivado/lib/lnx64.o/libxv_commontasks.so(+0x48349d) [0x78f8aa28349d]
/opt/Xilinx_2/2025.2/Vivado/lib/lnx64.o/libxv_common.so(+0x81e9c4) [0x78f8b861e9c4]
/opt/Xilinx_2/2025.2/Vivado/lib/lnx64.o/libtcl8.6.so(TclNRRunCallbacks+0x47) [0x78f8b4684497]
/opt/Xilinx_2/2025.2/Vivado/lib/lnx64.o/libxv_commontasks.so(+0x45b5f8) [0x78f8aa25b5f8]
/opt/Xilinx_2/2025.2/Vivado/lib/lnx64.o/libxv_commontasks.so(+0x45caed) [0x78f8aa25caed]
/opt/Xilinx_2/2025.2/Vivado/lib/lnx64.o/libxv_common.so(+0x81e9c4) [0x78f8b861e9c4]
/opt/Xilinx_2/2025.2/Vivado/lib/lnx64.o/libtcl8.6.so(TclNRRunCallbacks+0x47) [0x78f8b4684497]
/opt/Xilinx_2/2025.2/Vivado/lib/lnx64.o/libxv_commonmain.so(+0x12dfb) [0x78f8b905ddfb]
/opt/Xilinx_2/2025.2/Vivado/lib/lnx64.o/libtcl8.6.so(Tcl_MainEx+0x1a8) [0x78f8b4743038]
/opt/Xilinx_2/2025.2/Vivado/lib/lnx64.o/libxv_common.so(+0xada064) [0x78f8b88da064]
/usr/lib/x86_64-linux-gnu/libc.so.6(+0xa407a) [0x78f8acca407a]
/usr/lib/x86_64-linux-gnu/libc.so.6(+0x13772c) [0x78f8acd3772c]
