#
# An unexpected error has occurred (6) Aborted
#
Stack:
/usr/lib/x86_64-linux-gnu/libc.so.6(+0x45cb0) [0x7c6db5e45cb0]
/usr/lib/x86_64-linux-gnu/libc.so.6(pthread_kill+0x11c) [0x7c6db5ea642c]
/usr/lib/x86_64-linux-gnu/libc.so.6(gsignal+0x1e) [0x7c6db5e45b7e]
/usr/lib/x86_64-linux-gnu/libc.so.6(abort+0x27) [0x7c6db5e288ec]
/opt/Xilinx_2/2025.2/Vivado/lib/lnx64.o/Ubuntu/libstdc++.so.6(+0x8ba13) [0x7c6db668ba13]
/opt/Xilinx_2/2025.2/Vivado/lib/lnx64.o/Ubuntu/libstdc++.so.6(+0x91b86) [0x7c6db6691b86]
/opt/Xilinx_2/2025.2/Vivado/lib/lnx64.o/Ubuntu/libstdc++.so.6(+0x91bc1) [0x7c6db6691bc1]
/opt/Xilinx_2/2025.2/Vivado/lib/lnx64.o/libxv_common.so(hdi::tcltasks::detail::collection_wrapper_base::~collection_wrapper_base()+0x27f) [0x7c6dc15ff6f5]
/opt/Xilinx_2/2025.2/Vivado/lib/lnx64.o/libxv_common.so(+0x7118d5) [0x7c6dc17118d5]
/opt/Xilinx_2/2025.2/Vivado/lib/lnx64.o/libxv_common.so(hdi::tcltasks::detail::collection_wrapper_base::decr_ref() const+0x27) [0x7c6dc15fc7db]
/opt/Xilinx_2/2025.2/Vivado/lib/lnx64.o/libxv_tcltasks.so(+0x1109c78) [0x7c6dafd09c78]
/opt/Xilinx_2/2025.2/Vivado/lib/lnx64.o/libxv_tcltasks.so(+0x1104212) [0x7c6dafd04212]
/opt/Xilinx_2/2025.2/Vivado/lib/lnx64.o/libxv_tcltasks.so(+0x1104261) [0x7c6dafd04261]
/opt/Xilinx_2/2025.2/Vivado/lib/lnx64.o/libboost_program_options.so.1.72.0(boost::program_options::option_description::~option_description()+0xd1) [0x7c6dc0bccbe1]
/opt/Xilinx_2/2025.2/Vivado/lib/lnx64.o/libboost_program_options.so.1.72.0(boost::program_options::option_description::~option_description()+0x11) [0x7c6dc0bccc31]
/opt/Xilinx_2/2025.2/Vivado/lib/lnx64.o/libxv_common.so(boost::detail::sp_counted_impl_p<boost::program_options::option_description>::dispose()+0x13) [0x7c6dc18f3d3b]
/opt/Xilinx_2/2025.2/Vivado/lib/lnx64.o/libxv_common.so(+0x42fc24) [0x7c6dc142fc24]
/opt/Xilinx_2/2025.2/Vivado/lib/lnx64.o/libxv_common.so(hdi::tcltasks::options_description::~options_description()+0xe1) [0x7c6dc19a9bb3]
/usr/lib/x86_64-linux-gnu/libc.so.6(+0x485e1) [0x7c6db5e485e1]
/usr/lib/x86_64-linux-gnu/libc.so.6(+0x486be) [0x7c6db5e486be]
/opt/Xilinx_2/2025.2/Vivado/lib/lnx64.o/libxv_synth.so(USys::decrypt(char const*, unsigned int&)+0) [0x7c6da56a8c40]
/opt/Xilinx_2/2025.2/Vivado/lib/lnx64.o/libxv_synth.so(UDupFileBuffer::UDupFileBuffer(char const*, bool)+0x172) [0x7c6da577a562]
/opt/Xilinx_2/2025.2/Vivado/lib/lnx64.o/libxv_synth.so(UDup::UDup(bool, bool, char const*, UDupStraps*, UDupStrapTable*)+0x4d) [0x7c6da577a99d]
/opt/Xilinx_2/2025.2/Vivado/lib/lnx64.o/libxv_synth.so(NDup::NDup(bool, bool, char const*, bool, NDupStrapTable*)+0x59) [0x7c6da5772cc9]
/opt/Xilinx_2/2025.2/Vivado/lib/lnx64.o/libxv_synth.so(NDup::dumpDesign(NDesC*, char const*, NDupStrapTable*)+0x37) [0x7c6da57764c7]
/opt/Xilinx_2/2025.2/Vivado/lib/lnx64.o/libxv_synth.so(NGenC::dumpDesign(bool, bool) const+0x109) [0x7c6da5769ad9]
/opt/Xilinx_2/2025.2/Vivado/lib/lnx64.o/libxv_synth.so(HARTNDb::writeAGenome(char const*, bool)+0x532) [0x7c6da3caeb92]
/opt/Xilinx_2/2025.2/Vivado/lib/lnx64.o/libxv_synth.so(+0x2094207) [0x7c6da4a94207]
/opt/Xilinx_2/2025.2/Vivado/lib/lnx64.o/libxv_synth.so(+0x1fc4de2) [0x7c6da49c4de2]
/opt/Xilinx_2/2025.2/Vivado/lib/lnx64.o/libtcl8.6.so(TclNRRunCallbacks+0x47) [0x7c6dbd884497]
/opt/Xilinx_2/2025.2/Vivado/lib/lnx64.o/libtcl8.6.so(+0x45309) [0x7c6dbd886309]
/opt/Xilinx_2/2025.2/Vivado/lib/lnx64.o/libtcl8.6.so(Tcl_FSEvalFileEx+0x1f8) [0x7c6dbd93bae8]
/opt/Xilinx_2/2025.2/Vivado/lib/lnx64.o/libxv_commontasks.so(+0x48349d) [0x7c6db348349d]
/opt/Xilinx_2/2025.2/Vivado/lib/lnx64.o/libxv_common.so(+0x81e9c4) [0x7c6dc181e9c4]
/opt/Xilinx_2/2025.2/Vivado/lib/lnx64.o/libtcl8.6.so(TclNRRunCallbacks+0x47) [0x7c6dbd884497]
/opt/Xilinx_2/2025.2/Vivado/lib/lnx64.o/libtcl8.6.so(+0x45309) [0x7c6dbd886309]
/opt/Xilinx_2/2025.2/Vivado/lib/lnx64.o/libtcl8.6.so(Tcl_FSEvalFileEx+0x1f8) [0x7c6dbd93bae8]
/opt/Xilinx_2/2025.2/Vivado/lib/lnx64.o/libxv_commontasks.so(+0x48349d) [0x7c6db348349d]
/opt/Xilinx_2/2025.2/Vivado/lib/lnx64.o/libxv_common.so(+0x81e9c4) [0x7c6dc181e9c4]
/opt/Xilinx_2/2025.2/Vivado/lib/lnx64.o/libtcl8.6.so(TclNRRunCallbacks+0x47) [0x7c6dbd884497]
/opt/Xilinx_2/2025.2/Vivado/lib/lnx64.o/libxv_commontasks.so(+0x468b67) [0x7c6db3468b67]
/opt/Xilinx_2/2025.2/Vivado/lib/lnx64.o/libtcl8.6.so(TclNRRunCallbacks+0x47) [0x7c6dbd884497]
/opt/Xilinx_2/2025.2/Vivado/lib/lnx64.o/libxv_common.so(hdi::tcltasks::task_manager::eval_in_tcl(Tcl_Interp*, Tcl_Obj*, char const*, bool)+0xe33) [0x7c6dc182147f]
/opt/Xilinx_2/2025.2/Vivado/lib/lnx64.o/libxv_common.so(hdi::tcltasks::tclcmdobj::eval(char const*, bool) const+0x19) [0x7c6dc17c217f]
/opt/Xilinx_2/2025.2/Vivado/lib/lnx64.o/libxv_synth.so(HARTSWorker::runInternal()+0xe1) [0x7c6da496ca91]
/opt/Xilinx_2/2025.2/Vivado/lib/lnx64.o/libxv_synth.so(HARTSWorker::runJob(HARTSWorkerConfig&)+0x40) [0x7c6da496ebe0]
/opt/Xilinx_2/2025.2/Vivado/lib/lnx64.o/libxv_synth.so(HARTSWorker::mainLoop()+0x97) [0x7c6da496eca7]
/opt/Xilinx_2/2025.2/Vivado/lib/lnx64.o/libxv_synth.so(HARTNDb::parallelListen(char const*, char const*, char const*)+0x42) [0x7c6da3c9f5f2]
/opt/Xilinx_2/2025.2/Vivado/lib/lnx64.o/libxv_synth.so(+0x210f30f) [0x7c6da4b0f30f]
/opt/Xilinx_2/2025.2/Vivado/lib/lnx64.o/libxv_synth.so(+0x1fc4de2) [0x7c6da49c4de2]
/opt/Xilinx_2/2025.2/Vivado/lib/lnx64.o/libtcl8.6.so(TclNRRunCallbacks+0x47) [0x7c6dbd884497]
/opt/Xilinx_2/2025.2/Vivado/lib/lnx64.o/libxv_commontasks.so(+0x468ac4) [0x7c6db3468ac4]
/opt/Xilinx_2/2025.2/Vivado/lib/lnx64.o/libtcl8.6.so(TclNRRunCallbacks+0x47) [0x7c6dbd884497]
/opt/Xilinx_2/2025.2/Vivado/lib/lnx64.o/libtcl8.6.so(+0x45309) [0x7c6dbd886309]
/opt/Xilinx_2/2025.2/Vivado/lib/lnx64.o/libtcl8.6.so(Tcl_FSEvalFileEx+0x1f8) [0x7c6dbd93bae8]
/opt/Xilinx_2/2025.2/Vivado/lib/lnx64.o/libxv_commontasks.so(+0x48349d) [0x7c6db348349d]
/opt/Xilinx_2/2025.2/Vivado/lib/lnx64.o/libxv_common.so(+0x81e9c4) [0x7c6dc181e9c4]
/opt/Xilinx_2/2025.2/Vivado/lib/lnx64.o/libtcl8.6.so(TclNRRunCallbacks+0x47) [0x7c6dbd884497]
/opt/Xilinx_2/2025.2/Vivado/lib/lnx64.o/libxv_commontasks.so(+0x45b5f8) [0x7c6db345b5f8]
/opt/Xilinx_2/2025.2/Vivado/lib/lnx64.o/libxv_commontasks.so(+0x45caed) [0x7c6db345caed]
/opt/Xilinx_2/2025.2/Vivado/lib/lnx64.o/libxv_common.so(+0x81e9c4) [0x7c6dc181e9c4]
/opt/Xilinx_2/2025.2/Vivado/lib/lnx64.o/libtcl8.6.so(TclNRRunCallbacks+0x47) [0x7c6dbd884497]
/opt/Xilinx_2/2025.2/Vivado/lib/lnx64.o/libxv_commonmain.so(+0x12dfb) [0x7c6dc2314dfb]
/opt/Xilinx_2/2025.2/Vivado/lib/lnx64.o/libtcl8.6.so(Tcl_MainEx+0x1a8) [0x7c6dbd943038]
/opt/Xilinx_2/2025.2/Vivado/lib/lnx64.o/libxv_common.so(+0xada064) [0x7c6dc1ada064]
/usr/lib/x86_64-linux-gnu/libc.so.6(+0xa407a) [0x7c6db5ea407a]
/usr/lib/x86_64-linux-gnu/libc.so.6(+0x13772c) [0x7c6db5f3772c]
