Copyright 1986-2022 Xilinx, Inc. All Rights Reserved. Copyright 2022-2025 Advanced Micro Devices, Inc. All Rights Reserved.
---------------------------------------------------------------------------------------------------------------------------------------------
| Tool Version : Vivado v.2025.2 (lin64) Build 6299465 Fri Nov 14 12:34:56 MST 2025
| Date         : Tue Aug 25 16:49:21 2026
| Host         : emerald running 64-bit Ubuntu 26.04 LTS
| Command      : upgrade_ip
| Device       : xc7a100tfgg484-2
---------------------------------------------------------------------------------------------------------------------------------------------

Upgrade Log for IP 'design_1_xdma_0_0'

1. Summary
----------

SUCCESS in the update of design_1_xdma_0_0 (xilinx.com:ip:xdma:4.2 (Rev. 2)) to current project options.






Copyright 1986-2022 Xilinx, Inc. All Rights Reserved. Copyright 2022-2025 Advanced Micro Devices, Inc. All Rights Reserved.
---------------------------------------------------------------------------------------------------------------------------------------------
| Tool Version : Vivado v.2025.2 (lin64) Build 6299465 Fri Nov 14 12:34:56 MST 2025
| Date         : Tue Aug 25 16:49:21 2026
| Host         : emerald running 64-bit Ubuntu 26.04 LTS
| Command      : upgrade_ip
| Device       : xc7a100tfgg484-2
---------------------------------------------------------------------------------------------------------------------------------------------

Upgrade Log for IP 'design_1_util_ds_buf_0_0'

1. Summary
----------

SUCCESS in the update of design_1_util_ds_buf_0_0 (xilinx.com:ip:util_ds_buf:2.2 (Rev. 9)) to current project options.






Copyright 1986-2022 Xilinx, Inc. All Rights Reserved. Copyright 2022-2025 Advanced Micro Devices, Inc. All Rights Reserved.
---------------------------------------------------------------------------------------------------------------------------------------------
| Tool Version : Vivado v.2025.2 (lin64) Build 6299465 Fri Nov 14 12:34:56 MST 2025
| Date         : Tue Aug 25 16:49:20 2026
| Host         : emerald running 64-bit Ubuntu 26.04 LTS
| Command      : upgrade_ip
| Device       : xc7a100tfgg484-2
---------------------------------------------------------------------------------------------------------------------------------------------

Upgrade Log for IP 'design_1_util_ds_buf_0'

1. Summary
----------

SUCCESS in the update of design_1_util_ds_buf_0 (xilinx.com:ip:util_ds_buf:2.2 (Rev. 9)) to current project options.






Copyright 1986-2022 Xilinx, Inc. All Rights Reserved. Copyright 2022-2025 Advanced Micro Devices, Inc. All Rights Reserved.
---------------------------------------------------------------------------------------------------------------------------------------------
| Tool Version : Vivado v.2025.2 (lin64) Build 6299465 Fri Nov 14 12:34:56 MST 2025
| Date         : Tue Aug 25 16:49:20 2026
| Host         : emerald running 64-bit Ubuntu 26.04 LTS
| Command      : upgrade_ip
| Device       : xc7a100tfgg484-2
---------------------------------------------------------------------------------------------------------------------------------------------

Upgrade Log for IP 'design_1_c_counter_binary_0_0'

1. Summary
----------

SUCCESS in the update of design_1_c_counter_binary_0_0 (xilinx.com:ip:c_counter_binary:12.0 (Rev. 22)) to current project options.






Copyright 1986-2022 Xilinx, Inc. All Rights Reserved. Copyright 2022-2025 Advanced Micro Devices, Inc. All Rights Reserved.
---------------------------------------------------------------------------------------------------------------------------------------------
| Tool Version : Vivado v.2025.2 (lin64) Build 6299465 Fri Nov 14 12:34:56 MST 2025
| Date         : Tue Aug 25 16:49:20 2026
| Host         : emerald running 64-bit Ubuntu 26.04 LTS
| Command      : upgrade_ip
| Device       : xc7a100tfgg484-2
---------------------------------------------------------------------------------------------------------------------------------------------

Upgrade Log for IP 'design_1_blk_mem_gen_1_0'

1. Summary
----------

SUCCESS in the update of design_1_blk_mem_gen_1_0 (xilinx.com:ip:blk_mem_gen:8.4 (Rev. 12)) to current project options.






Copyright 1986-2022 Xilinx, Inc. All Rights Reserved. Copyright 2022-2025 Advanced Micro Devices, Inc. All Rights Reserved.
---------------------------------------------------------------------------------------------------------------------------------------------
| Tool Version : Vivado v.2025.2 (lin64) Build 6299465 Fri Nov 14 12:34:56 MST 2025
| Date         : Tue Aug 25 16:49:20 2026
| Host         : emerald running 64-bit Ubuntu 26.04 LTS
| Command      : upgrade_ip
| Device       : xc7a100tfgg484-2
---------------------------------------------------------------------------------------------------------------------------------------------

Upgrade Log for IP 'design_1_axi_interconnect_0_0'

1. Summary
----------

SUCCESS in the update of design_1_axi_interconnect_0_0 (xilinx.com:ip:axi_interconnect:2.1 (Rev. 38)) to current project options.






Copyright 1986-2022 Xilinx, Inc. All Rights Reserved. Copyright 2022-2025 Advanced Micro Devices, Inc. All Rights Reserved.
---------------------------------------------------------------------------------------------------------------------------------------------
| Tool Version : Vivado v.2025.2 (lin64) Build 6299465 Fri Nov 14 12:34:56 MST 2025
| Date         : Tue Aug 25 16:49:20 2026
| Host         : emerald running 64-bit Ubuntu 26.04 LTS
| Command      : upgrade_ip
| Device       : xc7a100tfgg484-2
---------------------------------------------------------------------------------------------------------------------------------------------

Upgrade Log for IP 'design_1_axi_bram_ctrl_1_bram_0'

1. Summary
----------

SUCCESS in the update of design_1_axi_bram_ctrl_1_bram_0 (xilinx.com:ip:blk_mem_gen:8.4 (Rev. 12)) to current project options.






Copyright 1986-2022 Xilinx, Inc. All Rights Reserved. Copyright 2022-2025 Advanced Micro Devices, Inc. All Rights Reserved.
---------------------------------------------------------------------------------------------------------------------------------------------
| Tool Version : Vivado v.2025.2 (lin64) Build 6299465 Fri Nov 14 12:34:56 MST 2025
| Date         : Tue Aug 25 16:49:20 2026
| Host         : emerald running 64-bit Ubuntu 26.04 LTS
| Command      : upgrade_ip
| Device       : xc7a100tfgg484-2
---------------------------------------------------------------------------------------------------------------------------------------------

Upgrade Log for IP 'design_1_axi_bram_ctrl_1_0'

1. Summary
----------

SUCCESS in the update of design_1_axi_bram_ctrl_1_0 (xilinx.com:ip:axi_bram_ctrl:4.1 (Rev. 13)) to current project options.

2. Upgrade messages
-------------------

WARNING: upgrade cannot remove parameter C_SELECT_XPM : there is no parameter called C_SELECT_XPM in axi_bram_ctrl_v4_1

