
*** Running vivado
    with args -log design_1_wrapper.vdi -applog -m64 -product Vivado -messageDb vivado.pb -mode batch -source design_1_wrapper.tcl -notrace


****** Vivado v2025.2 (64-bit)
  **** SW Build 6299465 on Fri Nov 14 12:34:56 MST 2025
  **** IP Build 6300035 on Fri Nov 14 10:48:45 MST 2025
  **** SharedData Build 6298862 on Thu Nov 13 04:50:51 MST 2025
  **** Start of session at: Wed Aug 12 11:49:48 2026
    ** Copyright 1986-2022 Xilinx, Inc. All Rights Reserved.
    ** Copyright 2022-2025 Advanced Micro Devices, Inc. All Rights Reserved.

WARNING: [Runs 36-547] User Strategy 'Vivado Implementation Defaults' from file '/home/kokunev/.Xilinx/Vivado/2025.2/strategies/Vivado Implementation Defaults.Vivado Implementation 2025.psg' discarded because strategy with same name already parsed from '/opt/Xilinx_2/2025.2/Vivado/strategies/VDI2025.psg'
WARNING: [Runs 36-547] User Strategy 'Vivado Implementation Defaults' from file '/home/kokunev/.Xilinx/Vivado/2025.2/strategies/Vivado Implementation Defaults_2.Vivado Implementation 2025.psg' discarded because strategy with same name already parsed from '/opt/Xilinx_2/2025.2/Vivado/strategies/VDI2025.psg'
source design_1_wrapper.tcl -notrace
INFO: [IP_Flow 19-234] Refreshing IP repositories
INFO: [IP_Flow 19-1704] No user IP repositories specified
INFO: [IP_Flow 19-2313] Loaded Vivado IP repository '/opt/Xilinx_2/2025.2/data/ip'.
Command: link_design -top design_1_wrapper -part xc7a100tfgg484-2
Design is defaulting to srcset: sources_1
Design is defaulting to constrset: constrs_1
INFO: [Device 21-403] Loading part xc7a100tfgg484-2
Netlist sorting complete. Time (s): cpu = 00:00:00.06 ; elapsed = 00:00:00.06 . Memory (MB): peak = 1779.961 ; gain = 0.000 ; free physical = 25038 ; free virtual = 50018
INFO: [Netlist 29-17] Analyzing 1144 Unisim elements for replacement
INFO: [Netlist 29-28] Unisim Transformation completed in 0 CPU seconds
INFO: [Project 1-479] Netlist was created with Vivado 2025.2
INFO: [Project 1-570] Preparing netlist for logic optimization
Parsing XDC File [/home/kokunev/data/git_root/dig/dig_board_blink/project_1/project_1.gen/sources_1/bd/design_1/ip/design_1_jtag_axi_0_0/constraints/jtag_axi.xdc] for cell 'design_1_i/jtag_axi_0/inst'
Finished Parsing XDC File [/home/kokunev/data/git_root/dig/dig_board_blink/project_1/project_1.gen/sources_1/bd/design_1/ip/design_1_jtag_axi_0_0/constraints/jtag_axi.xdc] for cell 'design_1_i/jtag_axi_0/inst'
Parsing XDC File [/home/kokunev/data/git_root/dig/dig_board_blink/project_1/project_1.gen/sources_1/bd/design_1/ip/design_1_axi_gpio_0_1/design_1_axi_gpio_0_1_board.xdc] for cell 'design_1_i/axi_gpio_0/U0'
Finished Parsing XDC File [/home/kokunev/data/git_root/dig/dig_board_blink/project_1/project_1.gen/sources_1/bd/design_1/ip/design_1_axi_gpio_0_1/design_1_axi_gpio_0_1_board.xdc] for cell 'design_1_i/axi_gpio_0/U0'
Parsing XDC File [/home/kokunev/data/git_root/dig/dig_board_blink/project_1/project_1.gen/sources_1/bd/design_1/ip/design_1_axi_smc_2/bd_0/ip/ip_1/bd_6e42_psr_aclk_0_board.xdc] for cell 'design_1_i/axi_smc/inst/clk_map/psr_aclk/U0'
Finished Parsing XDC File [/home/kokunev/data/git_root/dig/dig_board_blink/project_1/project_1.gen/sources_1/bd/design_1/ip/design_1_axi_smc_2/bd_0/ip/ip_1/bd_6e42_psr_aclk_0_board.xdc] for cell 'design_1_i/axi_smc/inst/clk_map/psr_aclk/U0'
Parsing XDC File [/home/kokunev/data/git_root/dig/dig_board_blink/project_1/project_1.gen/sources_1/bd/design_1/ip/design_1_axi_smc_2/smartconnect.xdc] for cell 'design_1_i/axi_smc/inst'
Finished Parsing XDC File [/home/kokunev/data/git_root/dig/dig_board_blink/project_1/project_1.gen/sources_1/bd/design_1/ip/design_1_axi_smc_2/smartconnect.xdc] for cell 'design_1_i/axi_smc/inst'
Parsing XDC File [/home/kokunev/data/git_root/dig/dig_board_blink/project_1/project_1.gen/sources_1/bd/design_1/ip/design_1_clk_wiz_0_0/design_1_clk_wiz_0_0_board.xdc] for cell 'design_1_i/clk_wiz_0/inst'
Finished Parsing XDC File [/home/kokunev/data/git_root/dig/dig_board_blink/project_1/project_1.gen/sources_1/bd/design_1/ip/design_1_clk_wiz_0_0/design_1_clk_wiz_0_0_board.xdc] for cell 'design_1_i/clk_wiz_0/inst'
Parsing XDC File [/home/kokunev/data/git_root/dig/dig_board_blink/project_1/project_1.gen/sources_1/bd/design_1/ip/design_1_clk_wiz_0_0/design_1_clk_wiz_0_0.xdc] for cell 'design_1_i/clk_wiz_0/inst'
INFO: [Timing 38-35] Done setting XDC timing constraints. [/home/kokunev/data/git_root/dig/dig_board_blink/project_1/project_1.gen/sources_1/bd/design_1/ip/design_1_clk_wiz_0_0/design_1_clk_wiz_0_0.xdc:54]
INFO: [Timing 38-2] Deriving generated clocks [/home/kokunev/data/git_root/dig/dig_board_blink/project_1/project_1.gen/sources_1/bd/design_1/ip/design_1_clk_wiz_0_0/design_1_clk_wiz_0_0.xdc:54]
Finished Parsing XDC File [/home/kokunev/data/git_root/dig/dig_board_blink/project_1/project_1.gen/sources_1/bd/design_1/ip/design_1_clk_wiz_0_0/design_1_clk_wiz_0_0.xdc] for cell 'design_1_i/clk_wiz_0/inst'
Parsing XDC File [/home/kokunev/data/git_root/dig/dig_board_blink/project_1/project_1.srcs/constrs_1/new/io.xdc]
Finished Parsing XDC File [/home/kokunev/data/git_root/dig/dig_board_blink/project_1/project_1.srcs/constrs_1/new/io.xdc]
INFO: [Project 1-1714] 25 XPM XDC files have been applied to the design.
INFO: [Opt 31-138] Pushed 0 inverter(s) to 0 load pin(s).
Netlist sorting complete. Time (s): cpu = 00:00:00 ; elapsed = 00:00:00 . Memory (MB): peak = 2522.145 ; gain = 0.000 ; free physical = 24599 ; free virtual = 49579
INFO: [Project 1-111] Unisim Transformation Summary:
  A total of 704 instances were transformed.
  RAM64M => RAM64M (RAMD64E(x4)): 704 instances

13 Infos, 0 Warnings, 0 Critical Warnings and 0 Errors encountered.
link_design completed successfully
link_design: Time (s): cpu = 00:00:08 ; elapsed = 00:00:08 . Memory (MB): peak = 2522.180 ; gain = 908.305 ; free physical = 24599 ; free virtual = 49579
Command: opt_design
Attempting to get a license for feature 'Implementation' and/or device 'xc7a100t'
INFO: [Common 17-349] Got license for feature 'Implementation' and/or device 'xc7a100t'
Running DRC as a precondition to command opt_design

Starting DRC Task
INFO: [DRC 23-27] Running DRC with 8 threads
INFO: [Project 1-461] DRC finished with 0 Errors
INFO: [Project 1-462] Please refer to the DRC report (report_drc) for more information.

Time (s): cpu = 00:00:00.78 ; elapsed = 00:00:00.42 . Memory (MB): peak = 2537.262 ; gain = 15.082 ; free physical = 24561 ; free virtual = 49543

Starting Cache Timing Information Task
INFO: [Timing 38-35] Done setting XDC timing constraints.
Ending Cache Timing Information Task | Checksum: 276dd7159

Time (s): cpu = 00:00:00.36 ; elapsed = 00:00:00.16 . Memory (MB): peak = 2537.262 ; gain = 0.000 ; free physical = 24559 ; free virtual = 49541

Starting Logic Optimization Task

Phase 1 Initialization

Phase 1.1 Core Generation And Design Setup

Phase 1.1.1 Generate And Synthesize Debug Cores
INFO: [Chipscope 16-329] Generating Script for core instance : dbg_hub 
INFO: [IP_Flow 19-3806] Processing IP xilinx.com:ip:xsdbm:3.0 for cell dbg_hub_CV.
INFO: [Chipscope 16-469] Using cached IP synthesis design for IP xilinx.com:ip:xsdbm:3.0, cache-ID = 04c369ef7fae2e47.
Done building netlist checker database: Time (s): cpu = 00:00:00 ; elapsed = 00:00:00 . Memory (MB): peak = 2905.762 ; gain = 0.000 ; free physical = 24171 ; free virtual = 49154
Netlist sorting complete. Time (s): cpu = 00:00:00.01 ; elapsed = 00:00:00.02 . Memory (MB): peak = 2905.762 ; gain = 0.000 ; free physical = 24171 ; free virtual = 49154
Phase 1.1.1 Generate And Synthesize Debug Cores | Checksum: 2895fa547

Time (s): cpu = 00:00:12 ; elapsed = 00:00:07 . Memory (MB): peak = 2905.762 ; gain = 35.688 ; free physical = 24171 ; free virtual = 49154
Phase 1.1 Core Generation And Design Setup | Checksum: 2895fa547

Time (s): cpu = 00:00:12 ; elapsed = 00:00:07 . Memory (MB): peak = 2905.762 ; gain = 35.688 ; free physical = 24171 ; free virtual = 49154

Phase 1.2 Setup Constraints And Sort Netlist
Phase 1.2 Setup Constraints And Sort Netlist | Checksum: 2895fa547

Time (s): cpu = 00:00:12 ; elapsed = 00:00:07 . Memory (MB): peak = 2905.762 ; gain = 35.688 ; free physical = 24171 ; free virtual = 49154
Phase 1 Initialization | Checksum: 2895fa547

Time (s): cpu = 00:00:12 ; elapsed = 00:00:07 . Memory (MB): peak = 2905.762 ; gain = 35.688 ; free physical = 24171 ; free virtual = 49154

Phase 2 Timer Update And Timing Data Collection

Phase 2.1 Detect if minReqCache needed
Phase 2.1 Detect if minReqCache needed | Checksum: 2895fa547

Time (s): cpu = 00:00:12 ; elapsed = 00:00:07 . Memory (MB): peak = 2905.762 ; gain = 35.688 ; free physical = 24163 ; free virtual = 49146

Phase 2.2 Timer Update
Phase 2.2 Timer Update | Checksum: 2895fa547

Time (s): cpu = 00:00:13 ; elapsed = 00:00:07 . Memory (MB): peak = 2905.762 ; gain = 35.688 ; free physical = 24163 ; free virtual = 49146

Phase 2.3 Timing Data Collection
Phase 2.3 Timing Data Collection | Checksum: 2895fa547

Time (s): cpu = 00:00:13 ; elapsed = 00:00:07 . Memory (MB): peak = 2905.762 ; gain = 35.688 ; free physical = 24163 ; free virtual = 49146
Phase 2 Timer Update And Timing Data Collection | Checksum: 2895fa547

Time (s): cpu = 00:00:13 ; elapsed = 00:00:07 . Memory (MB): peak = 2905.762 ; gain = 35.688 ; free physical = 24163 ; free virtual = 49146

Phase 3 Retarget
INFO: [Opt 31-1851] Number of loadless carry chains removed were: 0
INFO: [Opt 31-1834] Total Chains To Be Transformed Were: 0 AND Number of Transformed insts Created are: 0
INFO: [Opt 31-1566] Pulled 9 inverters resulting in an inversion of 26 pins
INFO: [Opt 31-138] Pushed 10 inverter(s) to 34 load pin(s).
INFO: [Opt 31-49] Retargeted 0 cell(s).
Phase 3 Retarget | Checksum: 2c30e452f

Time (s): cpu = 00:00:13 ; elapsed = 00:00:07 . Memory (MB): peak = 2905.762 ; gain = 35.688 ; free physical = 24163 ; free virtual = 49146
Retarget | Checksum: 2c30e452f
INFO: [Opt 31-389] Phase Retarget created 8 cells and removed 37 cells
INFO: [Opt 31-1021] In phase Retarget, 66 netlist objects are constrained preventing optimization. Please run opt_design with -debug_log to get more detail. 

Phase 4 Constant propagation
INFO: [Opt 31-138] Pushed 0 inverter(s) to 0 load pin(s).
Phase 4 Constant propagation | Checksum: 2c30e452f

Time (s): cpu = 00:00:13 ; elapsed = 00:00:07 . Memory (MB): peak = 2905.762 ; gain = 35.688 ; free physical = 24163 ; free virtual = 49146
Constant propagation | Checksum: 2c30e452f
INFO: [Opt 31-389] Phase Constant propagation created 0 cells and removed 0 cells
INFO: [Opt 31-1021] In phase Constant propagation, 66 netlist objects are constrained preventing optimization. Please run opt_design with -debug_log to get more detail. 

Phase 5 Sweep
INFO: [Constraints 18-11670] Building netlist checker database with flags, 0x8
Done building netlist checker database: Time (s): cpu = 00:00:00 ; elapsed = 00:00:00.01 . Memory (MB): peak = 2905.762 ; gain = 0.000 ; free physical = 24174 ; free virtual = 49157
INFO: [Constraints 18-11670] Building netlist checker database with flags, 0x8
Done building netlist checker database: Time (s): cpu = 00:00:00.01 ; elapsed = 00:00:00 . Memory (MB): peak = 2905.762 ; gain = 0.000 ; free physical = 24174 ; free virtual = 49157
Phase 5 Sweep | Checksum: 2bba63aa8

Time (s): cpu = 00:00:13 ; elapsed = 00:00:07 . Memory (MB): peak = 2905.762 ; gain = 35.688 ; free physical = 24174 ; free virtual = 49157
Sweep | Checksum: 2bba63aa8
INFO: [Opt 31-389] Phase Sweep created 0 cells and removed 76 cells
INFO: [Opt 31-1021] In phase Sweep, 936 netlist objects are constrained preventing optimization. Please run opt_design with -debug_log to get more detail. 

Phase 6 BUFG optimization
Phase 6 BUFG optimization | Checksum: 2bba63aa8

Time (s): cpu = 00:00:13 ; elapsed = 00:00:07 . Memory (MB): peak = 2937.777 ; gain = 67.703 ; free physical = 24174 ; free virtual = 49157
BUFG optimization | Checksum: 2bba63aa8
INFO: [Opt 31-662] Phase BUFG optimization created 0 cells of which 0 are BUFGs and removed 0 cells.

Phase 7 Shift Register Optimization
INFO: [Opt 31-1064] SRL Remap converted 0 SRLs to 0 registers and converted 0 registers of register chains to 0 SRLs
Phase 7 Shift Register Optimization | Checksum: 2bba63aa8

Time (s): cpu = 00:00:13 ; elapsed = 00:00:07 . Memory (MB): peak = 2937.777 ; gain = 67.703 ; free physical = 24174 ; free virtual = 49157
Shift Register Optimization | Checksum: 2bba63aa8
INFO: [Opt 31-389] Phase Shift Register Optimization created 0 cells and removed 0 cells

Phase 8 Post Processing Netlist
Phase 8 Post Processing Netlist | Checksum: 2bba63aa8

Time (s): cpu = 00:00:13 ; elapsed = 00:00:07 . Memory (MB): peak = 2937.777 ; gain = 67.703 ; free physical = 24174 ; free virtual = 49157
Post Processing Netlist | Checksum: 2bba63aa8
INFO: [Opt 31-389] Phase Post Processing Netlist created 0 cells and removed 0 cells
INFO: [Opt 31-1021] In phase Post Processing Netlist, 92 netlist objects are constrained preventing optimization. Please run opt_design with -debug_log to get more detail. 

Phase 9 Finalization

Phase 9.1 Finalizing Design Cores and Updating Shapes
Phase 9.1 Finalizing Design Cores and Updating Shapes | Checksum: 324ca29c0

Time (s): cpu = 00:00:13 ; elapsed = 00:00:07 . Memory (MB): peak = 2937.777 ; gain = 67.703 ; free physical = 24174 ; free virtual = 49157

Phase 9.2 Verifying Netlist Connectivity

Starting Connectivity Check Task

Time (s): cpu = 00:00:00.02 ; elapsed = 00:00:00.01 . Memory (MB): peak = 2937.777 ; gain = 0.000 ; free physical = 24174 ; free virtual = 49157
Phase 9.2 Verifying Netlist Connectivity | Checksum: 324ca29c0

Time (s): cpu = 00:00:13 ; elapsed = 00:00:07 . Memory (MB): peak = 2937.777 ; gain = 67.703 ; free physical = 24174 ; free virtual = 49157
Phase 9 Finalization | Checksum: 324ca29c0

Time (s): cpu = 00:00:13 ; elapsed = 00:00:07 . Memory (MB): peak = 2937.777 ; gain = 67.703 ; free physical = 24174 ; free virtual = 49157
Opt_design Change Summary
=========================


-------------------------------------------------------------------------------------------------------------------------
|  Phase                        |  #Cells created  |  #Cells Removed  |  #Constrained objects preventing optimizations  |
-------------------------------------------------------------------------------------------------------------------------
|  Retarget                     |               8  |              37  |                                             66  |
|  Constant propagation         |               0  |               0  |                                             66  |
|  Sweep                        |               0  |              76  |                                            936  |
|  BUFG optimization            |               0  |               0  |                                              0  |
|  Shift Register Optimization  |               0  |               0  |                                              0  |
|  Post Processing Netlist      |               0  |               0  |                                             92  |
-------------------------------------------------------------------------------------------------------------------------


Ending Logic Optimization Task | Checksum: 324ca29c0

Time (s): cpu = 00:00:13 ; elapsed = 00:00:07 . Memory (MB): peak = 2937.777 ; gain = 67.703 ; free physical = 24174 ; free virtual = 49157

Starting Power Optimization Task
INFO: [Pwropt 34-132] Skipping clock gating for clocks with a period < 2.00 ns.
INFO: [Pwropt 34-9] Applying IDT optimizations ...
INFO: [Pwropt 34-10] Applying ODC optimizations ...
INFO: [Timing 38-35] Done setting XDC timing constraints.
Running Vector-less Activity Propagation...

Finished Running Vector-less Activity Propagation


Starting PowerOpt Patch Enables Task
INFO: [Pwropt 34-162] WRITE_MODE attribute of 4 BRAM(s) out of a total of 6 has been updated to save power. Run report_power_opt to get a complete listing of the BRAMs updated.
INFO: [Timing 38-35] Done setting XDC timing constraints.
INFO: [Pwropt 34-201] Structural ODC has moved 4 WE to EN ports
Number of BRAM Ports augmented: 8 newly gated: 4 Total Ports: 12
Number of Flops added for Enable Generation: 4

Ending PowerOpt Patch Enables Task | Checksum: 359f32744

Time (s): cpu = 00:00:00.43 ; elapsed = 00:00:00.21 . Memory (MB): peak = 3105.828 ; gain = 0.000 ; free physical = 24395 ; free virtual = 49378
Ending Power Optimization Task | Checksum: 359f32744

Time (s): cpu = 00:00:03 ; elapsed = 00:00:01 . Memory (MB): peak = 3105.828 ; gain = 168.051 ; free physical = 24395 ; free virtual = 49378

Starting Final Cleanup Task

Starting Logic Optimization Task
INFO: [Timing 38-35] Done setting XDC timing constraints.
Ending Logic Optimization Task | Checksum: 295fe9bb4

Time (s): cpu = 00:00:00.95 ; elapsed = 00:00:00.38 . Memory (MB): peak = 3105.828 ; gain = 0.000 ; free physical = 24165 ; free virtual = 49148
Ending Final Cleanup Task | Checksum: 295fe9bb4

Time (s): cpu = 00:00:03 ; elapsed = 00:00:02 . Memory (MB): peak = 3105.828 ; gain = 0.000 ; free physical = 24165 ; free virtual = 49148
Parsing XDC File [/home/kokunev/data/git_root/dig/dig_board_blink/project_1/project_1.gen/sources_1/bd/design_1/ip/design_1_jtag_axi_0_0/constraints/design_1_jtag_axi_0_0_impl.xdc] from IP /home/kokunev/data/git_root/dig/dig_board_blink/project_1/project_1.srcs/sources_1/bd/design_1/ip/design_1_jtag_axi_0_0/design_1_jtag_axi_0_0.xci
Parsing XDC File [/home/kokunev/data/git_root/dig/dig_board_blink/project_1/project_1.gen/sources_1/bd/design_1/ip/design_1_jtag_axi_0_0/constraints/design_1_jtag_axi_0_0_impl.xdc] for cell 'design_1_i/jtag_axi_0/inst'
INFO: [Timing 38-35] Done setting XDC timing constraints. [/home/kokunev/data/git_root/dig/dig_board_blink/project_1/project_1.gen/sources_1/bd/design_1/ip/design_1_jtag_axi_0_0/constraints/design_1_jtag_axi_0_0_impl.xdc:69]
Finished Parsing XDC File [/home/kokunev/data/git_root/dig/dig_board_blink/project_1/project_1.gen/sources_1/bd/design_1/ip/design_1_jtag_axi_0_0/constraints/design_1_jtag_axi_0_0_impl.xdc] for cell 'design_1_i/jtag_axi_0/inst'
Netlist sorting complete. Time (s): cpu = 00:00:00.01 ; elapsed = 00:00:00 . Memory (MB): peak = 3105.828 ; gain = 0.000 ; free physical = 24165 ; free virtual = 49148
INFO: [Common 17-83] Releasing license: Implementation
54 Infos, 0 Warnings, 0 Critical Warnings and 0 Errors encountered.
opt_design completed successfully
opt_design: Time (s): cpu = 00:00:22 ; elapsed = 00:00:13 . Memory (MB): peak = 3105.828 ; gain = 583.648 ; free physical = 24165 ; free virtual = 49148
INFO: [Vivado 12-24828] Executing command : report_drc -file design_1_wrapper_drc_opted.rpt -pb design_1_wrapper_drc_opted.pb -rpx design_1_wrapper_drc_opted.rpx
Command: report_drc -file design_1_wrapper_drc_opted.rpt -pb design_1_wrapper_drc_opted.pb -rpx design_1_wrapper_drc_opted.rpx
INFO: [IP_Flow 19-1839] IP Catalog is up to date.
INFO: [DRC 23-27] Running DRC with 8 threads
INFO: [Vivado_Tcl 2-168] The results of DRC are in file /home/kokunev/data/git_root/dig/dig_board_blink/project_1/project_1.runs/impl_1/design_1_wrapper_drc_opted.rpt.
report_drc completed successfully
INFO: [Timing 38-480] Writing timing data to binary archive.
Wrote PlaceDB: Time (s): cpu = 00:00:00 ; elapsed = 00:00:00 . Memory (MB): peak = 3105.828 ; gain = 0.000 ; free physical = 24178 ; free virtual = 49162
Wrote PulsedLatchDB: Time (s): cpu = 00:00:00 ; elapsed = 00:00:00 . Memory (MB): peak = 3105.828 ; gain = 0.000 ; free physical = 24178 ; free virtual = 49162
Writing XDEF routing.
Writing XDEF routing logical nets.
Write ShapeDB Complete: Time (s): cpu = 00:00:00.05 ; elapsed = 00:00:00.01 . Memory (MB): peak = 3105.828 ; gain = 0.000 ; free physical = 24178 ; free virtual = 49162
Writing XDEF routing special nets.
Wrote RouteStorage: Time (s): cpu = 00:00:00.06 ; elapsed = 00:00:00.01 . Memory (MB): peak = 3105.828 ; gain = 0.000 ; free physical = 24178 ; free virtual = 49162
Wrote PlaceStorage: Time (s): cpu = 00:00:00 ; elapsed = 00:00:00 . Memory (MB): peak = 3105.828 ; gain = 0.000 ; free physical = 24178 ; free virtual = 49162
Wrote Netlist Cache: Time (s): cpu = 00:00:00 ; elapsed = 00:00:00 . Memory (MB): peak = 3105.828 ; gain = 0.000 ; free physical = 24178 ; free virtual = 49162
Wrote Device Cache: Time (s): cpu = 00:00:00.01 ; elapsed = 00:00:00.01 . Memory (MB): peak = 3105.828 ; gain = 0.000 ; free physical = 24178 ; free virtual = 49163
Write Physdb Complete: Time (s): cpu = 00:00:00.07 ; elapsed = 00:00:00.02 . Memory (MB): peak = 3105.828 ; gain = 0.000 ; free physical = 24178 ; free virtual = 49163
INFO: [Common 17-1381] The checkpoint '/home/kokunev/data/git_root/dig/dig_board_blink/project_1/project_1.runs/impl_1/design_1_wrapper_opt.dcp' has been generated.
INFO: [Chipscope 16-240] Debug cores have already been implemented
Command: place_design
Attempting to get a license for feature 'Implementation' and/or device 'xc7a100t'
INFO: [Common 17-349] Got license for feature 'Implementation' and/or device 'xc7a100t'
INFO: [Common 17-83] Releasing license: Implementation
INFO: [DRC 23-27] Running DRC with 8 threads
INFO: [Vivado_Tcl 4-198] DRC finished with 0 Errors
INFO: [Vivado_Tcl 4-199] Please refer to the DRC report (report_drc) for more information.
Running DRC as a precondition to command place_design
INFO: [DRC 23-27] Running DRC with 8 threads
INFO: [Vivado_Tcl 4-198] DRC finished with 0 Errors
INFO: [Vivado_Tcl 4-199] Please refer to the DRC report (report_drc) for more information.
INFO: [Place 30-611] Multithreading enabled for place_design using a maximum of 8 CPUs

Starting Placer Task

Phase 1 Placer Initialization

Phase 1.1 Placer Initialization Netlist Sorting
Netlist sorting complete. Time (s): cpu = 00:00:00 ; elapsed = 00:00:00 . Memory (MB): peak = 3116.898 ; gain = 0.000 ; free physical = 24152 ; free virtual = 49138
Phase 1.1 Placer Initialization Netlist Sorting | Checksum: 2566f6dbf

Time (s): cpu = 00:00:00.01 ; elapsed = 00:00:00 . Memory (MB): peak = 3116.898 ; gain = 0.000 ; free physical = 24152 ; free virtual = 49138
Netlist sorting complete. Time (s): cpu = 00:00:00 ; elapsed = 00:00:00 . Memory (MB): peak = 3116.898 ; gain = 0.000 ; free physical = 24152 ; free virtual = 49138

Phase 1.2 IO Placement/ Clock Placement/ Build Placer Device
Phase 1.2 IO Placement/ Clock Placement/ Build Placer Device | Checksum: 24e7c4ac6

Time (s): cpu = 00:00:00.83 ; elapsed = 00:00:00.25 . Memory (MB): peak = 3116.898 ; gain = 0.000 ; free physical = 24162 ; free virtual = 49147

Phase 1.3 Build Placer Netlist Model
Phase 1.3 Build Placer Netlist Model | Checksum: 2aeb2c183

Time (s): cpu = 00:00:04 ; elapsed = 00:00:02 . Memory (MB): peak = 3116.898 ; gain = 0.000 ; free physical = 24193 ; free virtual = 49178

Phase 1.4 Constrain Clocks/Macros
Phase 1.4 Constrain Clocks/Macros | Checksum: 2aeb2c183

Time (s): cpu = 00:00:04 ; elapsed = 00:00:02 . Memory (MB): peak = 3116.898 ; gain = 0.000 ; free physical = 24193 ; free virtual = 49178
Phase 1 Placer Initialization | Checksum: 2aeb2c183

Time (s): cpu = 00:00:04 ; elapsed = 00:00:02 . Memory (MB): peak = 3116.898 ; gain = 0.000 ; free physical = 24193 ; free virtual = 49178

Phase 2 Global Placement

Phase 2.1 Floorplanning
Phase 2.1 Floorplanning | Checksum: 2a4624ea9

Time (s): cpu = 00:00:05 ; elapsed = 00:00:02 . Memory (MB): peak = 3116.898 ; gain = 0.000 ; free physical = 24208 ; free virtual = 49194

Phase 2.2 Update Timing before SLR Path Opt
Phase 2.2 Update Timing before SLR Path Opt | Checksum: 282b13b3d

Time (s): cpu = 00:00:06 ; elapsed = 00:00:02 . Memory (MB): peak = 3116.898 ; gain = 0.000 ; free physical = 24228 ; free virtual = 49214

Phase 2.3 Post-Processing in Floorplanning
Phase 2.3 Post-Processing in Floorplanning | Checksum: 282b13b3d

Time (s): cpu = 00:00:06 ; elapsed = 00:00:02 . Memory (MB): peak = 3116.898 ; gain = 0.000 ; free physical = 24227 ; free virtual = 49213

Phase 2.4 Global Place Phase1
Phase 2.4 Global Place Phase1 | Checksum: 266ebef76

Time (s): cpu = 00:00:19 ; elapsed = 00:00:05 . Memory (MB): peak = 3116.898 ; gain = 0.000 ; free physical = 23961 ; free virtual = 48949

Phase 2.5 Global Place Phase2

Phase 2.5.1 UpdateTiming Before Physical Synthesis
Phase 2.5.1 UpdateTiming Before Physical Synthesis | Checksum: 266ebef76

Time (s): cpu = 00:00:20 ; elapsed = 00:00:05 . Memory (MB): peak = 3116.898 ; gain = 0.000 ; free physical = 23953 ; free virtual = 48941

Phase 2.5.2 Physical Synthesis In Placer
INFO: [Physopt 32-1035] Found 0 LUTNM shape to break, 195 LUT instances to create LUTNM shape
INFO: [Physopt 32-1044] Break lutnm for timing: one critical 0, two critical 0, total 0, new lutff created 0
INFO: [Physopt 32-1138] End 1 Pass. Optimized 86 nets or LUTs. Breaked 0 LUT, combined 86 existing LUTs and moved 0 existing LUT
INFO: [Physopt 32-65] No nets found for high-fanout optimization.
INFO: [Physopt 32-232] Optimized 0 net. Created 0 new instance.
INFO: [Physopt 32-775] End 1 Pass. Optimized 0 net or cell. Created 0 new cell, deleted 0 existing cell and moved 0 existing cell
INFO: [Physopt 32-670] No setup violation found.  DSP Register Optimization was not performed.
INFO: [Physopt 32-670] No setup violation found.  Shift Register to Pipeline Optimization was not performed.
INFO: [Physopt 32-670] No setup violation found.  Shift Register Optimization was not performed.
INFO: [Physopt 32-670] No setup violation found.  BRAM Register Optimization was not performed.
INFO: [Physopt 32-670] No setup violation found.  URAM Register Optimization was not performed.
INFO: [Physopt 32-949] No candidate nets found for dynamic/static region interface net replication
INFO: [Physopt 32-775] End 1 Pass. Optimized 0 net or cell. Created 0 new cell, deleted 0 existing cell and moved 0 existing cell
Netlist sorting complete. Time (s): cpu = 00:00:00 ; elapsed = 00:00:00 . Memory (MB): peak = 3116.898 ; gain = 0.000 ; free physical = 23954 ; free virtual = 48942

Summary of Physical Synthesis Optimizations
============================================


-----------------------------------------------------------------------------------------------------------------------------------------------------------
|  Optimization                                     |  Added Cells  |  Removed Cells  |  Optimized Cells/Nets  |  Dont Touch  |  Iterations  |  Elapsed   |
-----------------------------------------------------------------------------------------------------------------------------------------------------------
|  LUT Combining                                    |            0  |             86  |                    86  |           0  |           1  |  00:00:00  |
|  Retime                                           |            0  |              0  |                     0  |           0  |           1  |  00:00:00  |
|  Very High Fanout                                 |            0  |              0  |                     0  |           0  |           1  |  00:00:00  |
|  DSP Register                                     |            0  |              0  |                     0  |           0  |           0  |  00:00:00  |
|  Shift Register to Pipeline                       |            0  |              0  |                     0  |           0  |           0  |  00:00:00  |
|  Shift Register                                   |            0  |              0  |                     0  |           0  |           0  |  00:00:00  |
|  BRAM Register                                    |            0  |              0  |                     0  |           0  |           0  |  00:00:00  |
|  URAM Register                                    |            0  |              0  |                     0  |           0  |           0  |  00:00:00  |
|  Dynamic/Static Region Interface Net Replication  |            0  |              0  |                     0  |           0  |           1  |  00:00:00  |
|  Total                                            |            0  |             86  |                    86  |           0  |           4  |  00:00:00  |
-----------------------------------------------------------------------------------------------------------------------------------------------------------


Phase 2.5.2 Physical Synthesis In Placer | Checksum: 171a1d511

Time (s): cpu = 00:00:21 ; elapsed = 00:00:06 . Memory (MB): peak = 3116.898 ; gain = 0.000 ; free physical = 23954 ; free virtual = 48940
Phase 2.5 Global Place Phase2 | Checksum: 1f26eb831

Time (s): cpu = 00:00:22 ; elapsed = 00:00:06 . Memory (MB): peak = 3116.898 ; gain = 0.000 ; free physical = 23955 ; free virtual = 48941
Phase 2 Global Placement | Checksum: 1f26eb831

Time (s): cpu = 00:00:22 ; elapsed = 00:00:06 . Memory (MB): peak = 3116.898 ; gain = 0.000 ; free physical = 23955 ; free virtual = 48941

Phase 3 Detail Placement

Phase 3.1 Commit Multi Column Macros
Phase 3.1 Commit Multi Column Macros | Checksum: 169b3d228

Time (s): cpu = 00:00:23 ; elapsed = 00:00:06 . Memory (MB): peak = 3116.898 ; gain = 0.000 ; free physical = 23950 ; free virtual = 48936

Phase 3.2 Commit Most Macros & LUTRAMs
Phase 3.2 Commit Most Macros & LUTRAMs | Checksum: 1a94942be

Time (s): cpu = 00:00:26 ; elapsed = 00:00:07 . Memory (MB): peak = 3116.898 ; gain = 0.000 ; free physical = 23936 ; free virtual = 48922

Phase 3.3 Area Swap Optimization
Phase 3.3 Area Swap Optimization | Checksum: 1866d8581

Time (s): cpu = 00:00:27 ; elapsed = 00:00:07 . Memory (MB): peak = 3116.898 ; gain = 0.000 ; free physical = 23936 ; free virtual = 48922

Phase 3.4 Pipeline Register Optimization
Phase 3.4 Pipeline Register Optimization | Checksum: 24dc75eb9

Time (s): cpu = 00:00:27 ; elapsed = 00:00:07 . Memory (MB): peak = 3116.898 ; gain = 0.000 ; free physical = 23936 ; free virtual = 48922

Phase 3.5 Small Shape Detail Placement
Phase 3.5 Small Shape Detail Placement | Checksum: 1be54e7f5

Time (s): cpu = 00:00:29 ; elapsed = 00:00:08 . Memory (MB): peak = 3116.898 ; gain = 0.000 ; free physical = 23933 ; free virtual = 48919

Phase 3.6 Re-assign LUT pins
Phase 3.6 Re-assign LUT pins | Checksum: 207022aa1

Time (s): cpu = 00:00:29 ; elapsed = 00:00:08 . Memory (MB): peak = 3116.898 ; gain = 0.000 ; free physical = 23933 ; free virtual = 48919

Phase 3.7 Pipeline Register Optimization
Phase 3.7 Pipeline Register Optimization | Checksum: 2350f0b48

Time (s): cpu = 00:00:29 ; elapsed = 00:00:08 . Memory (MB): peak = 3116.898 ; gain = 0.000 ; free physical = 23933 ; free virtual = 48919
Phase 3 Detail Placement | Checksum: 2350f0b48

Time (s): cpu = 00:00:29 ; elapsed = 00:00:08 . Memory (MB): peak = 3116.898 ; gain = 0.000 ; free physical = 23933 ; free virtual = 48919

Phase 4 Post Placement Optimization and Clean-Up

Phase 4.1 Post Commit Optimization
INFO: [Timing 38-35] Done setting XDC timing constraints.

Phase 4.1.1 Post Placement Optimization
Post Placement Optimization Initialization | Checksum: 1b16880cb

Phase 4.1.1.1 BUFG Insertion

Starting Physical Synthesis Task

Phase 1 Physical Synthesis Initialization
INFO: [Physopt 32-721] Multithreading enabled for phys_opt_design using a maximum of 8 CPUs
INFO: [Physopt 32-619] Estimated Timing Summary | WNS=2.373 | TNS=0.000 |
Phase 1 Physical Synthesis Initialization | Checksum: ec7ee98f

Time (s): cpu = 00:00:00.37 ; elapsed = 00:00:00.08 . Memory (MB): peak = 3116.898 ; gain = 0.000 ; free physical = 23945 ; free virtual = 48931
INFO: [Place 46-56] BUFG insertion identified 0 candidate nets. Inserted BUFG: 0, Replicated BUFG Driver: 0, Skipped due to Placement/Routing Conflicts: 0, Skipped due to Timing Degradation: 0, Skipped due to netlist editing failed: 0.
Ending Physical Synthesis Task | Checksum: 1c8fb031d

Time (s): cpu = 00:00:00.4 ; elapsed = 00:00:00.1 . Memory (MB): peak = 3116.898 ; gain = 0.000 ; free physical = 23945 ; free virtual = 48931
Phase 4.1.1.1 BUFG Insertion | Checksum: 1b16880cb

Time (s): cpu = 00:00:32 ; elapsed = 00:00:10 . Memory (MB): peak = 3116.898 ; gain = 0.000 ; free physical = 23945 ; free virtual = 48931

Phase 4.1.1.2 Post Placement Timing Optimization
INFO: [Place 30-746] Post Placement Timing Summary WNS=2.373. For the most accurate timing information please run report_timing.
Phase 4.1.1.2 Post Placement Timing Optimization | Checksum: 190642f60

Time (s): cpu = 00:00:32 ; elapsed = 00:00:10 . Memory (MB): peak = 3116.898 ; gain = 0.000 ; free physical = 23946 ; free virtual = 48932

Time (s): cpu = 00:00:32 ; elapsed = 00:00:10 . Memory (MB): peak = 3116.898 ; gain = 0.000 ; free physical = 23946 ; free virtual = 48932
Phase 4.1 Post Commit Optimization | Checksum: 190642f60

Time (s): cpu = 00:00:32 ; elapsed = 00:00:10 . Memory (MB): peak = 3116.898 ; gain = 0.000 ; free physical = 23946 ; free virtual = 48932

Phase 4.2 Post Placement Cleanup
Phase 4.2 Post Placement Cleanup | Checksum: 190642f60

Time (s): cpu = 00:00:33 ; elapsed = 00:00:10 . Memory (MB): peak = 3116.898 ; gain = 0.000 ; free physical = 23946 ; free virtual = 48932

Phase 4.3 Placer Reporting

Phase 4.3.1 Print Estimated Congestion
INFO: [Place 30-612] Post-Placement Estimated Congestion 
 ____________________________________________________
|           | Global Congestion | Short Congestion  |
| Direction | Region Size       | Region Size       |
|___________|___________________|___________________|
|      North|                1x1|                2x2|
|___________|___________________|___________________|
|      South|                1x1|                1x1|
|___________|___________________|___________________|
|       East|                1x1|                1x1|
|___________|___________________|___________________|
|       West|                1x1|                1x1|
|___________|___________________|___________________|

Phase 4.3.1 Print Estimated Congestion | Checksum: 190642f60

Time (s): cpu = 00:00:33 ; elapsed = 00:00:10 . Memory (MB): peak = 3116.898 ; gain = 0.000 ; free physical = 23946 ; free virtual = 48932
Phase 4.3 Placer Reporting | Checksum: 190642f60

Time (s): cpu = 00:00:33 ; elapsed = 00:00:10 . Memory (MB): peak = 3116.898 ; gain = 0.000 ; free physical = 23946 ; free virtual = 48932

Phase 4.4 Final Placement Cleanup
Netlist sorting complete. Time (s): cpu = 00:00:00 ; elapsed = 00:00:00 . Memory (MB): peak = 3116.898 ; gain = 0.000 ; free physical = 23946 ; free virtual = 48932

Time (s): cpu = 00:00:33 ; elapsed = 00:00:10 . Memory (MB): peak = 3116.898 ; gain = 0.000 ; free physical = 23946 ; free virtual = 48932
Phase 4 Post Placement Optimization and Clean-Up | Checksum: 1bd8d396a

Time (s): cpu = 00:00:33 ; elapsed = 00:00:10 . Memory (MB): peak = 3116.898 ; gain = 0.000 ; free physical = 23946 ; free virtual = 48932
Ending Placer Task | Checksum: 1b694df32

Time (s): cpu = 00:00:33 ; elapsed = 00:00:10 . Memory (MB): peak = 3116.898 ; gain = 0.000 ; free physical = 23946 ; free virtual = 48932
89 Infos, 0 Warnings, 0 Critical Warnings and 0 Errors encountered.
place_design completed successfully
place_design: Time (s): cpu = 00:00:35 ; elapsed = 00:00:11 . Memory (MB): peak = 3116.898 ; gain = 11.070 ; free physical = 23946 ; free virtual = 48932
INFO: [Vivado 12-24838] Running report commands "report_control_sets, report_io, report_utilization" in parallel.
Running report generation with 3 threads.
INFO: [Vivado 12-24828] Executing command : report_control_sets -verbose -file design_1_wrapper_control_sets_placed.rpt
report_control_sets: Time (s): cpu = 00:00:00.15 ; elapsed = 00:00:00.08 . Memory (MB): peak = 3116.898 ; gain = 0.000 ; free physical = 23934 ; free virtual = 48920
INFO: [Vivado 12-24828] Executing command : report_io -file design_1_wrapper_io_placed.rpt
report_io: Time (s): cpu = 00:00:00.19 ; elapsed = 00:00:00.15 . Memory (MB): peak = 3116.898 ; gain = 0.000 ; free physical = 23919 ; free virtual = 48905
INFO: [Vivado 12-24828] Executing command : report_utilization -file design_1_wrapper_utilization_placed.rpt -pb design_1_wrapper_utilization_placed.pb
INFO: [Timing 38-480] Writing timing data to binary archive.
Wrote PlaceDB: Time (s): cpu = 00:00:00 ; elapsed = 00:00:00.01 . Memory (MB): peak = 3116.898 ; gain = 0.000 ; free physical = 23925 ; free virtual = 48911
Wrote PulsedLatchDB: Time (s): cpu = 00:00:00 ; elapsed = 00:00:00 . Memory (MB): peak = 3116.898 ; gain = 0.000 ; free physical = 23925 ; free virtual = 48911
Writing XDEF routing.
Writing XDEF routing logical nets.
Writing XDEF routing special nets.
Wrote RouteStorage: Time (s): cpu = 00:00:00.07 ; elapsed = 00:00:00.01 . Memory (MB): peak = 3116.898 ; gain = 0.000 ; free physical = 23924 ; free virtual = 48911
Write ShapeDB Complete: Time (s): cpu = 00:00:00.08 ; elapsed = 00:00:00.02 . Memory (MB): peak = 3116.898 ; gain = 0.000 ; free physical = 23924 ; free virtual = 48912
Wrote PlaceStorage: Time (s): cpu = 00:00:00.56 ; elapsed = 00:00:00.18 . Memory (MB): peak = 3116.898 ; gain = 0.000 ; free physical = 23938 ; free virtual = 48934
Wrote Netlist Cache: Time (s): cpu = 00:00:00.01 ; elapsed = 00:00:00 . Memory (MB): peak = 3116.898 ; gain = 0.000 ; free physical = 23938 ; free virtual = 48935
Wrote Device Cache: Time (s): cpu = 00:00:00.01 ; elapsed = 00:00:00.01 . Memory (MB): peak = 3116.898 ; gain = 0.000 ; free physical = 23938 ; free virtual = 48935
Write Physdb Complete: Time (s): cpu = 00:00:00.65 ; elapsed = 00:00:00.21 . Memory (MB): peak = 3116.898 ; gain = 0.000 ; free physical = 23938 ; free virtual = 48935
INFO: [Common 17-1381] The checkpoint '/home/kokunev/data/git_root/dig/dig_board_blink/project_1/project_1.runs/impl_1/design_1_wrapper_placed.dcp' has been generated.
Command: phys_opt_design
Attempting to get a license for feature 'Implementation' and/or device 'xc7a100t'
INFO: [Common 17-349] Got license for feature 'Implementation' and/or device 'xc7a100t'

Starting Initial Update Timing Task

Time (s): cpu = 00:00:02 ; elapsed = 00:00:00.82 . Memory (MB): peak = 3116.898 ; gain = 0.000 ; free physical = 23961 ; free virtual = 48951
INFO: [Vivado_Tcl 4-2279] Estimated Timing Summary | WNS= 2.373 | TNS= 0.000 | 
INFO: [Vivado_Tcl 4-383] Design worst setup slack (WNS) is greater than or equal to 0.000 ns. All physical synthesis setup optimizations will be skipped.
INFO: [Vivado_Tcl 4-232] No setup violation found. The netlist was not modified.
INFO: [Common 17-83] Releasing license: Implementation
100 Infos, 0 Warnings, 0 Critical Warnings and 0 Errors encountered.
phys_opt_design completed successfully
INFO: [Timing 38-480] Writing timing data to binary archive.
Wrote PlaceDB: Time (s): cpu = 00:00:00 ; elapsed = 00:00:00 . Memory (MB): peak = 3116.898 ; gain = 0.000 ; free physical = 23961 ; free virtual = 48951
Wrote PulsedLatchDB: Time (s): cpu = 00:00:00 ; elapsed = 00:00:00 . Memory (MB): peak = 3116.898 ; gain = 0.000 ; free physical = 23961 ; free virtual = 48951
Writing XDEF routing.
Writing XDEF routing logical nets.
Writing XDEF routing special nets.
Wrote RouteStorage: Time (s): cpu = 00:00:00.06 ; elapsed = 00:00:00.01 . Memory (MB): peak = 3116.898 ; gain = 0.000 ; free physical = 23959 ; free virtual = 48950
Write ShapeDB Complete: Time (s): cpu = 00:00:00.06 ; elapsed = 00:00:00.02 . Memory (MB): peak = 3116.898 ; gain = 0.000 ; free physical = 23959 ; free virtual = 48950
Wrote PlaceStorage: Time (s): cpu = 00:00:00.56 ; elapsed = 00:00:00.17 . Memory (MB): peak = 3116.898 ; gain = 0.000 ; free physical = 23959 ; free virtual = 48958
Wrote Netlist Cache: Time (s): cpu = 00:00:00 ; elapsed = 00:00:00 . Memory (MB): peak = 3116.898 ; gain = 0.000 ; free physical = 23959 ; free virtual = 48958
Wrote Device Cache: Time (s): cpu = 00:00:00.01 ; elapsed = 00:00:00.01 . Memory (MB): peak = 3116.898 ; gain = 0.000 ; free physical = 23959 ; free virtual = 48959
Write Physdb Complete: Time (s): cpu = 00:00:00.63 ; elapsed = 00:00:00.19 . Memory (MB): peak = 3116.898 ; gain = 0.000 ; free physical = 23959 ; free virtual = 48959
INFO: [Common 17-1381] The checkpoint '/home/kokunev/data/git_root/dig/dig_board_blink/project_1/project_1.runs/impl_1/design_1_wrapper_physopt.dcp' has been generated.
Command: route_design
Attempting to get a license for feature 'Implementation' and/or device 'xc7a100t'
INFO: [Common 17-349] Got license for feature 'Implementation' and/or device 'xc7a100t'


Starting Routing Task
INFO: [Route 35-254] Multithreading enabled for route_design using a maximum of 8 CPUs

Phase 1 Build RT Design
Checksum: PlaceDB: 52a6659b ConstDB: 0 ShapeSum: b21c1a01 RouteDB: b1d25f96
Post Restoration Checksum: NetGraph: b9c0cb4 | NumContArr: 16ab8a1c | Constraints: c2a8fa9d | Timing: c2a8fa9d
Phase 1 Build RT Design | Checksum: 1a7998c0a

Time (s): cpu = 00:00:20 ; elapsed = 00:00:15 . Memory (MB): peak = 3116.898 ; gain = 0.000 ; free physical = 24202 ; free virtual = 49223

Phase 2 Router Initialization

Phase 2.1 Fix Topology Constraints
Phase 2.1 Fix Topology Constraints | Checksum: 1a7998c0a

Time (s): cpu = 00:00:20 ; elapsed = 00:00:15 . Memory (MB): peak = 3116.898 ; gain = 0.000 ; free physical = 24202 ; free virtual = 49223

Phase 2.2 Pre Route Cleanup
Phase 2.2 Pre Route Cleanup | Checksum: 1a7998c0a

Time (s): cpu = 00:00:20 ; elapsed = 00:00:15 . Memory (MB): peak = 3116.898 ; gain = 0.000 ; free physical = 24202 ; free virtual = 49223
 Number of Nodes with overlaps = 0

Phase 2.3 Update Timing
Phase 2.3 Update Timing | Checksum: 1e5905be6

Time (s): cpu = 00:00:25 ; elapsed = 00:00:16 . Memory (MB): peak = 3116.898 ; gain = 0.000 ; free physical = 24326 ; free virtual = 49346
INFO: [Route 35-416] Intermediate Timing Summary | WNS=2.551  | TNS=0.000  | WHS=-0.376 | THS=-1308.935|


Phase 2.4 Update Timing for Bus Skew

Phase 2.4.1 Update Timing
Phase 2.4.1 Update Timing | Checksum: 197e939ea

Time (s): cpu = 00:00:27 ; elapsed = 00:00:17 . Memory (MB): peak = 3116.898 ; gain = 0.000 ; free physical = 24328 ; free virtual = 49348
INFO: [Route 35-416] Intermediate Timing Summary | WNS=2.551  | TNS=0.000  | WHS=-0.289 | THS=-8.180 |

Phase 2.4 Update Timing for Bus Skew | Checksum: 1de0e16c4

Time (s): cpu = 00:00:27 ; elapsed = 00:00:17 . Memory (MB): peak = 3116.898 ; gain = 0.000 ; free physical = 24329 ; free virtual = 49349

Phase 2.5 Soft Constraint Pins - Fast Budgeting
Phase 2.5 Soft Constraint Pins - Fast Budgeting | Checksum: 1de0e16c4

Time (s): cpu = 00:00:28 ; elapsed = 00:00:17 . Memory (MB): peak = 3116.898 ; gain = 0.000 ; free physical = 24329 ; free virtual = 49349

Router Utilization Summary
  Global Vertical Routing Utilization    = 0 %
  Global Horizontal Routing Utilization  = 0 %
  Routable Net Status*
  *Does not include unroutable nets such as driverless and loadless.
  Run report_route_status for detailed report.
  Number of Failed Nets               = 6437
    (Failed Nets is the sum of unrouted and partially routed nets)
  Number of Unrouted Nets             = 6437
  Number of Partially Routed Nets     = 0
  Number of Node Overlaps             = 0

Phase 2 Router Initialization | Checksum: 1c63da133

Time (s): cpu = 00:00:28 ; elapsed = 00:00:17 . Memory (MB): peak = 3116.898 ; gain = 0.000 ; free physical = 24325 ; free virtual = 49346

Phase 3 Global Routing
Phase 3 Global Routing | Checksum: 1c63da133

Time (s): cpu = 00:00:28 ; elapsed = 00:00:17 . Memory (MB): peak = 3116.898 ; gain = 0.000 ; free physical = 24325 ; free virtual = 49346

Phase 4 Initial Routing

Phase 4.1 Initial Net Routing Pass
Phase 4.1 Initial Net Routing Pass | Checksum: 2f2e16e88

Time (s): cpu = 00:00:30 ; elapsed = 00:00:18 . Memory (MB): peak = 3116.898 ; gain = 0.000 ; free physical = 24332 ; free virtual = 49353
Phase 4 Initial Routing | Checksum: 2f2e16e88

Time (s): cpu = 00:00:30 ; elapsed = 00:00:18 . Memory (MB): peak = 3116.898 ; gain = 0.000 ; free physical = 24332 ; free virtual = 49353

Phase 5 Rip-up And Reroute

Phase 5.1 Global Iteration 0
 Number of Nodes with overlaps = 498
 Number of Nodes with overlaps = 22
 Number of Nodes with overlaps = 1
 Number of Nodes with overlaps = 1
 Number of Nodes with overlaps = 0
INFO: [Route 35-416] Intermediate Timing Summary | WNS=2.831  | TNS=0.000  | WHS=N/A    | THS=N/A    |

Phase 5.1 Global Iteration 0 | Checksum: 229846345

Time (s): cpu = 00:00:35 ; elapsed = 00:00:20 . Memory (MB): peak = 3116.898 ; gain = 0.000 ; free physical = 24306 ; free virtual = 49326
Phase 5 Rip-up And Reroute | Checksum: 229846345

Time (s): cpu = 00:00:35 ; elapsed = 00:00:20 . Memory (MB): peak = 3116.898 ; gain = 0.000 ; free physical = 24306 ; free virtual = 49326

Phase 6 Delay and Skew Optimization

Phase 6.1 Delay CleanUp

Phase 6.1.1 Update Timing
Phase 6.1.1 Update Timing | Checksum: 2ea5b460d

Time (s): cpu = 00:00:36 ; elapsed = 00:00:20 . Memory (MB): peak = 3116.898 ; gain = 0.000 ; free physical = 24298 ; free virtual = 49319
INFO: [Route 35-416] Intermediate Timing Summary | WNS=2.831  | TNS=0.000  | WHS=N/A    | THS=N/A    |

Phase 6.1 Delay CleanUp | Checksum: 25f674f2a

Time (s): cpu = 00:00:36 ; elapsed = 00:00:20 . Memory (MB): peak = 3116.898 ; gain = 0.000 ; free physical = 24298 ; free virtual = 49319

Phase 6.2 Clock Skew Optimization
Phase 6.2 Clock Skew Optimization | Checksum: 25f674f2a

Time (s): cpu = 00:00:36 ; elapsed = 00:00:20 . Memory (MB): peak = 3116.898 ; gain = 0.000 ; free physical = 24298 ; free virtual = 49319
Phase 6 Delay and Skew Optimization | Checksum: 25f674f2a

Time (s): cpu = 00:00:36 ; elapsed = 00:00:20 . Memory (MB): peak = 3116.898 ; gain = 0.000 ; free physical = 24298 ; free virtual = 49319

Phase 7 Post Hold Fix

Phase 7.1 Hold Fix Iter
INFO: [Route 35-416] Intermediate Timing Summary | WNS=2.831  | TNS=0.000  | WHS=0.051  | THS=0.000  |

Phase 7.1 Hold Fix Iter | Checksum: 2481a7ffc

Time (s): cpu = 00:00:36 ; elapsed = 00:00:20 . Memory (MB): peak = 3116.898 ; gain = 0.000 ; free physical = 24298 ; free virtual = 49319
Phase 7 Post Hold Fix | Checksum: 2481a7ffc

Time (s): cpu = 00:00:36 ; elapsed = 00:00:20 . Memory (MB): peak = 3116.898 ; gain = 0.000 ; free physical = 24298 ; free virtual = 49319

Phase 8 Route finalize

Router Utilization Summary
  Global Vertical Routing Utilization    = 2.04744 %
  Global Horizontal Routing Utilization  = 2.13924 %
  Routable Net Status*
  *Does not include unroutable nets such as driverless and loadless.
  Run report_route_status for detailed report.
  Number of Failed Nets               = 0
    (Failed Nets is the sum of unrouted and partially routed nets)
  Number of Unrouted Nets             = 0
  Number of Partially Routed Nets     = 0
  Number of Node Overlaps             = 0

Phase 8 Route finalize | Checksum: 2481a7ffc

Time (s): cpu = 00:00:37 ; elapsed = 00:00:20 . Memory (MB): peak = 3116.898 ; gain = 0.000 ; free physical = 24298 ; free virtual = 49319

Phase 9 Verifying routed nets

 Verification completed successfully
Phase 9 Verifying routed nets | Checksum: 2481a7ffc

Time (s): cpu = 00:00:37 ; elapsed = 00:00:20 . Memory (MB): peak = 3116.898 ; gain = 0.000 ; free physical = 24298 ; free virtual = 49319

Phase 10 Depositing Routes
Phase 10 Depositing Routes | Checksum: 1f900e5c4

Time (s): cpu = 00:00:37 ; elapsed = 00:00:20 . Memory (MB): peak = 3116.898 ; gain = 0.000 ; free physical = 24298 ; free virtual = 49318

Phase 11 Post Process Routing
Phase 11 Post Process Routing | Checksum: 1f900e5c4

Time (s): cpu = 00:00:37 ; elapsed = 00:00:20 . Memory (MB): peak = 3116.898 ; gain = 0.000 ; free physical = 24298 ; free virtual = 49318

Phase 12 Post Router Timing
INFO: [Route 35-57] Estimated Timing Summary | WNS=2.831  | TNS=0.000  | WHS=0.051  | THS=0.000  |

INFO: [Route 35-327] The final timing numbers are based on the router estimated timing analysis. For a complete and accurate timing signoff, please run report_timing_summary.
Phase 12 Post Router Timing | Checksum: 1f900e5c4

Time (s): cpu = 00:00:37 ; elapsed = 00:00:20 . Memory (MB): peak = 3116.898 ; gain = 0.000 ; free physical = 24298 ; free virtual = 49318
Total Elapsed time in route_design: 20.42 secs

Phase 13 Post-Route Event Processing
Phase 13 Post-Route Event Processing | Checksum: 10df081b9

Time (s): cpu = 00:00:37 ; elapsed = 00:00:20 . Memory (MB): peak = 3116.898 ; gain = 0.000 ; free physical = 24298 ; free virtual = 49318
INFO: [Route 35-16] Router Completed Successfully
Ending Routing Task | Checksum: 10df081b9

Time (s): cpu = 00:00:37 ; elapsed = 00:00:20 . Memory (MB): peak = 3116.898 ; gain = 0.000 ; free physical = 24298 ; free virtual = 49318

Routing Is Done.
INFO: [Common 17-83] Releasing license: Implementation
113 Infos, 0 Warnings, 0 Critical Warnings and 0 Errors encountered.
route_design completed successfully
route_design: Time (s): cpu = 00:00:37 ; elapsed = 00:00:21 . Memory (MB): peak = 3116.898 ; gain = 0.000 ; free physical = 24298 ; free virtual = 49318
INFO: [Vivado 12-24828] Executing command : report_drc -file design_1_wrapper_drc_routed.rpt -pb design_1_wrapper_drc_routed.pb -rpx design_1_wrapper_drc_routed.rpx
Command: report_drc -file design_1_wrapper_drc_routed.rpt -pb design_1_wrapper_drc_routed.pb -rpx design_1_wrapper_drc_routed.rpx
INFO: [IP_Flow 19-1839] IP Catalog is up to date.
INFO: [DRC 23-27] Running DRC with 8 threads
INFO: [Vivado_Tcl 2-168] The results of DRC are in file /home/kokunev/data/git_root/dig/dig_board_blink/project_1/project_1.runs/impl_1/design_1_wrapper_drc_routed.rpt.
report_drc completed successfully
INFO: [Vivado 12-24828] Executing command : report_methodology -file design_1_wrapper_methodology_drc_routed.rpt -pb design_1_wrapper_methodology_drc_routed.pb -rpx design_1_wrapper_methodology_drc_routed.rpx
Command: report_methodology -file design_1_wrapper_methodology_drc_routed.rpt -pb design_1_wrapper_methodology_drc_routed.pb -rpx design_1_wrapper_methodology_drc_routed.rpx
INFO: [Timing 38-35] Done setting XDC timing constraints.
INFO: [DRC 23-133] Running Methodology with 8 threads
INFO: [Vivado_Tcl 2-1520] The results of Report Methodology are in file /home/kokunev/data/git_root/dig/dig_board_blink/project_1/project_1.runs/impl_1/design_1_wrapper_methodology_drc_routed.rpt.
report_methodology completed successfully
INFO: [Vivado 12-24828] Executing command : report_timing_summary -max_paths 10 -routable_nets -report_unconstrained -file design_1_wrapper_timing_summary_routed.rpt -pb design_1_wrapper_timing_summary_routed.pb -rpx design_1_wrapper_timing_summary_routed.rpx -warn_on_violation 
INFO: [Timing 38-35] Done setting XDC timing constraints.
INFO: [Timing 38-91] UpdateTimingParams: Speed grade: -2, Delay Type: min_max.
INFO: [Timing 38-191] Multithreading enabled for timing update using a maximum of 8 CPUs
WARNING: [Timing 38-436] There are set_bus_skew constraint(s) in this design. Please run report_bus_skew to ensure that bus skew requirements are met.
INFO: [Vivado 12-24838] Running report commands "report_bus_skew, report_incremental_reuse, report_route_status" in parallel.
Running report generation with 3 threads.
INFO: [Vivado 12-24828] Executing command : report_incremental_reuse -file design_1_wrapper_incremental_reuse_routed.rpt
INFO: [Vivado_Tcl 4-1062] Incremental flow is disabled. No incremental reuse Info to report.
INFO: [Vivado 12-24828] Executing command : report_route_status -file design_1_wrapper_route_status.rpt -pb design_1_wrapper_route_status.pb
INFO: [Vivado 12-24828] Executing command : report_bus_skew -warn_on_violation -file design_1_wrapper_bus_skew_routed.rpt -pb design_1_wrapper_bus_skew_routed.pb -rpx design_1_wrapper_bus_skew_routed.rpx
INFO: [Timing 38-91] UpdateTimingParams: Speed grade: -2, Delay Type: min_max.
INFO: [Timing 38-191] Multithreading enabled for timing update using a maximum of 8 CPUs
INFO: [Vivado 12-24828] Executing command : report_power -file design_1_wrapper_power_routed.rpt -pb design_1_wrapper_power_summary_routed.pb -rpx design_1_wrapper_power_routed.rpx
Command: report_power -file design_1_wrapper_power_routed.rpt -pb design_1_wrapper_power_summary_routed.pb -rpx design_1_wrapper_power_routed.rpx
Running Vector-less Activity Propagation...

Finished Running Vector-less Activity Propagation
133 Infos, 1 Warnings, 0 Critical Warnings and 0 Errors encountered.
report_power completed successfully
INFO: [Vivado 12-24828] Executing command : report_clock_utilization -file design_1_wrapper_clock_utilization_routed.rpt
INFO: [Timing 38-480] Writing timing data to binary archive.
Wrote PlaceDB: Time (s): cpu = 00:00:00 ; elapsed = 00:00:00 . Memory (MB): peak = 3116.898 ; gain = 0.000 ; free physical = 24195 ; free virtual = 49218
Wrote PulsedLatchDB: Time (s): cpu = 00:00:00.01 ; elapsed = 00:00:00 . Memory (MB): peak = 3116.898 ; gain = 0.000 ; free physical = 24195 ; free virtual = 49218
Writing XDEF routing.
Writing XDEF routing logical nets.
Write ShapeDB Complete: Time (s): cpu = 00:00:00.1 ; elapsed = 00:00:00.02 . Memory (MB): peak = 3116.898 ; gain = 0.000 ; free physical = 24195 ; free virtual = 49219
Writing XDEF routing special nets.
Wrote RouteStorage: Time (s): cpu = 00:00:00.22 ; elapsed = 00:00:00.05 . Memory (MB): peak = 3116.898 ; gain = 0.000 ; free physical = 24195 ; free virtual = 49222
Wrote PlaceStorage: Time (s): cpu = 00:00:00.49 ; elapsed = 00:00:00.17 . Memory (MB): peak = 3116.898 ; gain = 0.000 ; free physical = 24194 ; free virtual = 49228
Wrote Netlist Cache: Time (s): cpu = 00:00:00 ; elapsed = 00:00:00.01 . Memory (MB): peak = 3116.898 ; gain = 0.000 ; free physical = 24194 ; free virtual = 49228
Wrote Device Cache: Time (s): cpu = 00:00:00.01 ; elapsed = 00:00:00 . Memory (MB): peak = 3116.898 ; gain = 0.000 ; free physical = 24192 ; free virtual = 49227
Write Physdb Complete: Time (s): cpu = 00:00:00.73 ; elapsed = 00:00:00.23 . Memory (MB): peak = 3116.898 ; gain = 0.000 ; free physical = 24192 ; free virtual = 49227
INFO: [Common 17-1381] The checkpoint '/home/kokunev/data/git_root/dig/dig_board_blink/project_1/project_1.runs/impl_1/design_1_wrapper_routed.dcp' has been generated.
Command: write_bitstream -force design_1_wrapper.bit -bin_file
Attempting to get a license for feature 'Implementation' and/or device 'xc7a100t'
INFO: [Common 17-349] Got license for feature 'Implementation' and/or device 'xc7a100t'
Running DRC as a precondition to command write_bitstream
INFO: [IP_Flow 19-1839] IP Catalog is up to date.
INFO: [DRC 23-27] Running DRC with 8 threads
INFO: [Vivado 12-3199] DRC finished with 0 Errors
INFO: [Vivado 12-3200] Please refer to the DRC report (report_drc) for more information.
Integrating Hard IP ELF/MEM with the PDI.
INFO: [Designutils 20-2272] Running write_bitstream with 8 threads.
Loading data files...
Loading site data...
Loading route data...
Processing options...
Creating bitmap...
Creating bitstream...
Bitstream compression saved 21087296 bits.
Writing bitstream ./design_1_wrapper.bit...
Writing bitstream ./design_1_wrapper.bin...
INFO: [Vivado 12-1842] Bitgen Completed Successfully.
INFO: [Common 17-83] Releasing license: Implementation
144 Infos, 1 Warnings, 0 Critical Warnings and 0 Errors encountered.
write_bitstream completed successfully
write_bitstream: Time (s): cpu = 00:00:12 ; elapsed = 00:00:11 . Memory (MB): peak = 3295.148 ; gain = 178.250 ; free physical = 23964 ; free virtual = 48998
INFO: [Common 17-206] Exiting Vivado at Wed Aug 12 11:51:04 2026...
