INFO: [VRFC 10-2263] Analyzing Verilog file "/home/kokunev/data/git_root/dig/dig_board_pcie_plus_adc/project_1/project_1.srcs/sources_1/new/adc_ctrl.v" into library xil_defaultlib
INFO: [VRFC 10-311] analyzing module adc_ctrl
INFO: [VRFC 10-2263] Analyzing Verilog file "/home/kokunev/data/git_root/dig/dig_board_pcie_plus_adc/project_1/project_1.srcs/sources_1/ip/adc_sample_fifo/adc_sample_fifo_2/sim/adc_sample_fifo.v" into library xil_defaultlib
INFO: [VRFC 10-311] analyzing module adc_sample_fifo
INFO: [VRFC 10-2263] Analyzing Verilog file "/home/kokunev/data/git_root/dig/dig_board_pcie_plus_adc/project_1/project_1.srcs/sources_1/new/adc_c2h_axis_bridge.v" into library xil_defaultlib
INFO: [VRFC 10-311] analyzing module adc_c2h_axis_bridge
INFO: [VRFC 10-2263] Analyzing Verilog file "/home/kokunev/data/git_root/dig/dig_board_pcie_plus_adc/project_1/project_1.srcs/sources_1/new/self_pcie_reset.v" into library xil_defaultlib
INFO: [VRFC 10-311] analyzing module self_pcie_reset
INFO: [VRFC 10-2263] Analyzing Verilog file "/home/kokunev/data/git_root/dig/dig_board_pcie_plus_adc/project_1/project_1.ip_user_files/bd/design_1/ip/design_1_xdma_0_0/ip_0/source/design_1_xdma_0_0_pcie2_ip_pipe_clock.v" into library xil_defaultlib
INFO: [VRFC 10-311] analyzing module design_1_xdma_0_0_pcie2_ip_pipe_clock
INFO: [VRFC 10-2263] Analyzing Verilog file "/home/kokunev/data/git_root/dig/dig_board_pcie_plus_adc/project_1/project_1.ip_user_files/bd/design_1/ip/design_1_xdma_0_0/ip_0/source/design_1_xdma_0_0_pcie2_ip_pipe_eq.v" into library xil_defaultlib
INFO: [VRFC 10-311] analyzing module design_1_xdma_0_0_pcie2_ip_pipe_eq
INFO: [VRFC 10-2263] Analyzing Verilog file "/home/kokunev/data/git_root/dig/dig_board_pcie_plus_adc/project_1/project_1.ip_user_files/bd/design_1/ip/design_1_xdma_0_0/ip_0/source/design_1_xdma_0_0_pcie2_ip_pipe_drp.v" into library xil_defaultlib
INFO: [VRFC 10-311] analyzing module design_1_xdma_0_0_pcie2_ip_pipe_drp
INFO: [VRFC 10-2263] Analyzing Verilog file "/home/kokunev/data/git_root/dig/dig_board_pcie_plus_adc/project_1/project_1.ip_user_files/bd/design_1/ip/design_1_xdma_0_0/ip_0/source/design_1_xdma_0_0_pcie2_ip_pipe_rate.v" into library xil_defaultlib
INFO: [VRFC 10-311] analyzing module design_1_xdma_0_0_pcie2_ip_pipe_rate
INFO: [VRFC 10-2263] Analyzing Verilog file "/home/kokunev/data/git_root/dig/dig_board_pcie_plus_adc/project_1/project_1.ip_user_files/bd/design_1/ip/design_1_xdma_0_0/ip_0/source/design_1_xdma_0_0_pcie2_ip_pipe_reset.v" into library xil_defaultlib
INFO: [VRFC 10-311] analyzing module design_1_xdma_0_0_pcie2_ip_pipe_reset
INFO: [VRFC 10-2263] Analyzing Verilog file "/home/kokunev/data/git_root/dig/dig_board_pcie_plus_adc/project_1/project_1.ip_user_files/bd/design_1/ip/design_1_xdma_0_0/ip_0/source/design_1_xdma_0_0_pcie2_ip_pipe_sync.v" into library xil_defaultlib
INFO: [VRFC 10-311] analyzing module design_1_xdma_0_0_pcie2_ip_pipe_sync
INFO: [VRFC 10-2263] Analyzing Verilog file "/home/kokunev/data/git_root/dig/dig_board_pcie_plus_adc/project_1/project_1.ip_user_files/bd/design_1/ip/design_1_xdma_0_0/ip_0/source/design_1_xdma_0_0_pcie2_ip_gtp_pipe_rate.v" into library xil_defaultlib
INFO: [VRFC 10-311] analyzing module design_1_xdma_0_0_pcie2_ip_gtp_pipe_rate
INFO: [VRFC 10-2263] Analyzing Verilog file "/home/kokunev/data/git_root/dig/dig_board_pcie_plus_adc/project_1/project_1.ip_user_files/bd/design_1/ip/design_1_xdma_0_0/ip_0/source/design_1_xdma_0_0_pcie2_ip_gtp_pipe_drp.v" into library xil_defaultlib
INFO: [VRFC 10-311] analyzing module design_1_xdma_0_0_pcie2_ip_gtp_pipe_drp
INFO: [VRFC 10-2263] Analyzing Verilog file "/home/kokunev/data/git_root/dig/dig_board_pcie_plus_adc/project_1/project_1.ip_user_files/bd/design_1/ip/design_1_xdma_0_0/ip_0/source/design_1_xdma_0_0_pcie2_ip_gtp_pipe_reset.v" into library xil_defaultlib
INFO: [VRFC 10-311] analyzing module design_1_xdma_0_0_pcie2_ip_gtp_pipe_reset
INFO: [VRFC 10-2263] Analyzing Verilog file "/home/kokunev/data/git_root/dig/dig_board_pcie_plus_adc/project_1/project_1.ip_user_files/bd/design_1/ip/design_1_xdma_0_0/ip_0/source/design_1_xdma_0_0_pcie2_ip_pipe_user.v" into library xil_defaultlib
INFO: [VRFC 10-311] analyzing module design_1_xdma_0_0_pcie2_ip_pipe_user
INFO: [VRFC 10-2263] Analyzing Verilog file "/home/kokunev/data/git_root/dig/dig_board_pcie_plus_adc/project_1/project_1.ip_user_files/bd/design_1/ip/design_1_xdma_0_0/ip_0/source/design_1_xdma_0_0_pcie2_ip_pipe_wrapper.v" into library xil_defaultlib
INFO: [VRFC 10-311] analyzing module design_1_xdma_0_0_pcie2_ip_pipe_wrapper
INFO: [VRFC 10-2263] Analyzing Verilog file "/home/kokunev/data/git_root/dig/dig_board_pcie_plus_adc/project_1/project_1.ip_user_files/bd/design_1/ip/design_1_xdma_0_0/ip_0/source/design_1_xdma_0_0_pcie2_ip_qpll_drp.v" into library xil_defaultlib
INFO: [VRFC 10-311] analyzing module design_1_xdma_0_0_pcie2_ip_qpll_drp
INFO: [VRFC 10-2263] Analyzing Verilog file "/home/kokunev/data/git_root/dig/dig_board_pcie_plus_adc/project_1/project_1.ip_user_files/bd/design_1/ip/design_1_xdma_0_0/ip_0/source/design_1_xdma_0_0_pcie2_ip_qpll_reset.v" into library xil_defaultlib
INFO: [VRFC 10-311] analyzing module design_1_xdma_0_0_pcie2_ip_qpll_reset
INFO: [VRFC 10-2263] Analyzing Verilog file "/home/kokunev/data/git_root/dig/dig_board_pcie_plus_adc/project_1/project_1.ip_user_files/bd/design_1/ip/design_1_xdma_0_0/ip_0/source/design_1_xdma_0_0_pcie2_ip_qpll_wrapper.v" into library xil_defaultlib
INFO: [VRFC 10-311] analyzing module design_1_xdma_0_0_pcie2_ip_qpll_wrapper
INFO: [VRFC 10-2263] Analyzing Verilog file "/home/kokunev/data/git_root/dig/dig_board_pcie_plus_adc/project_1/project_1.ip_user_files/bd/design_1/ip/design_1_xdma_0_0/ip_0/source/design_1_xdma_0_0_pcie2_ip_rxeq_scan.v" into library xil_defaultlib
INFO: [VRFC 10-311] analyzing module design_1_xdma_0_0_pcie2_ip_rxeq_scan
INFO: [VRFC 10-2263] Analyzing Verilog file "/home/kokunev/data/git_root/dig/dig_board_pcie_plus_adc/project_1/project_1.ip_user_files/bd/design_1/ip/design_1_xdma_0_0/ip_0/source/design_1_xdma_0_0_pcie2_ip_pcie_top.v" into library xil_defaultlib
INFO: [VRFC 10-311] analyzing module design_1_xdma_0_0_pcie2_ip_pcie_top
INFO: [VRFC 10-2263] Analyzing Verilog file "/home/kokunev/data/git_root/dig/dig_board_pcie_plus_adc/project_1/project_1.ip_user_files/bd/design_1/ip/design_1_xdma_0_0/ip_0/source/design_1_xdma_0_0_pcie2_ip_core_top.v" into library xil_defaultlib
INFO: [VRFC 10-311] analyzing module design_1_xdma_0_0_pcie2_ip_core_top
INFO: [VRFC 10-2263] Analyzing Verilog file "/home/kokunev/data/git_root/dig/dig_board_pcie_plus_adc/project_1/project_1.ip_user_files/bd/design_1/ip/design_1_xdma_0_0/ip_0/source/design_1_xdma_0_0_pcie2_ip_axi_basic_rx_null_gen.v" into library xil_defaultlib
INFO: [VRFC 10-311] analyzing module design_1_xdma_0_0_pcie2_ip_axi_basic_rx_null_gen
INFO: [VRFC 10-2263] Analyzing Verilog file "/home/kokunev/data/git_root/dig/dig_board_pcie_plus_adc/project_1/project_1.ip_user_files/bd/design_1/ip/design_1_xdma_0_0/ip_0/source/design_1_xdma_0_0_pcie2_ip_axi_basic_rx_pipeline.v" into library xil_defaultlib
INFO: [VRFC 10-311] analyzing module design_1_xdma_0_0_pcie2_ip_axi_basic_rx_pipeline
INFO: [VRFC 10-2263] Analyzing Verilog file "/home/kokunev/data/git_root/dig/dig_board_pcie_plus_adc/project_1/project_1.ip_user_files/bd/design_1/ip/design_1_xdma_0_0/ip_0/source/design_1_xdma_0_0_pcie2_ip_axi_basic_rx.v" into library xil_defaultlib
INFO: [VRFC 10-311] analyzing module design_1_xdma_0_0_pcie2_ip_axi_basic_rx
INFO: [VRFC 10-2263] Analyzing Verilog file "/home/kokunev/data/git_root/dig/dig_board_pcie_plus_adc/project_1/project_1.ip_user_files/bd/design_1/ip/design_1_xdma_0_0/ip_0/source/design_1_xdma_0_0_pcie2_ip_axi_basic_top.v" into library xil_defaultlib
INFO: [VRFC 10-311] analyzing module design_1_xdma_0_0_pcie2_ip_axi_basic_top
INFO: [VRFC 10-2263] Analyzing Verilog file "/home/kokunev/data/git_root/dig/dig_board_pcie_plus_adc/project_1/project_1.ip_user_files/bd/design_1/ip/design_1_xdma_0_0/ip_0/source/design_1_xdma_0_0_pcie2_ip_axi_basic_tx_pipeline.v" into library xil_defaultlib
INFO: [VRFC 10-311] analyzing module design_1_xdma_0_0_pcie2_ip_axi_basic_tx_pipeline
INFO: [VRFC 10-2263] Analyzing Verilog file "/home/kokunev/data/git_root/dig/dig_board_pcie_plus_adc/project_1/project_1.ip_user_files/bd/design_1/ip/design_1_xdma_0_0/ip_0/source/design_1_xdma_0_0_pcie2_ip_axi_basic_tx_thrtl_ctl.v" into library xil_defaultlib
INFO: [VRFC 10-311] analyzing module design_1_xdma_0_0_pcie2_ip_axi_basic_tx_thrtl_ctl
INFO: [VRFC 10-2263] Analyzing Verilog file "/home/kokunev/data/git_root/dig/dig_board_pcie_plus_adc/project_1/project_1.ip_user_files/bd/design_1/ip/design_1_xdma_0_0/ip_0/source/design_1_xdma_0_0_pcie2_ip_axi_basic_tx.v" into library xil_defaultlib
INFO: [VRFC 10-311] analyzing module design_1_xdma_0_0_pcie2_ip_axi_basic_tx
INFO: [VRFC 10-2263] Analyzing Verilog file "/home/kokunev/data/git_root/dig/dig_board_pcie_plus_adc/project_1/project_1.ip_user_files/bd/design_1/ip/design_1_xdma_0_0/ip_0/source/design_1_xdma_0_0_pcie2_ip_pcie_7x.v" into library xil_defaultlib
INFO: [VRFC 10-311] analyzing module design_1_xdma_0_0_pcie2_ip_pcie_7x
INFO: [VRFC 10-2263] Analyzing Verilog file "/home/kokunev/data/git_root/dig/dig_board_pcie_plus_adc/project_1/project_1.ip_user_files/bd/design_1/ip/design_1_xdma_0_0/ip_0/source/design_1_xdma_0_0_pcie2_ip_pcie_bram_7x.v" into library xil_defaultlib
INFO: [VRFC 10-311] analyzing module design_1_xdma_0_0_pcie2_ip_pcie_bram_7x
INFO: [VRFC 10-2263] Analyzing Verilog file "/home/kokunev/data/git_root/dig/dig_board_pcie_plus_adc/project_1/project_1.ip_user_files/bd/design_1/ip/design_1_xdma_0_0/ip_0/source/design_1_xdma_0_0_pcie2_ip_pcie_bram_top_7x.v" into library xil_defaultlib
INFO: [VRFC 10-311] analyzing module design_1_xdma_0_0_pcie2_ip_pcie_bram_top_7x
INFO: [VRFC 10-2263] Analyzing Verilog file "/home/kokunev/data/git_root/dig/dig_board_pcie_plus_adc/project_1/project_1.ip_user_files/bd/design_1/ip/design_1_xdma_0_0/ip_0/source/design_1_xdma_0_0_pcie2_ip_pcie_brams_7x.v" into library xil_defaultlib
INFO: [VRFC 10-311] analyzing module design_1_xdma_0_0_pcie2_ip_pcie_brams_7x
INFO: [VRFC 10-2263] Analyzing Verilog file "/home/kokunev/data/git_root/dig/dig_board_pcie_plus_adc/project_1/project_1.ip_user_files/bd/design_1/ip/design_1_xdma_0_0/ip_0/source/design_1_xdma_0_0_pcie2_ip_pcie_pipe_lane.v" into library xil_defaultlib
INFO: [VRFC 10-311] analyzing module design_1_xdma_0_0_pcie2_ip_pcie_pipe_lane
INFO: [VRFC 10-2263] Analyzing Verilog file "/home/kokunev/data/git_root/dig/dig_board_pcie_plus_adc/project_1/project_1.ip_user_files/bd/design_1/ip/design_1_xdma_0_0/ip_0/source/design_1_xdma_0_0_pcie2_ip_pcie_pipe_misc.v" into library xil_defaultlib
INFO: [VRFC 10-311] analyzing module design_1_xdma_0_0_pcie2_ip_pcie_pipe_misc
INFO: [VRFC 10-2263] Analyzing Verilog file "/home/kokunev/data/git_root/dig/dig_board_pcie_plus_adc/project_1/project_1.ip_user_files/bd/design_1/ip/design_1_xdma_0_0/ip_0/source/design_1_xdma_0_0_pcie2_ip_pcie_pipe_pipeline.v" into library xil_defaultlib
INFO: [VRFC 10-311] analyzing module design_1_xdma_0_0_pcie2_ip_pcie_pipe_pipeline
INFO: [VRFC 10-2263] Analyzing Verilog file "/home/kokunev/data/git_root/dig/dig_board_pcie_plus_adc/project_1/project_1.ip_user_files/bd/design_1/ip/design_1_xdma_0_0/ip_0/source/design_1_xdma_0_0_pcie2_ip_gt_top.v" into library xil_defaultlib
INFO: [VRFC 10-311] analyzing module design_1_xdma_0_0_pcie2_ip_gt_top
INFO: [VRFC 10-2263] Analyzing Verilog file "/home/kokunev/data/git_root/dig/dig_board_pcie_plus_adc/project_1/project_1.ip_user_files/bd/design_1/ip/design_1_xdma_0_0/ip_0/source/design_1_xdma_0_0_pcie2_ip_gt_common.v" into library xil_defaultlib
INFO: [VRFC 10-311] analyzing module design_1_xdma_0_0_pcie2_ip_gt_common
INFO: [VRFC 10-2263] Analyzing Verilog file "/home/kokunev/data/git_root/dig/dig_board_pcie_plus_adc/project_1/project_1.ip_user_files/bd/design_1/ip/design_1_xdma_0_0/ip_0/source/design_1_xdma_0_0_pcie2_ip_gtp_cpllpd_ovrd.v" into library xil_defaultlib
INFO: [VRFC 10-311] analyzing module design_1_xdma_0_0_pcie2_ip_gtp_cpllpd_ovrd
INFO: [VRFC 10-2263] Analyzing Verilog file "/home/kokunev/data/git_root/dig/dig_board_pcie_plus_adc/project_1/project_1.ip_user_files/bd/design_1/ip/design_1_xdma_0_0/ip_0/source/design_1_xdma_0_0_pcie2_ip_gtx_cpllpd_ovrd.v" into library xil_defaultlib
INFO: [VRFC 10-311] analyzing module design_1_xdma_0_0_pcie2_ip_gtx_cpllpd_ovrd
INFO: [VRFC 10-2263] Analyzing Verilog file "/home/kokunev/data/git_root/dig/dig_board_pcie_plus_adc/project_1/project_1.ip_user_files/bd/design_1/ip/design_1_xdma_0_0/ip_0/source/design_1_xdma_0_0_pcie2_ip_gt_rx_valid_filter_7x.v" into library xil_defaultlib
INFO: [VRFC 10-311] analyzing module design_1_xdma_0_0_pcie2_ip_gt_rx_valid_filter_7x
INFO: [VRFC 10-2263] Analyzing Verilog file "/home/kokunev/data/git_root/dig/dig_board_pcie_plus_adc/project_1/project_1.ip_user_files/bd/design_1/ip/design_1_xdma_0_0/ip_0/source/design_1_xdma_0_0_pcie2_ip_gt_wrapper.v" into library xil_defaultlib
INFO: [VRFC 10-311] analyzing module design_1_xdma_0_0_pcie2_ip_gt_wrapper
INFO: [VRFC 10-2263] Analyzing Verilog file "/home/kokunev/data/git_root/dig/dig_board_pcie_plus_adc/project_1/project_1.ip_user_files/bd/design_1/ip/design_1_xdma_0_0/ip_0/source/design_1_xdma_0_0_pcie2_ip_pcie2_top.v" into library xil_defaultlib
INFO: [VRFC 10-311] analyzing module design_1_xdma_0_0_pcie2_ip_pcie2_top
INFO: [VRFC 10-2263] Analyzing Verilog file "/home/kokunev/data/git_root/dig/dig_board_pcie_plus_adc/project_1/project_1.ip_user_files/bd/design_1/ip/design_1_xdma_0_0/ip_0/sim/design_1_xdma_0_0_pcie2_ip.v" into library xil_defaultlib
INFO: [VRFC 10-311] analyzing module design_1_xdma_0_0_pcie2_ip
INFO: [VRFC 10-2263] Analyzing Verilog file "/home/kokunev/data/git_root/dig/dig_board_pcie_plus_adc/project_1/project_1.ip_user_files/bd/design_1/ip/design_1_xdma_0_0/ip_1/sim/xdma_v4_2_2_blk_mem_64_reg_be.v" into library xil_defaultlib
INFO: [VRFC 10-311] analyzing module xdma_v4_2_2_blk_mem_64_reg_be
INFO: [VRFC 10-2263] Analyzing Verilog file "/home/kokunev/data/git_root/dig/dig_board_pcie_plus_adc/project_1/project_1.ip_user_files/bd/design_1/ip/design_1_xdma_0_0/ip_2/sim/xdma_v4_2_2_blk_mem_64_noreg_be.v" into library xil_defaultlib
INFO: [VRFC 10-311] analyzing module xdma_v4_2_2_blk_mem_64_noreg_be
INFO: [VRFC 10-2263] Analyzing Verilog file "/home/kokunev/data/git_root/dig/dig_board_pcie_plus_adc/project_1/project_1.ip_user_files/bd/design_1/ip/design_1_xdma_0_0/ip_3/sim/pcie2_fifo_generator_dma_cpl.v" into library xil_defaultlib
INFO: [VRFC 10-311] analyzing module pcie2_fifo_generator_dma_cpl
INFO: [VRFC 10-2263] Analyzing Verilog file "/home/kokunev/data/git_root/dig/dig_board_pcie_plus_adc/project_1/project_1.ip_user_files/bd/design_1/ip/design_1_xdma_0_0/ip_4/sim/pcie2_fifo_generator_tgt_brdg.v" into library xil_defaultlib
INFO: [VRFC 10-311] analyzing module pcie2_fifo_generator_tgt_brdg
INFO: [VRFC 10-2263] Analyzing SystemVerilog file "/home/kokunev/data/git_root/dig/dig_board_pcie_plus_adc/project_1/project_1.ip_user_files/bd/design_1/ip/design_1_xdma_0_0/xdma_v4_2/hdl/verilog/design_1_xdma_0_0_dma_cpl.sv" into library xil_defaultlib
INFO: [VRFC 10-311] analyzing module design_1_xdma_0_0_dma_cpl
INFO: [VRFC 10-2263] Analyzing SystemVerilog file "/home/kokunev/data/git_root/dig/dig_board_pcie_plus_adc/project_1/project_1.ip_user_files/bd/design_1/ip/design_1_xdma_0_0/xdma_v4_2/hdl/verilog/design_1_xdma_0_0_dma_req.sv" into library xil_defaultlib
INFO: [VRFC 10-311] analyzing module design_1_xdma_0_0_dma_req
INFO: [VRFC 10-2263] Analyzing SystemVerilog file "/home/kokunev/data/git_root/dig/dig_board_pcie_plus_adc/project_1/project_1.ip_user_files/bd/design_1/ip/design_1_xdma_0_0/xdma_v4_2/hdl/verilog/design_1_xdma_0_0_rx_destraddler.sv" into library xil_defaultlib
INFO: [VRFC 10-311] analyzing module design_1_xdma_0_0_rx_destraddler
INFO: [VRFC 10-2263] Analyzing SystemVerilog file "/home/kokunev/data/git_root/dig/dig_board_pcie_plus_adc/project_1/project_1.ip_user_files/bd/design_1/ip/design_1_xdma_0_0/xdma_v4_2/hdl/verilog/design_1_xdma_0_0_rx_demux.sv" into library xil_defaultlib
INFO: [VRFC 10-311] analyzing module design_1_xdma_0_0_rx_demux
INFO: [VRFC 10-2263] Analyzing SystemVerilog file "/home/kokunev/data/git_root/dig/dig_board_pcie_plus_adc/project_1/project_1.ip_user_files/bd/design_1/ip/design_1_xdma_0_0/xdma_v4_2/hdl/verilog/design_1_xdma_0_0_tgt_cpl.sv" into library xil_defaultlib
INFO: [VRFC 10-311] analyzing module design_1_xdma_0_0_tgt_cpl
INFO: [VRFC 10-2263] Analyzing SystemVerilog file "/home/kokunev/data/git_root/dig/dig_board_pcie_plus_adc/project_1/project_1.ip_user_files/bd/design_1/ip/design_1_xdma_0_0/xdma_v4_2/hdl/verilog/design_1_xdma_0_0_tgt_req.sv" into library xil_defaultlib
INFO: [VRFC 10-311] analyzing module design_1_xdma_0_0_tgt_req
INFO: [VRFC 10-2263] Analyzing SystemVerilog file "/home/kokunev/data/git_root/dig/dig_board_pcie_plus_adc/project_1/project_1.ip_user_files/bd/design_1/ip/design_1_xdma_0_0/xdma_v4_2/hdl/verilog/design_1_xdma_0_0_tx_mux.sv" into library xil_defaultlib
INFO: [VRFC 10-311] analyzing module design_1_xdma_0_0_tx_mux
INFO: [VRFC 10-2263] Analyzing SystemVerilog file "/home/kokunev/data/git_root/dig/dig_board_pcie_plus_adc/project_1/project_1.ip_user_files/bd/design_1/ip/design_1_xdma_0_0/xdma_v4_2/hdl/verilog/design_1_xdma_0_0_axi_stream_intf.sv" into library xil_defaultlib
INFO: [VRFC 10-311] analyzing module design_1_xdma_0_0_axi_stream_intf
INFO: [VRFC 10-2263] Analyzing SystemVerilog file "/home/kokunev/data/git_root/dig/dig_board_pcie_plus_adc/project_1/project_1.ip_user_files/bd/design_1/ip/design_1_xdma_0_0/xdma_v4_2/hdl/verilog/design_1_xdma_0_0_cfg_sideband.sv" into library xil_defaultlib
INFO: [VRFC 10-311] analyzing module design_1_xdma_0_0_cfg_sideband
INFO: [VRFC 10-2263] Analyzing SystemVerilog file "/home/kokunev/data/git_root/dig/dig_board_pcie_plus_adc/project_1/project_1.ip_user_files/bd/design_1/ip/design_1_xdma_0_0/xdma_v4_2/hdl/verilog/design_1_xdma_0_0_pcie2_to_pcie3_wrapper.sv" into library xil_defaultlib
INFO: [VRFC 10-311] analyzing module design_1_xdma_0_0_pcie2_to_pcie3_wrapper
INFO: [VRFC 10-2263] Analyzing SystemVerilog file "/home/kokunev/data/git_root/dig/dig_board_pcie_plus_adc/project_1/project_1.ip_user_files/bd/design_1/ip/design_1_xdma_0_0/xdma_v4_2/hdl/verilog/design_1_xdma_0_0_dma_bram_wrap.sv" into library xil_defaultlib
INFO: [VRFC 10-311] analyzing module xdma_v4_2_2_dma_bram_wrap
INFO: [VRFC 10-311] analyzing module xdma_v4_2_2_dma_fifo_64x512_wrap
INFO: [VRFC 10-311] analyzing module xdma_v4_2_2_mem_simple_dport_bram
INFO: [VRFC 10-2263] Analyzing SystemVerilog file "/home/kokunev/data/git_root/dig/dig_board_pcie_plus_adc/project_1/project_1.ip_user_files/bd/design_1/ip/design_1_xdma_0_0/xdma_v4_2/hdl/verilog/design_1_xdma_0_0_dma_bram_wrap_1024.sv" into library xil_defaultlib
INFO: [VRFC 10-311] analyzing module xdma_v4_2_2_dma_bram_wrap_1024
INFO: [VRFC 10-2263] Analyzing SystemVerilog file "/home/kokunev/data/git_root/dig/dig_board_pcie_plus_adc/project_1/project_1.ip_user_files/bd/design_1/ip/design_1_xdma_0_0/xdma_v4_2/hdl/verilog/design_1_xdma_0_0_dma_bram_wrap_2048.sv" into library xil_defaultlib
INFO: [VRFC 10-311] analyzing module xdma_v4_2_2_dma_bram_wrap_2048
INFO: [VRFC 10-2263] Analyzing SystemVerilog file "/home/kokunev/data/git_root/dig/dig_board_pcie_plus_adc/project_1/project_1.ip_user_files/bd/design_1/ip/design_1_xdma_0_0/xdma_v4_2/hdl/verilog/design_1_xdma_0_0_core_top.sv" into library xil_defaultlib
INFO: [VRFC 10-311] analyzing module design_1_xdma_0_0_core_top
INFO: [VRFC 10-2263] Analyzing SystemVerilog file "/home/kokunev/data/git_root/dig/dig_board_pcie_plus_adc/project_1/project_1.ip_user_files/bd/design_1/ip/design_1_xdma_0_0/sim/design_1_xdma_0_0.sv" into library xil_defaultlib
INFO: [VRFC 10-311] analyzing module design_1_xdma_0_0
INFO: [VRFC 10-2263] Analyzing Verilog file "/home/kokunev/data/git_root/dig/dig_board_pcie_plus_adc/project_1/project_1.ip_user_files/bd/design_1/ip/design_1_clk_wiz_0_1/design_1_clk_wiz_0_1_clk_wiz.v" into library xil_defaultlib
INFO: [VRFC 10-311] analyzing module design_1_clk_wiz_0_1_clk_wiz
INFO: [VRFC 10-2263] Analyzing Verilog file "/home/kokunev/data/git_root/dig/dig_board_pcie_plus_adc/project_1/project_1.ip_user_files/bd/design_1/ip/design_1_clk_wiz_0_1/design_1_clk_wiz_0_1.v" into library xil_defaultlib
INFO: [VRFC 10-311] analyzing module design_1_clk_wiz_0_1
INFO: [VRFC 10-2263] Analyzing Verilog file "/home/kokunev/data/git_root/dig/dig_board_pcie_plus_adc/project_1/project_1.ip_user_files/bd/design_1/ip/design_1_adc_ctrl_0_2/sim/design_1_adc_ctrl_0_2.v" into library xil_defaultlib
INFO: [VRFC 10-311] analyzing module design_1_adc_ctrl_0_2
INFO: [VRFC 10-2263] Analyzing Verilog file "/home/kokunev/data/git_root/dig/dig_board_pcie_plus_adc/project_1/project_1.ip_user_files/bd/design_1/ip/design_1_c_sample_valid_1_0/sim/design_1_c_sample_valid_1_0.v" into library xil_defaultlib
INFO: [VRFC 10-311] analyzing module design_1_c_sample_valid_1_0
INFO: [VRFC 10-2263] Analyzing Verilog file "/home/kokunev/data/git_root/dig/dig_board_pcie_plus_adc/project_1/project_1.ip_user_files/bd/design_1/ip/design_1_adc_c2h_bridge_0_1/sim/design_1_adc_c2h_bridge_0_1.v" into library xil_defaultlib
INFO: [VRFC 10-311] analyzing module design_1_adc_c2h_bridge_0_1
INFO: [VRFC 10-2263] Analyzing Verilog file "/home/kokunev/data/git_root/dig/dig_board_pcie_plus_adc/project_1/project_1.ip_user_files/bd/design_1/ip/design_1_self_pcie_reset_0_0/sim/design_1_self_pcie_reset_0_0.v" into library xil_defaultlib
INFO: [VRFC 10-311] analyzing module design_1_self_pcie_reset_0_0
INFO: [VRFC 10-2263] Analyzing SystemVerilog file "/home/kokunev/data/git_root/dig/dig_board_pcie_plus_adc/project_1/project_1.ip_user_files/bd/design_1/ip/design_1_axi_smc_0/bd_0/ip/ip_2/sim/bd_afc3_s00mmu_0.sv" into library xil_defaultlib
INFO: [VRFC 10-311] analyzing module bd_afc3_s00mmu_0
INFO: [VRFC 10-2263] Analyzing SystemVerilog file "/home/kokunev/data/git_root/dig/dig_board_pcie_plus_adc/project_1/project_1.ip_user_files/bd/design_1/ip/design_1_axi_smc_0/bd_0/ip/ip_3/sim/bd_afc3_s00tr_0.sv" into library xil_defaultlib
INFO: [VRFC 10-311] analyzing module bd_afc3_s00tr_0
INFO: [VRFC 10-2263] Analyzing SystemVerilog file "/home/kokunev/data/git_root/dig/dig_board_pcie_plus_adc/project_1/project_1.ip_user_files/bd/design_1/ip/design_1_axi_smc_0/bd_0/ip/ip_4/sim/bd_afc3_s00sic_0.sv" into library xil_defaultlib
INFO: [VRFC 10-311] analyzing module bd_afc3_s00sic_0
INFO: [VRFC 10-2263] Analyzing SystemVerilog file "/home/kokunev/data/git_root/dig/dig_board_pcie_plus_adc/project_1/project_1.ip_user_files/bd/design_1/ip/design_1_axi_smc_0/bd_0/ip/ip_5/sim/bd_afc3_s00a2s_0.sv" into library xil_defaultlib
INFO: [VRFC 10-311] analyzing module bd_afc3_s00a2s_0
INFO: [VRFC 10-2263] Analyzing SystemVerilog file "/home/kokunev/data/git_root/dig/dig_board_pcie_plus_adc/project_1/project_1.ip_user_files/bd/design_1/ip/design_1_axi_smc_0/bd_0/ip/ip_6/sim/bd_afc3_sarn_0.sv" into library xil_defaultlib
INFO: [VRFC 10-311] analyzing module bd_afc3_sarn_0
INFO: [VRFC 10-2263] Analyzing SystemVerilog file "/home/kokunev/data/git_root/dig/dig_board_pcie_plus_adc/project_1/project_1.ip_user_files/bd/design_1/ip/design_1_axi_smc_0/bd_0/ip/ip_7/sim/bd_afc3_srn_0.sv" into library xil_defaultlib
INFO: [VRFC 10-311] analyzing module bd_afc3_srn_0
INFO: [VRFC 10-2263] Analyzing SystemVerilog file "/home/kokunev/data/git_root/dig/dig_board_pcie_plus_adc/project_1/project_1.ip_user_files/bd/design_1/ip/design_1_axi_smc_0/bd_0/ip/ip_8/sim/bd_afc3_sawn_0.sv" into library xil_defaultlib
INFO: [VRFC 10-311] analyzing module bd_afc3_sawn_0
INFO: [VRFC 10-2263] Analyzing SystemVerilog file "/home/kokunev/data/git_root/dig/dig_board_pcie_plus_adc/project_1/project_1.ip_user_files/bd/design_1/ip/design_1_axi_smc_0/bd_0/ip/ip_9/sim/bd_afc3_swn_0.sv" into library xil_defaultlib
INFO: [VRFC 10-311] analyzing module bd_afc3_swn_0
INFO: [VRFC 10-2263] Analyzing SystemVerilog file "/home/kokunev/data/git_root/dig/dig_board_pcie_plus_adc/project_1/project_1.ip_user_files/bd/design_1/ip/design_1_axi_smc_0/bd_0/ip/ip_10/sim/bd_afc3_sbn_0.sv" into library xil_defaultlib
INFO: [VRFC 10-311] analyzing module bd_afc3_sbn_0
INFO: [VRFC 10-2263] Analyzing SystemVerilog file "/home/kokunev/data/git_root/dig/dig_board_pcie_plus_adc/project_1/project_1.ip_user_files/bd/design_1/ip/design_1_axi_smc_0/bd_0/ip/ip_11/sim/bd_afc3_m00s2a_0.sv" into library xil_defaultlib
INFO: [VRFC 10-311] analyzing module bd_afc3_m00s2a_0
INFO: [VRFC 10-2263] Analyzing SystemVerilog file "/home/kokunev/data/git_root/dig/dig_board_pcie_plus_adc/project_1/project_1.ip_user_files/bd/design_1/ip/design_1_axi_smc_0/bd_0/ip/ip_12/sim/bd_afc3_m00e_0.sv" into library xil_defaultlib
INFO: [VRFC 10-311] analyzing module bd_afc3_m00e_0
INFO: [VRFC 10-2263] Analyzing Verilog file "/home/kokunev/data/git_root/dig/dig_board_pcie_plus_adc/project_1/project_1.ip_user_files/bd/design_1/ip/design_1_axi_smc_0/bd_0/sim/bd_afc3.v" into library xil_defaultlib
INFO: [VRFC 10-311] analyzing module bd_afc3
INFO: [VRFC 10-311] analyzing module clk_map_imp_5Y9LOC
INFO: [VRFC 10-311] analyzing module m00_exit_pipeline_imp_1TZX5BB
INFO: [VRFC 10-311] analyzing module s00_entry_pipeline_imp_USCCV8
INFO: [VRFC 10-311] analyzing module s00_nodes_imp_Y7M43I
INFO: [VRFC 10-2263] Analyzing SystemVerilog file "/home/kokunev/data/git_root/dig/dig_board_pcie_plus_adc/project_1/project_1.ip_user_files/bd/design_1/ip/design_1_axi_smc_0/sim/design_1_axi_smc_0.sv" into library xil_defaultlib
INFO: [VRFC 10-311] analyzing module design_1_axi_smc_0
INFO: [VRFC 10-2263] Analyzing Verilog file "/home/kokunev/data/git_root/dig/dig_board_pcie_plus_adc/project_1/project_1.ip_user_files/bd/design_1/sim/design_1.v" into library xil_defaultlib
INFO: [VRFC 10-311] analyzing module design_1
INFO: [VRFC 10-311] analyzing module pcie_reset_block_0_imp_1DUQC89
INFO: [VRFC 10-2263] Analyzing Verilog file "/home/kokunev/data/git_root/dig/dig_board_pcie_plus_adc/project_1/project_1.gen/sources_1/bd/design_1/hdl/design_1_wrapper.v" into library xil_defaultlib
INFO: [VRFC 10-311] analyzing module design_1_wrapper
INFO: [VRFC 10-2263] Analyzing Verilog file "/home/kokunev/data/git_root/dig/dig_board_pcie_plus_adc/project_1/project_1.sim/sim_1/behav/xsim/glbl.v" into library xil_defaultlib
INFO: [VRFC 10-311] analyzing module glbl
INFO: [VRFC 10-163] Analyzing VHDL file "/home/kokunev/data/git_root/dig/dig_board_pcie_plus_adc/project_1/project_1.ip_user_files/bd/design_1/ip/design_1_util_ds_buf_0_0/util_ds_buf.vhd" into library xil_defaultlib
INFO: [VRFC 10-3107] analyzing entity 'util_ds_buf'
INFO: [VRFC 10-163] Analyzing VHDL file "/home/kokunev/data/git_root/dig/dig_board_pcie_plus_adc/project_1/project_1.ip_user_files/bd/design_1/ip/design_1_util_ds_buf_0_0/sim/design_1_util_ds_buf_0_0.vhd" into library xil_defaultlib
INFO: [VRFC 10-3107] analyzing entity 'design_1_util_ds_buf_0_0'
INFO: [VRFC 10-163] Analyzing VHDL file "/home/kokunev/data/git_root/dig/dig_board_pcie_plus_adc/project_1/project_1.ip_user_files/bd/design_1/ip/design_1_util_ds_buf_1_0/sim/design_1_util_ds_buf_1_0.vhd" into library xil_defaultlib
INFO: [VRFC 10-3107] analyzing entity 'design_1_util_ds_buf_1_0'
INFO: [VRFC 10-163] Analyzing VHDL file "/home/kokunev/data/git_root/dig/dig_board_pcie_plus_adc/project_1/project_1.ip_user_files/bd/design_1/ip/design_1_axi_gpio_0_0/sim/design_1_axi_gpio_0_0.vhd" into library xil_defaultlib
INFO: [VRFC 10-3107] analyzing entity 'design_1_axi_gpio_0_0'
INFO: [VRFC 10-163] Analyzing VHDL file "/home/kokunev/data/git_root/dig/dig_board_pcie_plus_adc/project_1/project_1.ip_user_files/bd/design_1/ip/design_1_axi_smc_0/bd_0/ip/ip_1/sim/bd_afc3_psr_aclk_0.vhd" into library xil_defaultlib
INFO: [VRFC 10-3107] analyzing entity 'bd_afc3_psr_aclk_0'
