Vivado Simulator v2025.2
Copyright 1986-2022 Xilinx, Inc. All Rights Reserved.
Copyright 2022-2025 Advanced Micro Devices, Inc. All Rights Reserved.
Running: /opt/Xilinx_2/2025.2/Vivado/bin/unwrapped/lnx64.o/xelab --incr --debug typical --relax --mt 8 -L xil_defaultlib -L fifo_generator_v13_2_14 -L blk_mem_gen_v8_4_12 -L xdma_v4_2_2 -L xlconstant_v1_1_10 -L axi_lite_ipif_v3_0_4 -L interrupt_control_v3_1_5 -L axi_gpio_v2_0_37 -L proc_sys_reset_v5_0_17 -L smartconnect_v1_0 -L axi_infrastructure_v1_1_0 -L axi_register_slice_v2_1_36 -L axi_vip_v1_1_22 -L uvm -L xilinx_vip -L unisims_ver -L unimacro_ver -L secureip -L xpm --snapshot design_1_wrapper_behav xil_defaultlib.design_1_wrapper xil_defaultlib.glbl -log elaborate.log 
Using 8 slave threads.
WARNING: [XSIM 43-3431] One or more environment variables have been detected which affect the operation of the C compiler. These are typically not set in standard installations and are not tested by AMD, however they may be appropriate for your system, so the flow will attempt to continue.  If errors occur, try running xelab with the "-mt off -v 1" switches to see more information from the C compiler. The following environment variables have been detected:
Starting static elaboration
Pass Through NonSizing Optimizer
WARNING: [VRFC 10-3091] actual bit length 8 differs from formal bit length 16 for port 'cfg_function_status_sd' [/home/kokunev/data/git_root/dig/dig_board_pcie_plus_adc/project_1/project_1.ip_user_files/bd/design_1/ip/design_1_xdma_0_0/sim/design_1_xdma_0_0.sv:1634]
WARNING: [VRFC 10-3091] actual bit length 3 differs from formal bit length 2 for port 'cfg_max_payload_sd' [/home/kokunev/data/git_root/dig/dig_board_pcie_plus_adc/project_1/project_1.ip_user_files/bd/design_1/ip/design_1_xdma_0_0/sim/design_1_xdma_0_0.sv:1636]
WARNING: [VRFC 10-3091] actual bit length 6 differs from formal bit length 7 for port 'rbar_bar_size' [/home/kokunev/data/git_root/dig/dig_board_pcie_plus_adc/project_1/project_1.ip_user_files/bd/design_1/ip/design_1_xdma_0_0/xdma_v4_2/hdl/verilog/design_1_xdma_0_0_core_top.sv:4566]
WARNING: [VRFC 10-3091] actual bit length 8 differs from formal bit length 9 for port 'rbar_function_number' [/home/kokunev/data/git_root/dig/dig_board_pcie_plus_adc/project_1/project_1.ip_user_files/bd/design_1/ip/design_1_xdma_0_0/xdma_v4_2/hdl/verilog/design_1_xdma_0_0_core_top.sv:4567]
WARNING: [VRFC 10-3091] actual bit length 64 differs from formal bit length 128 for port 's_axis_c2h_tuser' [/home/kokunev/data/git_root/dig/dig_board_pcie_plus_adc/project_1/project_1.ip_user_files/bd/design_1/ip/design_1_xdma_0_0/xdma_v4_2/hdl/verilog/design_1_xdma_0_0_core_top.sv:4826]
WARNING: [VRFC 10-3091] actual bit length 1 differs from formal bit length 252 for port 'cfg_vf_flr_done' [/wrk/ci/prod/2025.2/sw/continuous/3083/output/customer/vivado/data/ip/xilinx/xdma_v4_2/hdl/xdma_v4_2_vl_rfs.sv:46242]
WARNING: [VRFC 10-3091] actual bit length 12 differs from formal bit length 8 for port 'pcie_fc_nph' [/wrk/ci/prod/2025.2/sw/continuous/3083/output/customer/vivado/data/ip/xilinx/xdma_v4_2/hdl/xdma_v4_2_vl_rfs.sv:46319]
WARNING: [VRFC 10-3091] actual bit length 256 differs from formal bit length 64 for port 'cfg_interrupt_msix_address' [/wrk/ci/prod/2025.2/sw/continuous/3083/output/customer/vivado/data/ip/xilinx/xdma_v4_2/hdl/xdma_v4_2_vl_rfs.sv:46648]
WARNING: [VRFC 10-3091] actual bit length 256 differs from formal bit length 4 for port 'cfg_flr_done' [/wrk/ci/prod/2025.2/sw/continuous/3083/output/customer/vivado/data/ip/xilinx/xdma_v4_2/hdl/xdma_v4_2_vl_rfs.sv:44979]
WARNING: [VRFC 10-3091] actual bit length 3 differs from formal bit length 2 for port 'axi_rrq_rdy' [/wrk/ci/prod/2025.2/sw/continuous/3083/output/customer/vivado/data/ip/xilinx/xdma_v4_2/hdl/xdma_v4_2_vl_rfs.sv:43477]
WARNING: [VRFC 10-3091] actual bit length 3 differs from formal bit length 2 for port 'axi_rrq_vld' [/wrk/ci/prod/2025.2/sw/continuous/3083/output/customer/vivado/data/ip/xilinx/xdma_v4_2/hdl/xdma_v4_2_vl_rfs.sv:43478]
WARNING: [VRFC 10-3091] actual bit length 363 differs from formal bit length 242 for port 'axi_rrq_req' [/wrk/ci/prod/2025.2/sw/continuous/3083/output/customer/vivado/data/ip/xilinx/xdma_v4_2/hdl/xdma_v4_2_vl_rfs.sv:43479]
WARNING: [VRFC 10-5021] port 'ibuf_ds_odiv2' is not connected on this instance [/home/kokunev/data/git_root/dig/dig_board_pcie_plus_adc/project_1/project_1.ip_user_files/bd/design_1/sim/design_1.v:206]
WARNING: [VRFC 10-5021] port 'mb_reset' is not connected on this instance [/home/kokunev/data/git_root/dig/dig_board_pcie_plus_adc/project_1/project_1.ip_user_files/bd/design_1/ip/design_1_axi_smc_0/bd_0/sim/bd_afc3.v:615]
WARNING: [VRFC 10-5021] port 'cfg_fc_vc_sel' is not connected on this instance [/home/kokunev/data/git_root/dig/dig_board_pcie_plus_adc/project_1/project_1.ip_user_files/bd/design_1/ip/design_1_xdma_0_0/sim/design_1_xdma_0_0.sv:283]
WARNING: [VRFC 10-3027] 'cfg_function_status' was previously declared with a different range [/home/kokunev/data/git_root/dig/dig_board_pcie_plus_adc/project_1/project_1.ip_user_files/bd/design_1/ip/design_1_xdma_0_0/xdma_v4_2/hdl/verilog/design_1_xdma_0_0_core_top.sv:3788]
WARNING: [VRFC 10-3027] 'cfg_max_payload' was previously declared with a different range [/home/kokunev/data/git_root/dig/dig_board_pcie_plus_adc/project_1/project_1.ip_user_files/bd/design_1/ip/design_1_xdma_0_0/xdma_v4_2/hdl/verilog/design_1_xdma_0_0_core_top.sv:3772]
WARNING: [VRFC 10-3027] 'cfg_per_function_number' was previously declared with a different range [/home/kokunev/data/git_root/dig/dig_board_pcie_plus_adc/project_1/project_1.ip_user_files/bd/design_1/ip/design_1_xdma_0_0/xdma_v4_2/hdl/verilog/design_1_xdma_0_0_core_top.sv:3785]
WARNING: [VRFC 10-3705] select index 2 into 'h2c_dat_bram_in' is out of bounds [/wrk/ci/prod/2025.2/sw/continuous/3083/output/customer/vivado/data/ip/xilinx/xdma_v4_2/hdl/xdma_v4_2_vl_rfs.sv:42458]
WARNING: [VRFC 10-3705] select index 2 into 'h2c_dat_bram_in' is out of bounds [/wrk/ci/prod/2025.2/sw/continuous/3083/output/customer/vivado/data/ip/xilinx/xdma_v4_2/hdl/xdma_v4_2_vl_rfs.sv:42459]
WARNING: [VRFC 10-3705] select index 2 into 'h2c_dat_bram_out' is out of bounds [/wrk/ci/prod/2025.2/sw/continuous/3083/output/customer/vivado/data/ip/xilinx/xdma_v4_2/hdl/xdma_v4_2_vl_rfs.sv:42460]
WARNING: [VRFC 10-3705] select index 2 into 'h2c_dat_bram_out' is out of bounds [/wrk/ci/prod/2025.2/sw/continuous/3083/output/customer/vivado/data/ip/xilinx/xdma_v4_2/hdl/xdma_v4_2_vl_rfs.sv:42461]
WARNING: [VRFC 10-3705] select index 2 into 'h2c_dat_bram_cmd_out' is out of bounds [/wrk/ci/prod/2025.2/sw/continuous/3083/output/customer/vivado/data/ip/xilinx/xdma_v4_2/hdl/xdma_v4_2_vl_rfs.sv:42462]
WARNING: [VRFC 10-3705] select index 2 into 'h2c_dat_bram_cmd_out' is out of bounds [/wrk/ci/prod/2025.2/sw/continuous/3083/output/customer/vivado/data/ip/xilinx/xdma_v4_2/hdl/xdma_v4_2_vl_rfs.sv:42463]
WARNING: [VRFC 10-3705] select index 2 into 'h2c_dat_bram_cmd_out' is out of bounds [/wrk/ci/prod/2025.2/sw/continuous/3083/output/customer/vivado/data/ip/xilinx/xdma_v4_2/hdl/xdma_v4_2_vl_rfs.sv:42465]
WARNING: [VRFC 10-3705] select index 3 into 'h2c_dat_bram_in' is out of bounds [/wrk/ci/prod/2025.2/sw/continuous/3083/output/customer/vivado/data/ip/xilinx/xdma_v4_2/hdl/xdma_v4_2_vl_rfs.sv:42467]
WARNING: [VRFC 10-3705] select index 3 into 'h2c_dat_bram_in' is out of bounds [/wrk/ci/prod/2025.2/sw/continuous/3083/output/customer/vivado/data/ip/xilinx/xdma_v4_2/hdl/xdma_v4_2_vl_rfs.sv:42468]
WARNING: [VRFC 10-3705] select index 3 into 'h2c_dat_bram_out' is out of bounds [/wrk/ci/prod/2025.2/sw/continuous/3083/output/customer/vivado/data/ip/xilinx/xdma_v4_2/hdl/xdma_v4_2_vl_rfs.sv:42469]
WARNING: [VRFC 10-3705] select index 3 into 'h2c_dat_bram_out' is out of bounds [/wrk/ci/prod/2025.2/sw/continuous/3083/output/customer/vivado/data/ip/xilinx/xdma_v4_2/hdl/xdma_v4_2_vl_rfs.sv:42470]
WARNING: [VRFC 10-3705] select index 3 into 'h2c_dat_bram_cmd_out' is out of bounds [/wrk/ci/prod/2025.2/sw/continuous/3083/output/customer/vivado/data/ip/xilinx/xdma_v4_2/hdl/xdma_v4_2_vl_rfs.sv:42471]
WARNING: [VRFC 10-3705] select index 3 into 'h2c_dat_bram_cmd_out' is out of bounds [/wrk/ci/prod/2025.2/sw/continuous/3083/output/customer/vivado/data/ip/xilinx/xdma_v4_2/hdl/xdma_v4_2_vl_rfs.sv:42472]
WARNING: [VRFC 10-3705] select index 3 into 'h2c_dat_bram_cmd_out' is out of bounds [/wrk/ci/prod/2025.2/sw/continuous/3083/output/customer/vivado/data/ip/xilinx/xdma_v4_2/hdl/xdma_v4_2_vl_rfs.sv:42474]
WARNING: [VRFC 10-3705] select index 2 into 'c2h_dat_bram_in' is out of bounds [/wrk/ci/prod/2025.2/sw/continuous/3083/output/customer/vivado/data/ip/xilinx/xdma_v4_2/hdl/xdma_v4_2_vl_rfs.sv:42494]
WARNING: [VRFC 10-3705] select index 2 into 'c2h_dat_bram_in' is out of bounds [/wrk/ci/prod/2025.2/sw/continuous/3083/output/customer/vivado/data/ip/xilinx/xdma_v4_2/hdl/xdma_v4_2_vl_rfs.sv:42495]
WARNING: [VRFC 10-3705] select index 2 into 'c2h_dat_bram_out' is out of bounds [/wrk/ci/prod/2025.2/sw/continuous/3083/output/customer/vivado/data/ip/xilinx/xdma_v4_2/hdl/xdma_v4_2_vl_rfs.sv:42496]
WARNING: [VRFC 10-3705] select index 2 into 'c2h_dat_bram_out' is out of bounds [/wrk/ci/prod/2025.2/sw/continuous/3083/output/customer/vivado/data/ip/xilinx/xdma_v4_2/hdl/xdma_v4_2_vl_rfs.sv:42497]
WARNING: [VRFC 10-3705] select index 2 into 'c2h_dat_bram_cmd_out' is out of bounds [/wrk/ci/prod/2025.2/sw/continuous/3083/output/customer/vivado/data/ip/xilinx/xdma_v4_2/hdl/xdma_v4_2_vl_rfs.sv:42498]
WARNING: [VRFC 10-3705] select index 2 into 'c2h_dat_bram_cmd_out' is out of bounds [/wrk/ci/prod/2025.2/sw/continuous/3083/output/customer/vivado/data/ip/xilinx/xdma_v4_2/hdl/xdma_v4_2_vl_rfs.sv:42499]
WARNING: [VRFC 10-3705] select index 2 into 'c2h_dat_bram_cmd_out' is out of bounds [/wrk/ci/prod/2025.2/sw/continuous/3083/output/customer/vivado/data/ip/xilinx/xdma_v4_2/hdl/xdma_v4_2_vl_rfs.sv:42501]
WARNING: [VRFC 10-3705] select index 3 into 'c2h_dat_bram_in' is out of bounds [/wrk/ci/prod/2025.2/sw/continuous/3083/output/customer/vivado/data/ip/xilinx/xdma_v4_2/hdl/xdma_v4_2_vl_rfs.sv:42503]
WARNING: [VRFC 10-3705] select index 3 into 'c2h_dat_bram_in' is out of bounds [/wrk/ci/prod/2025.2/sw/continuous/3083/output/customer/vivado/data/ip/xilinx/xdma_v4_2/hdl/xdma_v4_2_vl_rfs.sv:42504]
WARNING: [VRFC 10-3705] select index 3 into 'c2h_dat_bram_out' is out of bounds [/wrk/ci/prod/2025.2/sw/continuous/3083/output/customer/vivado/data/ip/xilinx/xdma_v4_2/hdl/xdma_v4_2_vl_rfs.sv:42505]
WARNING: [VRFC 10-3705] select index 3 into 'c2h_dat_bram_out' is out of bounds [/wrk/ci/prod/2025.2/sw/continuous/3083/output/customer/vivado/data/ip/xilinx/xdma_v4_2/hdl/xdma_v4_2_vl_rfs.sv:42506]
WARNING: [VRFC 10-3705] select index 3 into 'c2h_dat_bram_cmd_out' is out of bounds [/wrk/ci/prod/2025.2/sw/continuous/3083/output/customer/vivado/data/ip/xilinx/xdma_v4_2/hdl/xdma_v4_2_vl_rfs.sv:42507]
WARNING: [VRFC 10-3705] select index 3 into 'c2h_dat_bram_cmd_out' is out of bounds [/wrk/ci/prod/2025.2/sw/continuous/3083/output/customer/vivado/data/ip/xilinx/xdma_v4_2/hdl/xdma_v4_2_vl_rfs.sv:42508]
WARNING: [VRFC 10-3705] select index 3 into 'c2h_dat_bram_cmd_out' is out of bounds [/wrk/ci/prod/2025.2/sw/continuous/3083/output/customer/vivado/data/ip/xilinx/xdma_v4_2/hdl/xdma_v4_2_vl_rfs.sv:42510]
WARNING: [VRFC 10-3705] select index 119 into 's_axis_cq_tuser' is out of bounds [/wrk/ci/prod/2025.2/sw/continuous/3083/output/customer/vivado/data/ip/xilinx/xdma_v4_2/hdl/xdma_v4_2_vl_rfs.sv:28498]
Completed static elaboration
Starting simulation data flow analysis
Completed simulation data flow analysis
Time Resolution for simulation is 1ps
Compiling package std.standard
Compiling package std.textio
Compiling package ieee.std_logic_1164
Compiling package ieee.numeric_std
Compiling package ieee.std_logic_arith
Compiling package ieee.std_logic_unsigned
Compiling package synopsys.attributes
Compiling package ieee.std_logic_misc
Compiling package axi_lite_ipif_v3_0_4.ipif_pkg
Compiling package xpm.vcomponents
Compiling package unisim.vcomponents
Compiling package ieee.vital_timing
Compiling package ieee.vital_primitives
Compiling package unisim.vpkg
Compiling package smartconnect_v1_0.sc_util_v1_0_4_pkg
Compiling package xil_defaultlib.$unit_design_1_xdma_0_0_dma_cpl_...
Compiling package xdma_v4_2_2.$unit_xdma_v4_2_vl_rfs_sv
Compiling module fifo_generator_v13_2_14.fifo_generator_v13_2_14_sync_sta...
Compiling module fifo_generator_v13_2_14.fifo_generator_v13_2_14_bhv_ver_...
Compiling module fifo_generator_v13_2_14.fifo_generator_v13_2_14_bhv_ver_...
Compiling module fifo_generator_v13_2_14.fifo_generator_v13_2_14_CONV_VER...
Compiling module fifo_generator_v13_2_14.fifo_generator_vlog_beh(C_DATA_C...
Compiling module xil_defaultlib.adc_sample_fifo
Compiling module xil_defaultlib.adc_c2h_axis_bridge
Compiling module xil_defaultlib.design_1_adc_c2h_bridge_0_1
Compiling module xil_defaultlib.adc_ctrl(ADC_DATA_W=14)
Compiling module xil_defaultlib.design_1_adc_ctrl_0_2
Compiling architecture imp of entity axi_lite_ipif_v3_0_4.pselect_f [\pselect_f(c_ab=2,c_aw=2,c_bar="...]
Compiling architecture imp of entity axi_lite_ipif_v3_0_4.pselect_f [\pselect_f(c_ab=2,c_aw=2,c_bar="...]
Compiling architecture imp of entity axi_lite_ipif_v3_0_4.pselect_f [\pselect_f(c_ab=2,c_aw=2,c_bar="...]
Compiling architecture imp of entity axi_lite_ipif_v3_0_4.pselect_f [\pselect_f(c_ab=2,c_aw=2,c_bar="...]
Compiling architecture imp of entity axi_lite_ipif_v3_0_4.address_decoder [\address_decoder(c_bus_awidth=9,...]
Compiling architecture imp of entity axi_lite_ipif_v3_0_4.slave_attachment [\slave_attachment(c_ard_addr_ran...]
Compiling architecture imp of entity axi_lite_ipif_v3_0_4.axi_lite_ipif [\axi_lite_ipif(c_s_axi_addr_widt...]
Compiling module xpm.xpm_cdc_array_single(DEST_SYNC_F...
Compiling architecture imp of entity axi_gpio_v2_0_37.GPIO_Core [\GPIO_Core(c_aw=9,c_gpio_width=1...]
Compiling architecture imp of entity axi_gpio_v2_0_37.axi_gpio [\axi_gpio(c_family="artix7",c_gp...]
Compiling architecture design_1_axi_gpio_0_0_arch of entity xil_defaultlib.design_1_axi_gpio_0_0 [design_1_axi_gpio_0_0_default]
Compiling architecture fdre_v of entity unisim.FDRE [fdre_default]
Compiling architecture fdre_v of entity unisim.FDRE [\FDRE(init='1')\]
Compiling architecture srl16e_v of entity unisim.SRL16E [\SRL16E(init="1111111111111111")...]
Compiling architecture srl16_v of entity unisim.SRL16 [\SRL16(init="1111111111111111")(...]
Compiling module xpm.xpm_cdc_single(DEST_SYNC_FF=4,IN...
Compiling architecture imp of entity proc_sys_reset_v5_0_17.lpf [\lpf(c_ext_rst_width=4,c_aux_rst...]
Compiling architecture imp of entity proc_sys_reset_v5_0_17.upcnt_n [\upcnt_n(c_size=6)\]
Compiling architecture imp of entity proc_sys_reset_v5_0_17.sequence_psr [sequence_psr_default]
Compiling architecture imp of entity proc_sys_reset_v5_0_17.proc_sys_reset [\proc_sys_reset(c_family="artix7...]
Compiling architecture bd_afc3_psr_aclk_0_arch of entity xil_defaultlib.bd_afc3_psr_aclk_0 [bd_afc3_psr_aclk_0_default]
Compiling module xil_defaultlib.clk_map_imp_5Y9LOC
Compiling module xpm.xpm_cdc_async_rst(DEST_SYNC_FF=3...
Compiling module xil_defaultlib.bd_afc3_m00e_0
Compiling module xil_defaultlib.m00_exit_pipeline_imp_1TZX5BB
Compiling module xil_defaultlib.bd_afc3_m00s2a_0
Compiling module xil_defaultlib.bd_afc3_s00a2s_0
Compiling module xil_defaultlib.bd_afc3_s00mmu_0
Compiling module xil_defaultlib.bd_afc3_s00sic_0
Compiling module xil_defaultlib.bd_afc3_s00tr_0
Compiling module xil_defaultlib.s00_entry_pipeline_imp_USCCV8
Compiling module xil_defaultlib.bd_afc3_sarn_0
Compiling module xil_defaultlib.bd_afc3_sawn_0
Compiling module xil_defaultlib.bd_afc3_sbn_0
Compiling module xil_defaultlib.bd_afc3_srn_0
Compiling module xil_defaultlib.bd_afc3_swn_0
Compiling module xil_defaultlib.s00_nodes_imp_Y7M43I
Compiling module xil_defaultlib.bd_afc3
Compiling module xil_defaultlib.design_1_axi_smc_0
Compiling module xlconstant_v1_1_10.xlconstant_v1_1_10_xlconstant(CO...
Compiling module xil_defaultlib.design_1_c_sample_valid_1_0
Compiling module unisims_ver.IBUFDS
Compiling module unisims_ver.BUFG
Compiling module unisims_ver.MMCME2_ADV(CLKIN1_PERIOD=5.0,CLK...
Compiling module xil_defaultlib.design_1_clk_wiz_0_1_clk_wiz
Compiling module xil_defaultlib.design_1_clk_wiz_0_1
Compiling module xil_defaultlib.self_pcie_reset
Compiling module xil_defaultlib.design_1_self_pcie_reset_0_0
Compiling architecture bufg_v of entity unisim.BUFG [bufg_default]
Compiling architecture imp of entity xil_defaultlib.util_ds_buf [\util_ds_buf(c_buf_type="BUFG",c...]
Compiling architecture design_1_util_ds_buf_1_0_arch of entity xil_defaultlib.design_1_util_ds_buf_1_0 [design_1_util_ds_buf_1_0_default]
Compiling module xil_defaultlib.pcie_reset_block_0_imp_1DUQC89
Compiling architecture ibuf_v of entity unisim.IBUF [\IBUF(1,9)(1,1)(1,4)(1,7)\]
Compiling architecture ibufds_gte2_v of entity unisim.IBUFDS_GTE2 [\IBUFDS_GTE2(0,1)\]
Compiling architecture imp of entity xil_defaultlib.util_ds_buf [\util_ds_buf(c_buf_type="ibufdsg...]
Compiling architecture design_1_util_ds_buf_0_0_arch of entity xil_defaultlib.design_1_util_ds_buf_0_0 [design_1_util_ds_buf_0_0_default]
Compiling module xil_defaultlib.dma_pcie_axis_rq_if(DATA_WIDTH=1...
Compiling module xil_defaultlib.dma_pcie_axis_cc_if(DATA_WIDTH=1...
Compiling module xil_defaultlib.dma_pcie_axis_rc_if(DATA_WIDTH=1...
Compiling module xil_defaultlib.dma_pcie_axis_cq_if(DATA_WIDTH=1...
Compiling module xil_defaultlib.dma_pcie_misc_output_if_default
Compiling module xil_defaultlib.dma_pcie_misc_input_if_default
Compiling module xil_defaultlib.dma_pcie_gic_if_default
Compiling module xil_defaultlib.dma_pcie_fabric_output_if_defaul...
Compiling module xil_defaultlib.dma_pcie_fabric_input_if_default
Compiling module xil_defaultlib.dma_pcie_mi_4Bx2048_4Bwe_ram_if_...
Compiling module xil_defaultlib.dma_pcie_mi_16Bx2048_4Bwe_ram_if...
Compiling module xil_defaultlib.dma_pcie_mi_2Bx2048_ram_if_defau...
Compiling module xil_defaultlib.dma_pcie_mi_8Bx2048_4Bwe_ram_if_...
Compiling module xil_defaultlib.dma_pcie_mi_dsc_cpli_if_default
Compiling module xil_defaultlib.dma_pcie_mi_dsc_cpld_if_default
Compiling module xil_defaultlib.dma_pcie_dsc_in_if_default
Compiling module xil_defaultlib.dma_pcie_dsc_out_if_default
Compiling module xil_defaultlib.dma_pcie_mi_64Bx256_32Bwe_ram_if...
Compiling module xil_defaultlib.dma_pcie_mi_64Bx512_32Bwe_ram_if...
Compiling module xil_defaultlib.dma_pcie_mi_64Bx2048_32Bwe_ram_i...
Compiling module xil_defaultlib.dma_pcie_mi_64Bx1024_32Bwe_ram_i...
Compiling module xdma_v4_2_2.xdma_v4_2_2_GenericFIFOHead(BUF_...
Compiling module xdma_v4_2_2.xdma_v4_2_2_GenericFIFOHead(BUF_...
Compiling module xdma_v4_2_2.xdma_v4_2_2_GenericFIFOHead(BUF_...
Compiling module xdma_v4_2_2.xdma_v4_2_2_GenericFIFO(BUF_DATA...
Compiling module xdma_v4_2_2.xdma_v4_2_2_GenericFIFO(BUF_DATA...
Compiling module xdma_v4_2_2.xdma_v4_2_2_GenericFIFOAsync(BUF...
Compiling module xdma_v4_2_2.xdma_v4_2_2_GenericFIFOHead(BUF_...
Compiling module xdma_v4_2_2.xdma_v4_2_2_GenericFIFO(BUF_DATA...
WARNING: [VRFC 10-3705] select index 134 into 's_axis_cq_tuser' is out of bounds [/wrk/ci/prod/2025.2/sw/continuous/3083/output/customer/vivado/data/ip/xilinx/xdma_v4_2/hdl/xdma_v4_2_vl_rfs.sv:28498]
Compiling module xdma_v4_2_2.xdma_v4_2_2_GenericFIFO(BUF_DATA...
Compiling module xdma_v4_2_2.xdma_v4_2_2_GenericFIFOAsync(BUF...
Compiling module xdma_v4_2_2.xdma_v4_2_2_GenericFIFOAsync(BUF...
Compiling module xdma_v4_2_2.xdma_v4_2_2_GenericFIFO(BUF_DATA...
Compiling module xdma_v4_2_2.xdma_v4_2_2_GenericFIFO(BUF_DATA...
Compiling module xdma_v4_2_2.xdma_v4_2_2_GenericFIFOHead2(BUF...
Compiling module xdma_v4_2_2.xdma_v4_2_2_GenericFIFO(BUF_DATA...
Compiling module xdma_v4_2_2.xdma_v4_2_2_GenericFIFO(BUF_DATA...
Compiling module xpm.xpm_cdc_single(SRC_INPUT_REG=0)
WARNING: [VRFC 10-3705] select index 2 into 'xilinx_isim_temp_129_ln42425_blkAssignCaching' is out of bounds [/wrk/ci/prod/2025.2/sw/continuous/3083/output/customer/vivado/data/ip/xilinx/xdma_v4_2/hdl/xdma_v4_2_vl_rfs.sv:42458]
WARNING: [VRFC 10-3705] select index 2 into 'xilinx_isim_temp_129_ln42425_blkAssignCaching' is out of bounds [/wrk/ci/prod/2025.2/sw/continuous/3083/output/customer/vivado/data/ip/xilinx/xdma_v4_2/hdl/xdma_v4_2_vl_rfs.sv:42459]
WARNING: [VRFC 10-3705] select index 2 into 'h2c_dat_bram_out' is out of bounds [/wrk/ci/prod/2025.2/sw/continuous/3083/output/customer/vivado/data/ip/xilinx/xdma_v4_2/hdl/xdma_v4_2_vl_rfs.sv:42460]
WARNING: [VRFC 10-3705] select index 2 into 'h2c_dat_bram_out' is out of bounds [/wrk/ci/prod/2025.2/sw/continuous/3083/output/customer/vivado/data/ip/xilinx/xdma_v4_2/hdl/xdma_v4_2_vl_rfs.sv:42461]
WARNING: [VRFC 10-3705] select index 2 into 'h2c_dat_bram_cmd_out' is out of bounds [/wrk/ci/prod/2025.2/sw/continuous/3083/output/customer/vivado/data/ip/xilinx/xdma_v4_2/hdl/xdma_v4_2_vl_rfs.sv:42462]
WARNING: [VRFC 10-3705] select index 2 into 'h2c_dat_bram_cmd_out' is out of bounds [/wrk/ci/prod/2025.2/sw/continuous/3083/output/customer/vivado/data/ip/xilinx/xdma_v4_2/hdl/xdma_v4_2_vl_rfs.sv:42463]
WARNING: [VRFC 10-3705] select index 2 into 'h2c_dat_bram_cmd_out' is out of bounds [/wrk/ci/prod/2025.2/sw/continuous/3083/output/customer/vivado/data/ip/xilinx/xdma_v4_2/hdl/xdma_v4_2_vl_rfs.sv:42465]
WARNING: [VRFC 10-3705] select index 3 into 'xilinx_isim_temp_129_ln42425_blkAssignCaching' is out of bounds [/wrk/ci/prod/2025.2/sw/continuous/3083/output/customer/vivado/data/ip/xilinx/xdma_v4_2/hdl/xdma_v4_2_vl_rfs.sv:42467]
WARNING: [VRFC 10-3705] select index 3 into 'xilinx_isim_temp_129_ln42425_blkAssignCaching' is out of bounds [/wrk/ci/prod/2025.2/sw/continuous/3083/output/customer/vivado/data/ip/xilinx/xdma_v4_2/hdl/xdma_v4_2_vl_rfs.sv:42468]
WARNING: [VRFC 10-3705] select index 3 into 'h2c_dat_bram_out' is out of bounds [/wrk/ci/prod/2025.2/sw/continuous/3083/output/customer/vivado/data/ip/xilinx/xdma_v4_2/hdl/xdma_v4_2_vl_rfs.sv:42469]
WARNING: [VRFC 10-3705] select index 3 into 'h2c_dat_bram_out' is out of bounds [/wrk/ci/prod/2025.2/sw/continuous/3083/output/customer/vivado/data/ip/xilinx/xdma_v4_2/hdl/xdma_v4_2_vl_rfs.sv:42470]
WARNING: [VRFC 10-3705] select index 3 into 'h2c_dat_bram_cmd_out' is out of bounds [/wrk/ci/prod/2025.2/sw/continuous/3083/output/customer/vivado/data/ip/xilinx/xdma_v4_2/hdl/xdma_v4_2_vl_rfs.sv:42471]
WARNING: [VRFC 10-3705] select index 3 into 'h2c_dat_bram_cmd_out' is out of bounds [/wrk/ci/prod/2025.2/sw/continuous/3083/output/customer/vivado/data/ip/xilinx/xdma_v4_2/hdl/xdma_v4_2_vl_rfs.sv:42472]
WARNING: [VRFC 10-3705] select index 3 into 'h2c_dat_bram_cmd_out' is out of bounds [/wrk/ci/prod/2025.2/sw/continuous/3083/output/customer/vivado/data/ip/xilinx/xdma_v4_2/hdl/xdma_v4_2_vl_rfs.sv:42474]
WARNING: [VRFC 10-3705] select index 2 into 'xilinx_isim_temp_130_ln42428_blkAssignCaching' is out of bounds [/wrk/ci/prod/2025.2/sw/continuous/3083/output/customer/vivado/data/ip/xilinx/xdma_v4_2/hdl/xdma_v4_2_vl_rfs.sv:42494]
WARNING: [VRFC 10-3705] select index 2 into 'xilinx_isim_temp_130_ln42428_blkAssignCaching' is out of bounds [/wrk/ci/prod/2025.2/sw/continuous/3083/output/customer/vivado/data/ip/xilinx/xdma_v4_2/hdl/xdma_v4_2_vl_rfs.sv:42495]
WARNING: [VRFC 10-3705] select index 2 into 'c2h_dat_bram_out' is out of bounds [/wrk/ci/prod/2025.2/sw/continuous/3083/output/customer/vivado/data/ip/xilinx/xdma_v4_2/hdl/xdma_v4_2_vl_rfs.sv:42496]
WARNING: [VRFC 10-3705] select index 2 into 'c2h_dat_bram_out' is out of bounds [/wrk/ci/prod/2025.2/sw/continuous/3083/output/customer/vivado/data/ip/xilinx/xdma_v4_2/hdl/xdma_v4_2_vl_rfs.sv:42497]
WARNING: [VRFC 10-3705] select index 2 into 'c2h_dat_bram_cmd_out' is out of bounds [/wrk/ci/prod/2025.2/sw/continuous/3083/output/customer/vivado/data/ip/xilinx/xdma_v4_2/hdl/xdma_v4_2_vl_rfs.sv:42498]
WARNING: [VRFC 10-3705] select index 2 into 'c2h_dat_bram_cmd_out' is out of bounds [/wrk/ci/prod/2025.2/sw/continuous/3083/output/customer/vivado/data/ip/xilinx/xdma_v4_2/hdl/xdma_v4_2_vl_rfs.sv:42499]
WARNING: [VRFC 10-3705] select index 2 into 'c2h_dat_bram_cmd_out' is out of bounds [/wrk/ci/prod/2025.2/sw/continuous/3083/output/customer/vivado/data/ip/xilinx/xdma_v4_2/hdl/xdma_v4_2_vl_rfs.sv:42501]
WARNING: [VRFC 10-3705] select index 3 into 'xilinx_isim_temp_130_ln42428_blkAssignCaching' is out of bounds [/wrk/ci/prod/2025.2/sw/continuous/3083/output/customer/vivado/data/ip/xilinx/xdma_v4_2/hdl/xdma_v4_2_vl_rfs.sv:42503]
WARNING: [VRFC 10-3705] select index 3 into 'xilinx_isim_temp_130_ln42428_blkAssignCaching' is out of bounds [/wrk/ci/prod/2025.2/sw/continuous/3083/output/customer/vivado/data/ip/xilinx/xdma_v4_2/hdl/xdma_v4_2_vl_rfs.sv:42504]
WARNING: [VRFC 10-3705] select index 3 into 'c2h_dat_bram_out' is out of bounds [/wrk/ci/prod/2025.2/sw/continuous/3083/output/customer/vivado/data/ip/xilinx/xdma_v4_2/hdl/xdma_v4_2_vl_rfs.sv:42505]
WARNING: [VRFC 10-3705] select index 3 into 'c2h_dat_bram_out' is out of bounds [/wrk/ci/prod/2025.2/sw/continuous/3083/output/customer/vivado/data/ip/xilinx/xdma_v4_2/hdl/xdma_v4_2_vl_rfs.sv:42506]
WARNING: [VRFC 10-3705] select index 3 into 'c2h_dat_bram_cmd_out' is out of bounds [/wrk/ci/prod/2025.2/sw/continuous/3083/output/customer/vivado/data/ip/xilinx/xdma_v4_2/hdl/xdma_v4_2_vl_rfs.sv:42507]
WARNING: [VRFC 10-3705] select index 3 into 'c2h_dat_bram_cmd_out' is out of bounds [/wrk/ci/prod/2025.2/sw/continuous/3083/output/customer/vivado/data/ip/xilinx/xdma_v4_2/hdl/xdma_v4_2_vl_rfs.sv:42508]
WARNING: [VRFC 10-3705] select index 3 into 'c2h_dat_bram_cmd_out' is out of bounds [/wrk/ci/prod/2025.2/sw/continuous/3083/output/customer/vivado/data/ip/xilinx/xdma_v4_2/hdl/xdma_v4_2_vl_rfs.sv:42510]
Compiling module xpm.xpm_memory_base(MEMORY_TYPE=1,ME...
Compiling module xpm.xpm_memory_sdpram(MEMORY_SIZE=36...
Compiling module xpm.xpm_memory_base(MEMORY_TYPE=1,ME...
Compiling module xpm.xpm_memory_sdpram(MEMORY_SIZE=73...
Compiling module fifo_generator_v13_2_14.fifo_generator_v13_2_14_bhv_ver_...
Compiling module fifo_generator_v13_2_14.fifo_generator_v13_2_14_bhv_ver_...
Compiling module fifo_generator_v13_2_14.fifo_generator_v13_2_14_CONV_VER...
Compiling module fifo_generator_v13_2_14.fifo_generator_vlog_beh(C_COMMON...
Compiling module xil_defaultlib.pcie2_fifo_generator_dma_cpl
Compiling module fifo_generator_v13_2_14.fifo_generator_v13_2_14_bhv_ver_...
Compiling module fifo_generator_v13_2_14.fifo_generator_v13_2_14_bhv_ver_...
Compiling module fifo_generator_v13_2_14.fifo_generator_v13_2_14_CONV_VER...
Compiling module fifo_generator_v13_2_14.fifo_generator_vlog_beh(C_COMMON...
Compiling module xil_defaultlib.pcie2_fifo_generator_tgt_brdg
Compiling module xil_defaultlib.design_1_xdma_0_0_rx_destraddler...
Compiling module xil_defaultlib.design_1_xdma_0_0_rx_demux(C_AXI...
Compiling module xil_defaultlib.design_1_xdma_0_0_tx_mux(C_AXI_D...
Compiling module xil_defaultlib.design_1_xdma_0_0_dma_req(C_AXI_...
Compiling module xil_defaultlib.design_1_xdma_0_0_dma_cpl(C_AXI_...
Compiling module xil_defaultlib.design_1_xdma_0_0_tgt_req(C_AXI_...
Compiling module xil_defaultlib.design_1_xdma_0_0_tgt_cpl(C_AXI_...
Compiling module xil_defaultlib.design_1_xdma_0_0_axi_stream_int...
Compiling module xil_defaultlib.design_1_xdma_0_0_cfg_sideband(C...
Compiling module xpm.xpm_cdc_single(DEST_SYNC_FF=2,SR...
Compiling module xil_defaultlib.design_1_xdma_0_0_pcie2_ip_axi_b...
Compiling module xil_defaultlib.design_1_xdma_0_0_pcie2_ip_axi_b...
Compiling module xil_defaultlib.design_1_xdma_0_0_pcie2_ip_axi_b...
Compiling module xil_defaultlib.design_1_xdma_0_0_pcie2_ip_axi_b...
Compiling module xil_defaultlib.design_1_xdma_0_0_pcie2_ip_axi_b...
Compiling module xil_defaultlib.design_1_xdma_0_0_pcie2_ip_axi_b...
Compiling module xil_defaultlib.design_1_xdma_0_0_pcie2_ip_axi_b...
Compiling module unisims_ver.RB36_INTERNAL_VLOG(DOB_REG=1,REA...
Compiling module unisims_ver.RAMB36E1(DOB_REG=1,READ_WIDTH_A=...
Compiling module unimacro_ver.BRAM_TDP_MACRO(BRAM_SIZE="36Kb",...
Compiling module xil_defaultlib.design_1_xdma_0_0_pcie2_ip_pcie_...
Compiling module xil_defaultlib.design_1_xdma_0_0_pcie2_ip_pcie_...
Compiling module xil_defaultlib.design_1_xdma_0_0_pcie2_ip_pcie_...
Compiling module unisims_ver.PCIE_2_1(AER_BASE_PTR=12'b0,AER_...
Compiling module xil_defaultlib.design_1_xdma_0_0_pcie2_ip_pcie_...
Compiling module xil_defaultlib.design_1_xdma_0_0_pcie2_ip_pcie_...
Compiling module xil_defaultlib.design_1_xdma_0_0_pcie2_ip_pcie_...
Compiling module xil_defaultlib.design_1_xdma_0_0_pcie2_ip_pcie_...
Compiling module xil_defaultlib.design_1_xdma_0_0_pcie2_ip_pcie_...
Compiling module xil_defaultlib.design_1_xdma_0_0_pcie2_ip_gt_rx...
Compiling module unisims_ver.MMCME2_ADV(CLKFBOUT_MULT_F=10.0,...
Compiling module unisims_ver.BUFGCTRL
Compiling module xil_defaultlib.design_1_xdma_0_0_pcie2_ip_pipe_...
Compiling module xil_defaultlib.design_1_xdma_0_0_pcie2_ip_gtp_p...
Compiling module xil_defaultlib.design_1_xdma_0_0_pcie2_ip_pipe_...
Compiling module xil_defaultlib.design_1_xdma_0_0_pcie2_ip_gtp_p...
Compiling module xil_defaultlib.design_1_xdma_0_0_pcie2_ip_pipe_...
Compiling module xil_defaultlib.design_1_xdma_0_0_pcie2_ip_gtp_p...
Compiling module xil_defaultlib.design_1_xdma_0_0_pcie2_ip_qpll_...
Compiling module unisims_ver.GTPE2_COMMON(BIAS_CFG=64'b010100...
Compiling module xil_defaultlib.design_1_xdma_0_0_pcie2_ip_gtp_c...
Compiling module xil_defaultlib.design_1_xdma_0_0_pcie2_ip_qpll_...
Compiling module xil_defaultlib.design_1_xdma_0_0_pcie2_ip_gt_co...
Compiling module xil_defaultlib.design_1_xdma_0_0_pcie2_ip_gtx_c...
Compiling module unisims_ver.GTPE2_CHANNEL(ALIGN_COMMA_ENABLE...
Compiling module xil_defaultlib.design_1_xdma_0_0_pcie2_ip_gt_wr...
Compiling module xil_defaultlib.design_1_xdma_0_0_pcie2_ip_pipe_...
Compiling module xil_defaultlib.design_1_xdma_0_0_pcie2_ip_gt_to...
Compiling module xil_defaultlib.design_1_xdma_0_0_pcie2_ip_core_...
Compiling module xil_defaultlib.design_1_xdma_0_0_pcie2_ip_pcie2...
Compiling module xil_defaultlib.design_1_xdma_0_0_pcie2_ip
Compiling module xil_defaultlib.design_1_xdma_0_0_pcie2_to_pcie3...
Compiling module xil_defaultlib.design_1_xdma_0_0_core_top(PL_UP...
Compiling module xil_defaultlib.design_1_xdma_0_0
Compiling module xil_defaultlib.design_1
Compiling module xil_defaultlib.design_1_wrapper
Compiling module xil_defaultlib.glbl
Built simulation snapshot design_1_wrapper_behav
