#-----------------------------------------------------------
# Vivado v2025.2 (64-bit)
# SW Build 6299465 on Fri Nov 14 12:34:56 MST 2025
# IP Build 6300035 on Fri Nov 14 10:48:45 MST 2025
# SharedData Build 6298862 on Thu Nov 13 04:50:51 MST 2025
# Start of session at: Thu Sep  3 18:23:36 2026
# Process ID         : 2509183
# Current directory  : /home/kokunev/data/git_root/dig/dig_board_pcie_plus_adc/project_1
# Command line       : vivado -mode batch -source /tmp/bd_check.tcl
# Log file           : /home/kokunev/data/git_root/dig/dig_board_pcie_plus_adc/project_1/vivado.log
# Journal file       : /home/kokunev/data/git_root/dig/dig_board_pcie_plus_adc/project_1/vivado.jou
# Running On         : emerald
# Platform           : Ubuntu
# Operating System   : Ubuntu 26.04.1 LTS
# Processor Detail   : 12th Gen Intel(R) Core(TM) i7-12700
# CPU Frequency      : 2781.523 MHz
# CPU Physical cores : 12
# CPU Logical cores  : 20
# Host memory        : 65777 MB
# Swap memory        : 8589 MB
# Total Virtual      : 74367 MB
# Available Virtual  : 51790 MB
#-----------------------------------------------------------
WARNING: [Runs 36-547] User Strategy 'Vivado Implementation Defaults' from file '/home/kokunev/.Xilinx/Vivado/2025.2/strategies/Vivado Implementation Defaults.Vivado Implementation 2025.psg' discarded because strategy with same name already parsed from '/opt/Xilinx_2/2025.2/Vivado/strategies/VDI2025.psg'
WARNING: [Runs 36-547] User Strategy 'Vivado Implementation Defaults' from file '/home/kokunev/.Xilinx/Vivado/2025.2/strategies/Vivado Implementation Defaults_2.Vivado Implementation 2025.psg' discarded because strategy with same name already parsed from '/opt/Xilinx_2/2025.2/Vivado/strategies/VDI2025.psg'
source /tmp/bd_check.tcl
couldn't read file "/tmp/bd_check.tcl": no such file or directory
INFO: [Common 17-206] Exiting Vivado at Thu Sep  3 18:23:38 2026...
