
*** Running vivado
    with args -log design_1_wrapper.vdi -applog -m64 -product Vivado -messageDb vivado.pb -mode batch -source design_1_wrapper.tcl -notrace


****** Vivado v2025.2 (64-bit)
  **** SW Build 6299465 on Fri Nov 14 12:34:56 MST 2025
  **** IP Build 6300035 on Fri Nov 14 10:48:45 MST 2025
  **** SharedData Build 6298862 on Thu Nov 13 04:50:51 MST 2025
  **** Start of session at: Tue Aug 25 18:12:15 2026
    ** Copyright 1986-2022 Xilinx, Inc. All Rights Reserved.
    ** Copyright 2022-2025 Advanced Micro Devices, Inc. All Rights Reserved.

WARNING: [Runs 36-547] User Strategy 'Vivado Implementation Defaults' from file '/home/kokunev/.Xilinx/Vivado/2025.2/strategies/Vivado Implementation Defaults.Vivado Implementation 2025.psg' discarded because strategy with same name already parsed from '/opt/Xilinx_2/2025.2/Vivado/strategies/VDI2025.psg'
WARNING: [Runs 36-547] User Strategy 'Vivado Implementation Defaults' from file '/home/kokunev/.Xilinx/Vivado/2025.2/strategies/Vivado Implementation Defaults_2.Vivado Implementation 2025.psg' discarded because strategy with same name already parsed from '/opt/Xilinx_2/2025.2/Vivado/strategies/VDI2025.psg'
source design_1_wrapper.tcl -notrace
INFO: [IP_Flow 19-234] Refreshing IP repositories
INFO: [IP_Flow 19-1704] No user IP repositories specified
INFO: [IP_Flow 19-2313] Loaded Vivado IP repository '/opt/Xilinx_2/2025.2/data/ip'.
Command: link_design -top design_1_wrapper -part xc7a100tfgg484-2
Design is defaulting to srcset: sources_1
Design is defaulting to constrset: constrs_1
INFO: [Device 21-403] Loading part xc7a100tfgg484-2
Netlist sorting complete. Time (s): cpu = 00:00:00.24 ; elapsed = 00:00:00.24 . Memory (MB): peak = 1823.824 ; gain = 0.000 ; free physical = 49014 ; free virtual = 61411
INFO: [Netlist 29-17] Analyzing 1722 Unisim elements for replacement
INFO: [Netlist 29-28] Unisim Transformation completed in 0 CPU seconds
WARNING: [Netlist 29-1115] Found multi-term driver net: design_1_i/util_ds_buf_0/U0/<const0>.
WARNING: [Netlist 29-1115] Found multi-term driver net: design_1_i/util_ds_buf/U0/<const0>.
INFO: [Project 1-479] Netlist was created with Vivado 2025.2
INFO: [Project 1-570] Preparing netlist for logic optimization
Parsing XDC File [/home/kokunev/data/git_root/dig/dig_board_streamer/dig_streamer/dig_streamer.srcs/constrs_1/imports/new/early.xdc]
Finished Parsing XDC File [/home/kokunev/data/git_root/dig/dig_board_streamer/dig_streamer/dig_streamer.srcs/constrs_1/imports/new/early.xdc]
Parsing XDC File [/home/kokunev/data/git_root/dig/dig_board_streamer/dig_streamer/dig_streamer.gen/sources_1/bd/design_1/ip/design_1_xdma_0_0/ip_4/pcie2_fifo_generator_tgt_brdg.xdc] for cell 'design_1_i/xdma_0/inst/design_1_xdma_0_0_pcie2_to_pcie3_wrapper_i/design_1_xdma_0_0_axi_stream_intf_i/design_1_xdma_0_0_rx_demux_i/tgt_brdg_fifo_inst/U0'
Finished Parsing XDC File [/home/kokunev/data/git_root/dig/dig_board_streamer/dig_streamer/dig_streamer.gen/sources_1/bd/design_1/ip/design_1_xdma_0_0/ip_4/pcie2_fifo_generator_tgt_brdg.xdc] for cell 'design_1_i/xdma_0/inst/design_1_xdma_0_0_pcie2_to_pcie3_wrapper_i/design_1_xdma_0_0_axi_stream_intf_i/design_1_xdma_0_0_rx_demux_i/tgt_brdg_fifo_inst/U0'
Parsing XDC File [/home/kokunev/data/git_root/dig/dig_board_streamer/dig_streamer/dig_streamer.gen/sources_1/bd/design_1/ip/design_1_xdma_0_0/ip_3/pcie2_fifo_generator_dma_cpl.xdc] for cell 'design_1_i/xdma_0/inst/design_1_xdma_0_0_pcie2_to_pcie3_wrapper_i/design_1_xdma_0_0_axi_stream_intf_i/design_1_xdma_0_0_rx_demux_i/dma_cpl_fifo_inst/U0'
Finished Parsing XDC File [/home/kokunev/data/git_root/dig/dig_board_streamer/dig_streamer/dig_streamer.gen/sources_1/bd/design_1/ip/design_1_xdma_0_0/ip_3/pcie2_fifo_generator_dma_cpl.xdc] for cell 'design_1_i/xdma_0/inst/design_1_xdma_0_0_pcie2_to_pcie3_wrapper_i/design_1_xdma_0_0_axi_stream_intf_i/design_1_xdma_0_0_rx_demux_i/dma_cpl_fifo_inst/U0'
Parsing XDC File [/home/kokunev/data/git_root/dig/dig_board_streamer/dig_streamer/dig_streamer.gen/sources_1/bd/design_1/ip/design_1_xdma_0_0/ip_0/source/design_1_xdma_0_0_pcie2_ip-PCIE_X0Y0.xdc] for cell 'design_1_i/xdma_0/inst/design_1_xdma_0_0_pcie2_to_pcie3_wrapper_i/pcie2_ip_i/inst'
CRITICAL WARNING: [Vivado 12-2285] Cannot set LOC property of instance 'design_1_i/xdma_0/inst/design_1_xdma_0_0_pcie2_to_pcie3_wrapper_i/pcie2_ip_i/inst/inst/gt_top_i/pipe_wrapper_i/pipe_lane[0].gt_wrapper_i/gtp_channel.gtpe2_channel_i'... design_1_i/xdma_0/inst/design_1_xdma_0_0_pcie2_to_pcie3_wrapper_i/pcie2_ip_i/inst/inst/gt_top_i/pipe_wrapper_i/pipe_lane[0].gt_wrapper_i/gtp_channel.gtpe2_channel_i. Instance design_1_i/xdma_0/inst/design_1_xdma_0_0_pcie2_to_pcie3_wrapper_i/pcie2_ip_i/inst/inst/gt_top_i/pipe_wrapper_i/pipe_lane[0].gt_wrapper_i/gtp_channel.gtpe2_channel_i can not be placed in GTPE2_CHANNEL of site GTPE2_CHANNEL_X0Y7 because the bel is occupied. This could be caused by bel constraint conflict.
This bel location is occupied by the following instances: 
  design_1_i/xdma_0/inst/design_1_xdma_0_0_pcie2_to_pcie3_wrapper_i/pcie2_ip_i/inst/inst/gt_top_i/pipe_wrapper_i/pipe_lane[3].gt_wrapper_i/gtp_channel.gtpe2_channel_i
 [/home/kokunev/data/git_root/dig/dig_board_streamer/dig_streamer/dig_streamer.gen/sources_1/bd/design_1/ip/design_1_xdma_0_0/ip_0/source/design_1_xdma_0_0_pcie2_ip-PCIE_X0Y0.xdc:95]
Resolution: When using BEL constraints, ensure the BEL constraints are defined before the LOC constraints to avoid conflicts at a given site.
CRITICAL WARNING: [Vivado 12-2285] Cannot set LOC property of instance 'design_1_i/xdma_0/inst/design_1_xdma_0_0_pcie2_to_pcie3_wrapper_i/pcie2_ip_i/inst/inst/gt_top_i/pipe_wrapper_i/pipe_lane[1].gt_wrapper_i/gtp_channel.gtpe2_channel_i'... design_1_i/xdma_0/inst/design_1_xdma_0_0_pcie2_to_pcie3_wrapper_i/pcie2_ip_i/inst/inst/gt_top_i/pipe_wrapper_i/pipe_lane[1].gt_wrapper_i/gtp_channel.gtpe2_channel_i. Instance design_1_i/xdma_0/inst/design_1_xdma_0_0_pcie2_to_pcie3_wrapper_i/pcie2_ip_i/inst/inst/gt_top_i/pipe_wrapper_i/pipe_lane[1].gt_wrapper_i/gtp_channel.gtpe2_channel_i can not be placed in GTPE2_CHANNEL of site GTPE2_CHANNEL_X0Y6 because the bel is occupied. This could be caused by bel constraint conflict.
This bel location is occupied by the following instances: 
  design_1_i/xdma_0/inst/design_1_xdma_0_0_pcie2_to_pcie3_wrapper_i/pcie2_ip_i/inst/inst/gt_top_i/pipe_wrapper_i/pipe_lane[2].gt_wrapper_i/gtp_channel.gtpe2_channel_i
 [/home/kokunev/data/git_root/dig/dig_board_streamer/dig_streamer/dig_streamer.gen/sources_1/bd/design_1/ip/design_1_xdma_0_0/ip_0/source/design_1_xdma_0_0_pcie2_ip-PCIE_X0Y0.xdc:97]
Resolution: When using BEL constraints, ensure the BEL constraints are defined before the LOC constraints to avoid conflicts at a given site.
CRITICAL WARNING: [Vivado 12-2285] Cannot set LOC property of instance 'design_1_i/xdma_0/inst/design_1_xdma_0_0_pcie2_to_pcie3_wrapper_i/pcie2_ip_i/inst/inst/gt_top_i/pipe_wrapper_i/pipe_lane[2].gt_wrapper_i/gtp_channel.gtpe2_channel_i'... design_1_i/xdma_0/inst/design_1_xdma_0_0_pcie2_to_pcie3_wrapper_i/pcie2_ip_i/inst/inst/gt_top_i/pipe_wrapper_i/pipe_lane[2].gt_wrapper_i/gtp_channel.gtpe2_channel_i. Instance design_1_i/xdma_0/inst/design_1_xdma_0_0_pcie2_to_pcie3_wrapper_i/pcie2_ip_i/inst/inst/gt_top_i/pipe_wrapper_i/pipe_lane[2].gt_wrapper_i/gtp_channel.gtpe2_channel_i can not be placed in GTPE2_CHANNEL of site GTPE2_CHANNEL_X0Y5 because the bel is occupied. This could be caused by bel constraint conflict.
This bel location is occupied by the following instances: 
  design_1_i/xdma_0/inst/design_1_xdma_0_0_pcie2_to_pcie3_wrapper_i/pcie2_ip_i/inst/inst/gt_top_i/pipe_wrapper_i/pipe_lane[1].gt_wrapper_i/gtp_channel.gtpe2_channel_i
 [/home/kokunev/data/git_root/dig/dig_board_streamer/dig_streamer/dig_streamer.gen/sources_1/bd/design_1/ip/design_1_xdma_0_0/ip_0/source/design_1_xdma_0_0_pcie2_ip-PCIE_X0Y0.xdc:99]
Resolution: When using BEL constraints, ensure the BEL constraints are defined before the LOC constraints to avoid conflicts at a given site.
CRITICAL WARNING: [Vivado 12-2285] Cannot set LOC property of instance 'design_1_i/xdma_0/inst/design_1_xdma_0_0_pcie2_to_pcie3_wrapper_i/pcie2_ip_i/inst/inst/gt_top_i/pipe_wrapper_i/pipe_lane[3].gt_wrapper_i/gtp_channel.gtpe2_channel_i'... design_1_i/xdma_0/inst/design_1_xdma_0_0_pcie2_to_pcie3_wrapper_i/pcie2_ip_i/inst/inst/gt_top_i/pipe_wrapper_i/pipe_lane[3].gt_wrapper_i/gtp_channel.gtpe2_channel_i. Instance design_1_i/xdma_0/inst/design_1_xdma_0_0_pcie2_to_pcie3_wrapper_i/pcie2_ip_i/inst/inst/gt_top_i/pipe_wrapper_i/pipe_lane[3].gt_wrapper_i/gtp_channel.gtpe2_channel_i can not be placed in GTPE2_CHANNEL of site GTPE2_CHANNEL_X0Y4 because the bel is occupied. This could be caused by bel constraint conflict.
This bel location is occupied by the following instances: 
  design_1_i/xdma_0/inst/design_1_xdma_0_0_pcie2_to_pcie3_wrapper_i/pcie2_ip_i/inst/inst/gt_top_i/pipe_wrapper_i/pipe_lane[0].gt_wrapper_i/gtp_channel.gtpe2_channel_i
 [/home/kokunev/data/git_root/dig/dig_board_streamer/dig_streamer/dig_streamer.gen/sources_1/bd/design_1/ip/design_1_xdma_0_0/ip_0/source/design_1_xdma_0_0_pcie2_ip-PCIE_X0Y0.xdc:101]
Resolution: When using BEL constraints, ensure the BEL constraints are defined before the LOC constraints to avoid conflicts at a given site.
INFO: [Timing 38-35] Done setting XDC timing constraints. [/home/kokunev/data/git_root/dig/dig_board_streamer/dig_streamer/dig_streamer.gen/sources_1/bd/design_1/ip/design_1_xdma_0_0/ip_0/source/design_1_xdma_0_0_pcie2_ip-PCIE_X0Y0.xdc:139]
INFO: [Timing 38-2] Deriving generated clocks [/home/kokunev/data/git_root/dig/dig_board_streamer/dig_streamer/dig_streamer.gen/sources_1/bd/design_1/ip/design_1_xdma_0_0/ip_0/source/design_1_xdma_0_0_pcie2_ip-PCIE_X0Y0.xdc:139]
Finished Parsing XDC File [/home/kokunev/data/git_root/dig/dig_board_streamer/dig_streamer/dig_streamer.gen/sources_1/bd/design_1/ip/design_1_xdma_0_0/ip_0/source/design_1_xdma_0_0_pcie2_ip-PCIE_X0Y0.xdc] for cell 'design_1_i/xdma_0/inst/design_1_xdma_0_0_pcie2_to_pcie3_wrapper_i/pcie2_ip_i/inst'
Parsing XDC File [/home/kokunev/data/git_root/dig/dig_board_streamer/dig_streamer/dig_streamer.gen/sources_1/bd/design_1/ip/design_1_xdma_0_0/design_1_xdma_0_0_board.xdc] for cell 'design_1_i/xdma_0/inst'
Finished Parsing XDC File [/home/kokunev/data/git_root/dig/dig_board_streamer/dig_streamer/dig_streamer.gen/sources_1/bd/design_1/ip/design_1_xdma_0_0/design_1_xdma_0_0_board.xdc] for cell 'design_1_i/xdma_0/inst'
Parsing XDC File [/home/kokunev/data/git_root/dig/dig_board_streamer/dig_streamer/dig_streamer.gen/sources_1/bd/design_1/ip/design_1_xdma_0_0/source/design_1_xdma_0_0_pcie3_7vx_ip.xdc] for cell 'design_1_i/xdma_0/inst'
Finished Parsing XDC File [/home/kokunev/data/git_root/dig/dig_board_streamer/dig_streamer/dig_streamer.gen/sources_1/bd/design_1/ip/design_1_xdma_0_0/source/design_1_xdma_0_0_pcie3_7vx_ip.xdc] for cell 'design_1_i/xdma_0/inst'
Parsing XDC File [/home/kokunev/data/git_root/dig/dig_board_streamer/dig_streamer/dig_streamer.gen/sources_1/bd/design_1/ip/design_1_util_ds_buf_0/design_1_util_ds_buf_0_board.xdc] for cell 'design_1_i/util_ds_buf/U0'
Finished Parsing XDC File [/home/kokunev/data/git_root/dig/dig_board_streamer/dig_streamer/dig_streamer.gen/sources_1/bd/design_1/ip/design_1_util_ds_buf_0/design_1_util_ds_buf_0_board.xdc] for cell 'design_1_i/util_ds_buf/U0'
Parsing XDC File [/home/kokunev/data/git_root/dig/dig_board_streamer/dig_streamer/dig_streamer.gen/sources_1/bd/design_1/ip/design_1_util_ds_buf_0_0/design_1_util_ds_buf_0_0_board.xdc] for cell 'design_1_i/util_ds_buf_0/U0'
Finished Parsing XDC File [/home/kokunev/data/git_root/dig/dig_board_streamer/dig_streamer/dig_streamer.gen/sources_1/bd/design_1/ip/design_1_util_ds_buf_0_0/design_1_util_ds_buf_0_0_board.xdc] for cell 'design_1_i/util_ds_buf_0/U0'
Parsing XDC File [/home/kokunev/data/git_root/dig/dig_board_streamer/dig_streamer/dig_streamer.srcs/constrs_1/imports/new/io.xdc]
Finished Parsing XDC File [/home/kokunev/data/git_root/dig/dig_board_streamer/dig_streamer/dig_streamer.srcs/constrs_1/imports/new/io.xdc]
Parsing XDC File [/home/kokunev/data/git_root/dig/dig_board_streamer/dig_streamer/dig_streamer.gen/sources_1/bd/design_1/ip/design_1_xdma_0_0/ip_0/source/ip_xilinx_pcie_2_1_7x_late.xdc] for cell 'design_1_i/xdma_0/inst/design_1_xdma_0_0_pcie2_to_pcie3_wrapper_i/pcie2_ip_i/inst'
Finished Parsing XDC File [/home/kokunev/data/git_root/dig/dig_board_streamer/dig_streamer/dig_streamer.gen/sources_1/bd/design_1/ip/design_1_xdma_0_0/ip_0/source/ip_xilinx_pcie_2_1_7x_late.xdc] for cell 'design_1_i/xdma_0/inst/design_1_xdma_0_0_pcie2_to_pcie3_wrapper_i/pcie2_ip_i/inst'
INFO: [Project 1-1714] 15 XPM XDC files have been applied to the design.
INFO: [Opt 31-138] Pushed 0 inverter(s) to 0 load pin(s).
Netlist sorting complete. Time (s): cpu = 00:00:00.01 ; elapsed = 00:00:00.01 . Memory (MB): peak = 2621.102 ; gain = 0.000 ; free physical = 48260 ; free virtual = 60674
INFO: [Project 1-111] Unisim Transformation Summary:
  A total of 531 instances were transformed.
  RAM16X1D => RAM32X1D (RAMD32(x2)): 62 instances
  RAM32M => RAM32M (RAMD32(x6), RAMS32(x2)): 426 instances
  RAM32X1D => RAM32X1D (RAMD32(x2)): 34 instances
  RAM64X1S => RAM64X1S (RAMS64E): 9 instances

13 Infos, 2 Warnings, 4 Critical Warnings and 0 Errors encountered.
link_design completed successfully
link_design: Time (s): cpu = 00:00:13 ; elapsed = 00:00:11 . Memory (MB): peak = 2621.137 ; gain = 1007.195 ; free physical = 48260 ; free virtual = 60673
Command: opt_design
Attempting to get a license for feature 'Implementation' and/or device 'xc7a100t'
INFO: [Common 17-349] Got license for feature 'Implementation' and/or device 'xc7a100t'
Running DRC as a precondition to command opt_design

Starting DRC Task
INFO: [DRC 23-27] Running DRC with 8 threads
INFO: [Project 1-461] DRC finished with 0 Errors
INFO: [Project 1-462] Please refer to the DRC report (report_drc) for more information.

Time (s): cpu = 00:00:01 ; elapsed = 00:00:00.4 . Memory (MB): peak = 2621.137 ; gain = 0.000 ; free physical = 48234 ; free virtual = 60647

Starting Cache Timing Information Task
INFO: [Timing 38-35] Done setting XDC timing constraints.
Ending Cache Timing Information Task | Checksum: 22455315a

Time (s): cpu = 00:00:01 ; elapsed = 00:00:00.5 . Memory (MB): peak = 2621.137 ; gain = 0.000 ; free physical = 48253 ; free virtual = 60667

Starting Logic Optimization Task

Phase 1 Initialization

Phase 1.1 Core Generation And Design Setup
Phase 1.1 Core Generation And Design Setup | Checksum: 22455315a

Time (s): cpu = 00:00:00.04 ; elapsed = 00:00:00.03 . Memory (MB): peak = 2969.914 ; gain = 0.000 ; free physical = 47857 ; free virtual = 60263

Phase 1.2 Setup Constraints And Sort Netlist
Phase 1.2 Setup Constraints And Sort Netlist | Checksum: 22455315a

Time (s): cpu = 00:00:00.05 ; elapsed = 00:00:00.04 . Memory (MB): peak = 2969.914 ; gain = 0.000 ; free physical = 47874 ; free virtual = 60279
Phase 1 Initialization | Checksum: 22455315a

Time (s): cpu = 00:00:00.05 ; elapsed = 00:00:00.05 . Memory (MB): peak = 2969.914 ; gain = 0.000 ; free physical = 47874 ; free virtual = 60279

Phase 2 Timer Update And Timing Data Collection

Phase 2.1 Detect if minReqCache needed
Phase 2.1 Detect if minReqCache needed | Checksum: 22455315a

Time (s): cpu = 00:00:00.07 ; elapsed = 00:00:00.07 . Memory (MB): peak = 2972.883 ; gain = 2.969 ; free physical = 47852 ; free virtual = 60258

Phase 2.2 Timer Update
Phase 2.2 Timer Update | Checksum: 22455315a

Time (s): cpu = 00:00:01 ; elapsed = 00:00:00.33 . Memory (MB): peak = 2972.883 ; gain = 2.969 ; free physical = 47850 ; free virtual = 60255

Phase 2.3 Timing Data Collection
Phase 2.3 Timing Data Collection | Checksum: 22455315a

Time (s): cpu = 00:00:01 ; elapsed = 00:00:00.34 . Memory (MB): peak = 2972.883 ; gain = 2.969 ; free physical = 47849 ; free virtual = 60255
Phase 2 Timer Update And Timing Data Collection | Checksum: 22455315a

Time (s): cpu = 00:00:01 ; elapsed = 00:00:00.35 . Memory (MB): peak = 2972.883 ; gain = 2.969 ; free physical = 47849 ; free virtual = 60255

Phase 3 Retarget
INFO: [Opt 31-1851] Number of loadless carry chains removed were: 0
INFO: [Opt 31-1834] Total Chains To Be Transformed Were: 0 AND Number of Transformed insts Created are: 0
INFO: [Opt 31-1566] Pulled 26 inverters resulting in an inversion of 182 pins
INFO: [Opt 31-138] Pushed 7 inverter(s) to 58 load pin(s).
INFO: [Opt 31-49] Retargeted 0 cell(s).
Phase 3 Retarget | Checksum: 1a7b4d772

Time (s): cpu = 00:00:02 ; elapsed = 00:00:00.91 . Memory (MB): peak = 2972.883 ; gain = 2.969 ; free physical = 47867 ; free virtual = 60273
Retarget | Checksum: 1a7b4d772
INFO: [Opt 31-389] Phase Retarget created 17 cells and removed 1554 cells
INFO: [Opt 31-1021] In phase Retarget, 21 netlist objects are constrained preventing optimization. Please run opt_design with -debug_log to get more detail. 

Phase 4 Constant propagation
INFO: [Opt 31-138] Pushed 1 inverter(s) to 8 load pin(s).
Phase 4 Constant propagation | Checksum: 21f90e799

Time (s): cpu = 00:00:02 ; elapsed = 00:00:01 . Memory (MB): peak = 2972.883 ; gain = 2.969 ; free physical = 47883 ; free virtual = 60289
Constant propagation | Checksum: 21f90e799
INFO: [Opt 31-389] Phase Constant propagation created 588 cells and removed 743 cells
INFO: [Opt 31-1021] In phase Constant propagation, 17 netlist objects are constrained preventing optimization. Please run opt_design with -debug_log to get more detail. 

Phase 5 Sweep
INFO: [Constraints 18-11670] Building netlist checker database with flags, 0x8
Done building netlist checker database: Time (s): cpu = 00:00:00 ; elapsed = 00:00:00 . Memory (MB): peak = 2972.883 ; gain = 0.000 ; free physical = 47876 ; free virtual = 60282
INFO: [Constraints 18-11670] Building netlist checker database with flags, 0x8
Done building netlist checker database: Time (s): cpu = 00:00:00.01 ; elapsed = 00:00:00.01 . Memory (MB): peak = 2972.883 ; gain = 0.000 ; free physical = 47868 ; free virtual = 60274
Phase 5 Sweep | Checksum: 1673240a1

Time (s): cpu = 00:00:03 ; elapsed = 00:00:02 . Memory (MB): peak = 2972.883 ; gain = 2.969 ; free physical = 47867 ; free virtual = 60272
Sweep | Checksum: 1673240a1
INFO: [Opt 31-389] Phase Sweep created 0 cells and removed 2296 cells
INFO: [Opt 31-1021] In phase Sweep, 65 netlist objects are constrained preventing optimization. Please run opt_design with -debug_log to get more detail. 

Phase 6 BUFG optimization
Phase 6 BUFG optimization | Checksum: 1cb775875

Time (s): cpu = 00:00:03 ; elapsed = 00:00:02 . Memory (MB): peak = 3004.898 ; gain = 34.984 ; free physical = 47874 ; free virtual = 60279
BUFG optimization | Checksum: 1cb775875
INFO: [Opt 31-662] Phase BUFG optimization created 0 cells of which 0 are BUFGs and removed 0 cells.

Phase 7 Shift Register Optimization
INFO: [Opt 31-1064] SRL Remap converted 0 SRLs to 0 registers and converted 0 registers of register chains to 0 SRLs
Phase 7 Shift Register Optimization | Checksum: 1cb775875

Time (s): cpu = 00:00:03 ; elapsed = 00:00:02 . Memory (MB): peak = 3004.898 ; gain = 34.984 ; free physical = 47874 ; free virtual = 60279
Shift Register Optimization | Checksum: 1cb775875
INFO: [Opt 31-389] Phase Shift Register Optimization created 0 cells and removed 0 cells

Phase 8 Post Processing Netlist
Phase 8 Post Processing Netlist | Checksum: 1c2ee7271

Time (s): cpu = 00:00:03 ; elapsed = 00:00:02 . Memory (MB): peak = 3004.898 ; gain = 34.984 ; free physical = 47874 ; free virtual = 60279
Post Processing Netlist | Checksum: 1c2ee7271
INFO: [Opt 31-389] Phase Post Processing Netlist created 0 cells and removed 0 cells
INFO: [Opt 31-1021] In phase Post Processing Netlist, 23 netlist objects are constrained preventing optimization. Please run opt_design with -debug_log to get more detail. 

Phase 9 Finalization

Phase 9.1 Finalizing Design Cores and Updating Shapes
Phase 9.1 Finalizing Design Cores and Updating Shapes | Checksum: 27487668e

Time (s): cpu = 00:00:04 ; elapsed = 00:00:02 . Memory (MB): peak = 3004.898 ; gain = 34.984 ; free physical = 47900 ; free virtual = 60299

Phase 9.2 Verifying Netlist Connectivity

Starting Connectivity Check Task

Time (s): cpu = 00:00:00.04 ; elapsed = 00:00:00.03 . Memory (MB): peak = 3004.898 ; gain = 0.000 ; free physical = 47902 ; free virtual = 60302
Phase 9.2 Verifying Netlist Connectivity | Checksum: 27487668e

Time (s): cpu = 00:00:04 ; elapsed = 00:00:03 . Memory (MB): peak = 3004.898 ; gain = 34.984 ; free physical = 47901 ; free virtual = 60301
Phase 9 Finalization | Checksum: 27487668e

Time (s): cpu = 00:00:04 ; elapsed = 00:00:03 . Memory (MB): peak = 3004.898 ; gain = 34.984 ; free physical = 47904 ; free virtual = 60304
Opt_design Change Summary
=========================


-------------------------------------------------------------------------------------------------------------------------
|  Phase                        |  #Cells created  |  #Cells Removed  |  #Constrained objects preventing optimizations  |
-------------------------------------------------------------------------------------------------------------------------
|  Retarget                     |              17  |            1554  |                                             21  |
|  Constant propagation         |             588  |             743  |                                             17  |
|  Sweep                        |               0  |            2296  |                                             65  |
|  BUFG optimization            |               0  |               0  |                                              0  |
|  Shift Register Optimization  |               0  |               0  |                                              0  |
|  Post Processing Netlist      |               0  |               0  |                                             23  |
-------------------------------------------------------------------------------------------------------------------------


Ending Logic Optimization Task | Checksum: 27487668e

Time (s): cpu = 00:00:04 ; elapsed = 00:00:03 . Memory (MB): peak = 3004.898 ; gain = 34.984 ; free physical = 47904 ; free virtual = 60304

Starting Power Optimization Task
INFO: [Pwropt 34-132] Skipping clock gating for clocks with a period < 2.00 ns.
INFO: [Timing 38-35] Done setting XDC timing constraints.
Running Vector-less Activity Propagation...
INFO: [Pwropt 34-9] Applying IDT optimizations ...
INFO: [Pwropt 34-10] Applying ODC optimizations ...

Finished Running Vector-less Activity Propagation


Starting PowerOpt Patch Enables Task
INFO: [Pwropt 34-162] WRITE_MODE attribute of 1 BRAM(s) out of a total of 37 has been updated to save power. Run report_power_opt to get a complete listing of the BRAMs updated.
INFO: [Pwropt 34-201] Structural ODC has moved 1 WE to EN ports
Number of BRAM Ports augmented: 11 newly gated: 38 Total Ports: 74
Number of Flops added for Enable Generation: 9

Ending PowerOpt Patch Enables Task | Checksum: 27876a4f1

Time (s): cpu = 00:00:00.3 ; elapsed = 00:00:00.18 . Memory (MB): peak = 3236.949 ; gain = 0.000 ; free physical = 47826 ; free virtual = 60225
Ending Power Optimization Task | Checksum: 27876a4f1

Time (s): cpu = 00:00:11 ; elapsed = 00:00:05 . Memory (MB): peak = 3236.949 ; gain = 232.051 ; free physical = 47825 ; free virtual = 60225

Starting Final Cleanup Task

Starting Logic Optimization Task
INFO: [Timing 38-35] Done setting XDC timing constraints.
Ending Logic Optimization Task | Checksum: 1df11b6f4

Time (s): cpu = 00:00:03 ; elapsed = 00:00:01 . Memory (MB): peak = 3236.949 ; gain = 0.000 ; free physical = 47891 ; free virtual = 60298
Ending Final Cleanup Task | Checksum: 1df11b6f4

Time (s): cpu = 00:00:05 ; elapsed = 00:00:03 . Memory (MB): peak = 3236.949 ; gain = 0.000 ; free physical = 47883 ; free virtual = 60290
Netlist sorting complete. Time (s): cpu = 00:00:00.01 ; elapsed = 00:00:00.01 . Memory (MB): peak = 3236.949 ; gain = 0.000 ; free physical = 47893 ; free virtual = 60300
INFO: [Common 17-83] Releasing license: Implementation
45 Infos, 2 Warnings, 4 Critical Warnings and 0 Errors encountered.
opt_design completed successfully
opt_design: Time (s): cpu = 00:00:25 ; elapsed = 00:00:13 . Memory (MB): peak = 3236.949 ; gain = 615.812 ; free physical = 47893 ; free virtual = 60300
INFO: [Vivado 12-24828] Executing command : report_drc -file design_1_wrapper_drc_opted.rpt -pb design_1_wrapper_drc_opted.pb -rpx design_1_wrapper_drc_opted.rpx
Command: report_drc -file design_1_wrapper_drc_opted.rpt -pb design_1_wrapper_drc_opted.pb -rpx design_1_wrapper_drc_opted.rpx
INFO: [IP_Flow 19-1839] IP Catalog is up to date.
INFO: [DRC 23-27] Running DRC with 8 threads
INFO: [Vivado_Tcl 2-168] The results of DRC are in file /home/kokunev/data/git_root/dig/dig_board_streamer/dig_streamer/dig_streamer.runs/impl_1/design_1_wrapper_drc_opted.rpt.
report_drc completed successfully
INFO: [Timing 38-480] Writing timing data to binary archive.
Wrote PlaceDB: Time (s): cpu = 00:00:00 ; elapsed = 00:00:00 . Memory (MB): peak = 3236.949 ; gain = 0.000 ; free physical = 47903 ; free virtual = 60310
Wrote PulsedLatchDB: Time (s): cpu = 00:00:00 ; elapsed = 00:00:00 . Memory (MB): peak = 3236.949 ; gain = 0.000 ; free physical = 47909 ; free virtual = 60316
Writing XDEF routing.
Writing XDEF routing logical nets.
Write ShapeDB Complete: Time (s): cpu = 00:00:00.18 ; elapsed = 00:00:00.04 . Memory (MB): peak = 3236.949 ; gain = 0.000 ; free physical = 47912 ; free virtual = 60322
Writing XDEF routing special nets.
Wrote RouteStorage: Time (s): cpu = 00:00:00.2 ; elapsed = 00:00:00.05 . Memory (MB): peak = 3236.949 ; gain = 0.000 ; free physical = 47912 ; free virtual = 60322
Wrote PlaceStorage: Time (s): cpu = 00:00:00.02 ; elapsed = 00:00:00.01 . Memory (MB): peak = 3236.949 ; gain = 0.000 ; free physical = 47912 ; free virtual = 60322
Wrote Netlist Cache: Time (s): cpu = 00:00:00 ; elapsed = 00:00:00 . Memory (MB): peak = 3236.949 ; gain = 0.000 ; free physical = 47912 ; free virtual = 60323
Wrote Device Cache: Time (s): cpu = 00:00:00.01 ; elapsed = 00:00:00 . Memory (MB): peak = 3236.949 ; gain = 0.000 ; free physical = 47912 ; free virtual = 60324
Write Physdb Complete: Time (s): cpu = 00:00:00.24 ; elapsed = 00:00:00.06 . Memory (MB): peak = 3236.949 ; gain = 0.000 ; free physical = 47912 ; free virtual = 60324
INFO: [Common 17-1381] The checkpoint '/home/kokunev/data/git_root/dig/dig_board_streamer/dig_streamer/dig_streamer.runs/impl_1/design_1_wrapper_opt.dcp' has been generated.
Command: place_design
Attempting to get a license for feature 'Implementation' and/or device 'xc7a100t'
INFO: [Common 17-349] Got license for feature 'Implementation' and/or device 'xc7a100t'
INFO: [Common 17-83] Releasing license: Implementation
INFO: [DRC 23-27] Running DRC with 8 threads
INFO: [Vivado_Tcl 4-198] DRC finished with 0 Errors
INFO: [Vivado_Tcl 4-199] Please refer to the DRC report (report_drc) for more information.
INFO: [Timing 38-35] Done setting XDC timing constraints.
Running DRC as a precondition to command place_design
INFO: [DRC 23-27] Running DRC with 8 threads
INFO: [Vivado_Tcl 4-198] DRC finished with 0 Errors, 4 Warnings
INFO: [Vivado_Tcl 4-199] Please refer to the DRC report (report_drc) for more information.
INFO: [Place 30-611] Multithreading enabled for place_design using a maximum of 8 CPUs

Starting Placer Task

Phase 1 Placer Initialization

Phase 1.1 Placer Initialization Netlist Sorting
Netlist sorting complete. Time (s): cpu = 00:00:00 ; elapsed = 00:00:00 . Memory (MB): peak = 3296.043 ; gain = 0.000 ; free physical = 47820 ; free virtual = 60226
Phase 1.1 Placer Initialization Netlist Sorting | Checksum: 1b24dbcc8

Time (s): cpu = 00:00:00.02 ; elapsed = 00:00:00.01 . Memory (MB): peak = 3296.043 ; gain = 0.000 ; free physical = 47819 ; free virtual = 60226
Netlist sorting complete. Time (s): cpu = 00:00:00.01 ; elapsed = 00:00:00.01 . Memory (MB): peak = 3296.043 ; gain = 0.000 ; free physical = 47819 ; free virtual = 60226

Phase 1.2 IO Placement/ Clock Placement/ Build Placer Device
Phase 1.2 IO Placement/ Clock Placement/ Build Placer Device | Checksum: 27b90523d

Time (s): cpu = 00:00:03 ; elapsed = 00:00:02 . Memory (MB): peak = 3296.043 ; gain = 0.000 ; free physical = 47807 ; free virtual = 60214

Phase 1.3 Build Placer Netlist Model
Phase 1.3 Build Placer Netlist Model | Checksum: 28f7a3b62

Time (s): cpu = 00:00:11 ; elapsed = 00:00:05 . Memory (MB): peak = 3296.043 ; gain = 0.000 ; free physical = 47930 ; free virtual = 60337

Phase 1.4 Constrain Clocks/Macros
Phase 1.4 Constrain Clocks/Macros | Checksum: 28f7a3b62

Time (s): cpu = 00:00:11 ; elapsed = 00:00:05 . Memory (MB): peak = 3296.043 ; gain = 0.000 ; free physical = 47930 ; free virtual = 60338
Phase 1 Placer Initialization | Checksum: 28f7a3b62

Time (s): cpu = 00:00:11 ; elapsed = 00:00:05 . Memory (MB): peak = 3296.043 ; gain = 0.000 ; free physical = 47933 ; free virtual = 60340

Phase 2 Global Placement

Phase 2.1 Floorplanning
Phase 2.1 Floorplanning | Checksum: 2b92453dd

Time (s): cpu = 00:00:16 ; elapsed = 00:00:06 . Memory (MB): peak = 3296.043 ; gain = 0.000 ; free physical = 47878 ; free virtual = 60292

Phase 2.2 Update Timing before SLR Path Opt
Phase 2.2 Update Timing before SLR Path Opt | Checksum: 27fda7c10

Time (s): cpu = 00:00:19 ; elapsed = 00:00:07 . Memory (MB): peak = 3296.043 ; gain = 0.000 ; free physical = 47882 ; free virtual = 60297

Phase 2.3 Post-Processing in Floorplanning
Phase 2.3 Post-Processing in Floorplanning | Checksum: 27fda7c10

Time (s): cpu = 00:00:19 ; elapsed = 00:00:07 . Memory (MB): peak = 3296.043 ; gain = 0.000 ; free physical = 47884 ; free virtual = 60298

Phase 2.4 Global Place Phase1
Phase 2.4 Global Place Phase1 | Checksum: 227374604

Time (s): cpu = 00:00:51 ; elapsed = 00:00:16 . Memory (MB): peak = 3296.043 ; gain = 0.000 ; free physical = 47839 ; free virtual = 60247

Phase 2.5 Global Place Phase2

Phase 2.5.1 UpdateTiming Before Physical Synthesis
Phase 2.5.1 UpdateTiming Before Physical Synthesis | Checksum: 1f6f6d8fb

Time (s): cpu = 00:00:54 ; elapsed = 00:00:17 . Memory (MB): peak = 3296.043 ; gain = 0.000 ; free physical = 47837 ; free virtual = 60245

Phase 2.5.2 Physical Synthesis In Placer
INFO: [Physopt 32-1035] Found 0 LUTNM shape to break, 1004 LUT instances to create LUTNM shape
INFO: [Physopt 32-1044] Break lutnm for timing: one critical 0, two critical 0, total 0, new lutff created 0
INFO: [Physopt 32-1138] End 1 Pass. Optimized 420 nets or LUTs. Breaked 0 LUT, combined 420 existing LUTs and moved 0 existing LUT
WARNING: [Physopt 32-894] Found a constraint with the -through option on pin design_1_i/xdma_0/inst/design_1_xdma_0_0_pcie2_to_pcie3_wrapper_i/design_1_xdma_0_0_axi_stream_intf_i/design_1_xdma_0_0_rx_demux_i/tgt_brdg_fifo_inst/U0/inst_fifo_gen/gaxis_fifo.gaxisf.axisf/grf.rf/rstblk/ngwrdrst.grst.g7serrst.gnsckt_wrst.rst_wr_reg2_inst/src_arst or the net immediately connecting to the pin. This constraint will block optimizations for this and all downstream leaf pins.
INFO: [Physopt 32-1408] Pass 1. Identified 1 candidate net for high-fanout optimization.
INFO: [Physopt 32-81] Processed net design_1_i/xdma_0/inst/design_1_xdma_0_0_pcie2_to_pcie3_wrapper_i/pcie2_ip_i/inst/inst/user_reset_out. Replicated 10 times.
WARNING: [Physopt 32-894] Found a constraint with the -through option on pin design_1_i/xdma_0/inst/design_1_xdma_0_0_pcie2_to_pcie3_wrapper_i/design_1_xdma_0_0_axi_stream_intf_i/design_1_xdma_0_0_rx_demux_i/tgt_brdg_fifo_inst/U0/inst_fifo_gen/gaxis_fifo.gaxisf.axisf/grf.rf/rstblk/ngwrdrst.grst.g7serrst.gnsckt_wrst.rst_wr_reg2_inst/src_arst or the net immediately connecting to the pin. This constraint will block optimizations for this and all downstream leaf pins.
INFO: [Physopt 32-232] Optimized 1 net. Created 10 new instances.
INFO: [Physopt 32-775] End 1 Pass. Optimized 1 net or cell. Created 10 new cells, deleted 0 existing cell and moved 0 existing cell
Netlist sorting complete. Time (s): cpu = 00:00:00.06 ; elapsed = 00:00:00.06 . Memory (MB): peak = 3296.043 ; gain = 0.000 ; free physical = 47839 ; free virtual = 60247
INFO: [Physopt 32-456] No candidate cells for DSP register optimization found in the design.
INFO: [Physopt 32-775] End 2 Pass. Optimized 0 net or cell. Created 0 new cell, deleted 0 existing cell and moved 0 existing cell
INFO: [Physopt 32-1123] No candidate cells found for Shift Register to Pipeline optimization
INFO: [Physopt 32-775] End 2 Pass. Optimized 0 net or cell. Created 0 new cell, deleted 0 existing cell and moved 0 existing cell
INFO: [Physopt 32-1401] No candidate cells found for Shift Register optimization.
INFO: [Physopt 32-677] No candidate cells for Shift Register optimization found in the design
INFO: [Physopt 32-775] End 1 Pass. Optimized 0 net or cell. Created 0 new cell, deleted 0 existing cell and moved 0 existing cell
INFO: [Physopt 32-526] No candidate cells for BRAM register optimization found in the design
INFO: [Physopt 32-775] End 1 Pass. Optimized 0 net or cell. Created 0 new cell, deleted 0 existing cell and moved 0 existing cell
INFO: [Physopt 32-846] No candidate cells for URAM register optimization found in the design
INFO: [Physopt 32-775] End 1 Pass. Optimized 0 net or cell. Created 0 new cell, deleted 0 existing cell and moved 0 existing cell
INFO: [Physopt 32-846] No candidate cells for URAM register optimization found in the design
INFO: [Physopt 32-775] End 1 Pass. Optimized 0 net or cell. Created 0 new cell, deleted 0 existing cell and moved 0 existing cell
INFO: [Physopt 32-949] No candidate nets found for dynamic/static region interface net replication
INFO: [Physopt 32-775] End 1 Pass. Optimized 0 net or cell. Created 0 new cell, deleted 0 existing cell and moved 0 existing cell
Netlist sorting complete. Time (s): cpu = 00:00:00.01 ; elapsed = 00:00:00.01 . Memory (MB): peak = 3296.043 ; gain = 0.000 ; free physical = 47837 ; free virtual = 60245

Summary of Physical Synthesis Optimizations
============================================


-----------------------------------------------------------------------------------------------------------------------------------------------------------
|  Optimization                                     |  Added Cells  |  Removed Cells  |  Optimized Cells/Nets  |  Dont Touch  |  Iterations  |  Elapsed   |
-----------------------------------------------------------------------------------------------------------------------------------------------------------
|  LUT Combining                                    |            0  |            420  |                   420  |           0  |           1  |  00:00:00  |
|  Retime                                           |            0  |              0  |                     0  |           0  |           1  |  00:00:00  |
|  Very High Fanout                                 |           10  |              0  |                     1  |           0  |           1  |  00:00:00  |
|  DSP Register                                     |            0  |              0  |                     0  |           0  |           1  |  00:00:00  |
|  Shift Register to Pipeline                       |            0  |              0  |                     0  |           0  |           1  |  00:00:00  |
|  Shift Register                                   |            0  |              0  |                     0  |           0  |           1  |  00:00:00  |
|  BRAM Register                                    |            0  |              0  |                     0  |           0  |           1  |  00:00:00  |
|  URAM Register                                    |            0  |              0  |                     0  |           0  |           1  |  00:00:00  |
|  Dynamic/Static Region Interface Net Replication  |            0  |              0  |                     0  |           0  |           1  |  00:00:00  |
|  Total                                            |           10  |            420  |                   421  |           0  |           9  |  00:00:01  |
-----------------------------------------------------------------------------------------------------------------------------------------------------------


Phase 2.5.2 Physical Synthesis In Placer | Checksum: 2a0bc5619

Time (s): cpu = 00:00:59 ; elapsed = 00:00:19 . Memory (MB): peak = 3296.043 ; gain = 0.000 ; free physical = 47811 ; free virtual = 60219
Phase 2.5 Global Place Phase2 | Checksum: 1f970866e

Time (s): cpu = 00:01:04 ; elapsed = 00:00:20 . Memory (MB): peak = 3296.043 ; gain = 0.000 ; free physical = 47782 ; free virtual = 60197
Phase 2 Global Placement | Checksum: 1f970866e

Time (s): cpu = 00:01:04 ; elapsed = 00:00:20 . Memory (MB): peak = 3296.043 ; gain = 0.000 ; free physical = 47782 ; free virtual = 60196

Phase 3 Detail Placement

Phase 3.1 Commit Multi Column Macros
Phase 3.1 Commit Multi Column Macros | Checksum: 26b16b853

Time (s): cpu = 00:01:07 ; elapsed = 00:00:21 . Memory (MB): peak = 3296.043 ; gain = 0.000 ; free physical = 47784 ; free virtual = 60199

Phase 3.2 Commit Most Macros & LUTRAMs
Phase 3.2 Commit Most Macros & LUTRAMs | Checksum: 2fc936091

Time (s): cpu = 00:01:13 ; elapsed = 00:00:23 . Memory (MB): peak = 3296.043 ; gain = 0.000 ; free physical = 47815 ; free virtual = 60230

Phase 3.3 Area Swap Optimization
Phase 3.3 Area Swap Optimization | Checksum: 2894360f7

Time (s): cpu = 00:01:14 ; elapsed = 00:00:23 . Memory (MB): peak = 3296.043 ; gain = 0.000 ; free physical = 47786 ; free virtual = 60200

Phase 3.4 Pipeline Register Optimization
Phase 3.4 Pipeline Register Optimization | Checksum: 2c004f0d7

Time (s): cpu = 00:01:14 ; elapsed = 00:00:23 . Memory (MB): peak = 3296.043 ; gain = 0.000 ; free physical = 47786 ; free virtual = 60200

Phase 3.5 Fast Optimization
Phase 3.5 Fast Optimization | Checksum: 2b0bc0e3f

Time (s): cpu = 00:01:21 ; elapsed = 00:00:24 . Memory (MB): peak = 3296.043 ; gain = 0.000 ; free physical = 47796 ; free virtual = 60211

Phase 3.6 Small Shape Detail Placement
Phase 3.6 Small Shape Detail Placement | Checksum: 22b42b2e2

Time (s): cpu = 00:01:29 ; elapsed = 00:00:31 . Memory (MB): peak = 3296.043 ; gain = 0.000 ; free physical = 48067 ; free virtual = 60502

Phase 3.7 Re-assign LUT pins
Phase 3.7 Re-assign LUT pins | Checksum: 27ab981ca

Time (s): cpu = 00:01:30 ; elapsed = 00:00:32 . Memory (MB): peak = 3296.043 ; gain = 0.000 ; free physical = 47940 ; free virtual = 60375

Phase 3.8 Pipeline Register Optimization
Phase 3.8 Pipeline Register Optimization | Checksum: 370ab2b2e

Time (s): cpu = 00:01:31 ; elapsed = 00:00:33 . Memory (MB): peak = 3296.043 ; gain = 0.000 ; free physical = 47939 ; free virtual = 60374
Phase 3 Detail Placement | Checksum: 370ab2b2e

Time (s): cpu = 00:01:31 ; elapsed = 00:00:33 . Memory (MB): peak = 3296.043 ; gain = 0.000 ; free physical = 47938 ; free virtual = 60374

Phase 4 Post Placement Optimization and Clean-Up

Phase 4.1 Post Commit Optimization
INFO: [Timing 38-35] Done setting XDC timing constraints.

Phase 4.1.1 Post Placement Optimization
Post Placement Optimization Initialization | Checksum: 2375570a0

Phase 4.1.1.1 BUFG Insertion

Starting Physical Synthesis Task

Phase 1 Physical Synthesis Initialization
INFO: [Physopt 32-721] Multithreading enabled for phys_opt_design using a maximum of 8 CPUs
INFO: [Physopt 32-619] Estimated Timing Summary | WNS=-0.075 | TNS=-0.100 |
Phase 1 Physical Synthesis Initialization | Checksum: 11337cd32

Time (s): cpu = 00:00:00.92 ; elapsed = 00:00:00.22 . Memory (MB): peak = 3296.043 ; gain = 0.000 ; free physical = 47968 ; free virtual = 60391
INFO: [Place 46-33] Processed net design_1_i/xdma_0/inst/udma_wrapper/dma_top/dma_pcie_req/dma_pcie_rc/u_dma_rc_mem_pfch/user_rst_n_3ff_reg[0], BUFG insertion was skipped due to placement/routing conflicts.
INFO: [Place 46-56] BUFG insertion identified 1 candidate nets. Inserted BUFG: 0, Replicated BUFG Driver: 0, Skipped due to Placement/Routing Conflicts: 1, Skipped due to Timing Degradation: 0, Skipped due to netlist editing failed: 0.
Ending Physical Synthesis Task | Checksum: 2456eb82e

Time (s): cpu = 00:00:01 ; elapsed = 00:00:00.38 . Memory (MB): peak = 3296.043 ; gain = 0.000 ; free physical = 47968 ; free virtual = 60391
Phase 4.1.1.1 BUFG Insertion | Checksum: 2375570a0

Time (s): cpu = 00:01:41 ; elapsed = 00:00:35 . Memory (MB): peak = 3296.043 ; gain = 0.000 ; free physical = 47960 ; free virtual = 60383

Phase 4.1.1.2 Post Placement Timing Optimization
INFO: [Place 30-746] Post Placement Timing Summary WNS=0.505. For the most accurate timing information please run report_timing.
Phase 4.1.1.2 Post Placement Timing Optimization | Checksum: 130428ff4

Time (s): cpu = 00:01:44 ; elapsed = 00:00:38 . Memory (MB): peak = 3296.043 ; gain = 0.000 ; free physical = 47992 ; free virtual = 60413

Time (s): cpu = 00:01:44 ; elapsed = 00:00:38 . Memory (MB): peak = 3296.043 ; gain = 0.000 ; free physical = 47992 ; free virtual = 60413
Phase 4.1 Post Commit Optimization | Checksum: 130428ff4

Time (s): cpu = 00:01:44 ; elapsed = 00:00:38 . Memory (MB): peak = 3296.043 ; gain = 0.000 ; free physical = 47991 ; free virtual = 60412

Phase 4.2 Post Placement Cleanup
Phase 4.2 Post Placement Cleanup | Checksum: 130428ff4

Time (s): cpu = 00:01:45 ; elapsed = 00:00:38 . Memory (MB): peak = 3296.043 ; gain = 0.000 ; free physical = 48012 ; free virtual = 60425

Phase 4.3 Placer Reporting

Phase 4.3.1 Print Estimated Congestion
INFO: [Place 30-612] Post-Placement Estimated Congestion 
 ____________________________________________________
|           | Global Congestion | Short Congestion  |
| Direction | Region Size       | Region Size       |
|___________|___________________|___________________|
|      North|                1x1|                4x4|
|___________|___________________|___________________|
|      South|                1x1|                4x4|
|___________|___________________|___________________|
|       East|                1x1|                1x1|
|___________|___________________|___________________|
|       West|                1x1|                2x2|
|___________|___________________|___________________|

Phase 4.3.1 Print Estimated Congestion | Checksum: 130428ff4

Time (s): cpu = 00:01:45 ; elapsed = 00:00:38 . Memory (MB): peak = 3296.043 ; gain = 0.000 ; free physical = 48012 ; free virtual = 60425
Phase 4.3 Placer Reporting | Checksum: 130428ff4

Time (s): cpu = 00:01:45 ; elapsed = 00:00:38 . Memory (MB): peak = 3296.043 ; gain = 0.000 ; free physical = 48012 ; free virtual = 60425

Phase 4.4 Final Placement Cleanup
Netlist sorting complete. Time (s): cpu = 00:00:00 ; elapsed = 00:00:00 . Memory (MB): peak = 3296.043 ; gain = 0.000 ; free physical = 48012 ; free virtual = 60425

Time (s): cpu = 00:01:45 ; elapsed = 00:00:38 . Memory (MB): peak = 3296.043 ; gain = 0.000 ; free physical = 48012 ; free virtual = 60425
Phase 4 Post Placement Optimization and Clean-Up | Checksum: 229051139

Time (s): cpu = 00:01:45 ; elapsed = 00:00:38 . Memory (MB): peak = 3296.043 ; gain = 0.000 ; free physical = 48012 ; free virtual = 60425
Ending Placer Task | Checksum: 1c32895d7

Time (s): cpu = 00:01:45 ; elapsed = 00:00:38 . Memory (MB): peak = 3296.043 ; gain = 0.000 ; free physical = 48012 ; free virtual = 60425
90 Infos, 4 Warnings, 4 Critical Warnings and 0 Errors encountered.
place_design completed successfully
place_design: Time (s): cpu = 00:01:50 ; elapsed = 00:00:40 . Memory (MB): peak = 3296.043 ; gain = 59.094 ; free physical = 48012 ; free virtual = 60425
INFO: [Vivado 12-24838] Running report commands "report_control_sets, report_io, report_utilization" in parallel.
Running report generation with 3 threads.
INFO: [Vivado 12-24828] Executing command : report_io -file design_1_wrapper_io_placed.rpt
report_io: Time (s): cpu = 00:00:00.23 ; elapsed = 00:00:00.11 . Memory (MB): peak = 3296.043 ; gain = 0.000 ; free physical = 48011 ; free virtual = 60424
INFO: [Vivado 12-24828] Executing command : report_control_sets -verbose -file design_1_wrapper_control_sets_placed.rpt
report_control_sets: Time (s): cpu = 00:00:00.32 ; elapsed = 00:00:00.18 . Memory (MB): peak = 3296.043 ; gain = 0.000 ; free physical = 48004 ; free virtual = 60417
INFO: [Vivado 12-24828] Executing command : report_utilization -file design_1_wrapper_utilization_placed.rpt -pb design_1_wrapper_utilization_placed.pb
INFO: [Timing 38-480] Writing timing data to binary archive.
Wrote PlaceDB: Time (s): cpu = 00:00:00 ; elapsed = 00:00:00.01 . Memory (MB): peak = 3296.043 ; gain = 0.000 ; free physical = 47994 ; free virtual = 60408
Wrote PulsedLatchDB: Time (s): cpu = 00:00:00 ; elapsed = 00:00:00 . Memory (MB): peak = 3296.043 ; gain = 0.000 ; free physical = 47994 ; free virtual = 60408
Writing XDEF routing.
Writing XDEF routing logical nets.
Writing XDEF routing special nets.
Wrote RouteStorage: Time (s): cpu = 00:00:00.2 ; elapsed = 00:00:00.04 . Memory (MB): peak = 3296.043 ; gain = 0.000 ; free physical = 47994 ; free virtual = 60409
Write ShapeDB Complete: Time (s): cpu = 00:00:00.3 ; elapsed = 00:00:00.07 . Memory (MB): peak = 3296.043 ; gain = 0.000 ; free physical = 47994 ; free virtual = 60415
Wrote PlaceStorage: Time (s): cpu = 00:00:02 ; elapsed = 00:00:00.88 . Memory (MB): peak = 3296.043 ; gain = 0.000 ; free physical = 47988 ; free virtual = 60441
Wrote Netlist Cache: Time (s): cpu = 00:00:00.05 ; elapsed = 00:00:00.02 . Memory (MB): peak = 3296.043 ; gain = 0.000 ; free physical = 47979 ; free virtual = 60436
Wrote Device Cache: Time (s): cpu = 00:00:00 ; elapsed = 00:00:00.01 . Memory (MB): peak = 3296.043 ; gain = 0.000 ; free physical = 47979 ; free virtual = 60437
Write Physdb Complete: Time (s): cpu = 00:00:03 ; elapsed = 00:00:00.97 . Memory (MB): peak = 3296.043 ; gain = 0.000 ; free physical = 47971 ; free virtual = 60429
INFO: [Common 17-1381] The checkpoint '/home/kokunev/data/git_root/dig/dig_board_streamer/dig_streamer/dig_streamer.runs/impl_1/design_1_wrapper_placed.dcp' has been generated.
Command: phys_opt_design
Attempting to get a license for feature 'Implementation' and/or device 'xc7a100t'
INFO: [Common 17-349] Got license for feature 'Implementation' and/or device 'xc7a100t'

Starting Initial Update Timing Task

Time (s): cpu = 00:00:09 ; elapsed = 00:00:02 . Memory (MB): peak = 3296.043 ; gain = 0.000 ; free physical = 48139 ; free virtual = 60566
INFO: [Vivado_Tcl 4-2279] Estimated Timing Summary | WNS= 0.505 | TNS= 0.000 | 
INFO: [Vivado_Tcl 4-383] Design worst setup slack (WNS) is greater than or equal to 0.000 ns. All physical synthesis setup optimizations will be skipped.
INFO: [Vivado_Tcl 4-232] No setup violation found. The netlist was not modified.
INFO: [Common 17-83] Releasing license: Implementation
101 Infos, 4 Warnings, 4 Critical Warnings and 0 Errors encountered.
phys_opt_design completed successfully
INFO: [Timing 38-480] Writing timing data to binary archive.
Wrote PlaceDB: Time (s): cpu = 00:00:00 ; elapsed = 00:00:00 . Memory (MB): peak = 3296.043 ; gain = 0.000 ; free physical = 48140 ; free virtual = 60568
Wrote PulsedLatchDB: Time (s): cpu = 00:00:00 ; elapsed = 00:00:00 . Memory (MB): peak = 3296.043 ; gain = 0.000 ; free physical = 48140 ; free virtual = 60568
Writing XDEF routing.
Writing XDEF routing logical nets.
Writing XDEF routing special nets.
Wrote RouteStorage: Time (s): cpu = 00:00:00.19 ; elapsed = 00:00:00.04 . Memory (MB): peak = 3296.043 ; gain = 0.000 ; free physical = 48139 ; free virtual = 60568
Write ShapeDB Complete: Time (s): cpu = 00:00:00.28 ; elapsed = 00:00:00.06 . Memory (MB): peak = 3296.043 ; gain = 0.000 ; free physical = 48133 ; free virtual = 60568
Wrote PlaceStorage: Time (s): cpu = 00:00:02 ; elapsed = 00:00:00.87 . Memory (MB): peak = 3296.043 ; gain = 0.000 ; free physical = 48122 ; free virtual = 60589
Wrote Netlist Cache: Time (s): cpu = 00:00:00.05 ; elapsed = 00:00:00.03 . Memory (MB): peak = 3296.043 ; gain = 0.000 ; free physical = 48114 ; free virtual = 60585
Wrote Device Cache: Time (s): cpu = 00:00:00.01 ; elapsed = 00:00:00.01 . Memory (MB): peak = 3296.043 ; gain = 0.000 ; free physical = 48114 ; free virtual = 60585
Write Physdb Complete: Time (s): cpu = 00:00:03 ; elapsed = 00:00:00.97 . Memory (MB): peak = 3296.043 ; gain = 0.000 ; free physical = 48114 ; free virtual = 60585
INFO: [Common 17-1381] The checkpoint '/home/kokunev/data/git_root/dig/dig_board_streamer/dig_streamer/dig_streamer.runs/impl_1/design_1_wrapper_physopt.dcp' has been generated.
Command: route_design
Attempting to get a license for feature 'Implementation' and/or device 'xc7a100t'
INFO: [Common 17-349] Got license for feature 'Implementation' and/or device 'xc7a100t'


Starting Routing Task
INFO: [Route 35-254] Multithreading enabled for route_design using a maximum of 8 CPUs

Phase 1 Build RT Design
Checksum: PlaceDB: 11a685e0 ConstDB: 0 ShapeSum: ffafb061 RouteDB: b1d25f96
Post Restoration Checksum: NetGraph: 1660fd80 | NumContArr: b8f2a915 | Constraints: c2a8fa9d | Timing: c2a8fa9d
Phase 1 Build RT Design | Checksum: 254a59bcf

Time (s): cpu = 00:00:28 ; elapsed = 00:00:16 . Memory (MB): peak = 3296.043 ; gain = 0.000 ; free physical = 48242 ; free virtual = 60703

Phase 2 Router Initialization

Phase 2.1 Fix Topology Constraints
Phase 2.1 Fix Topology Constraints | Checksum: 254a59bcf

Time (s): cpu = 00:00:28 ; elapsed = 00:00:16 . Memory (MB): peak = 3296.043 ; gain = 0.000 ; free physical = 48241 ; free virtual = 60703

Phase 2.2 Pre Route Cleanup
Phase 2.2 Pre Route Cleanup | Checksum: 254a59bcf

Time (s): cpu = 00:00:29 ; elapsed = 00:00:16 . Memory (MB): peak = 3296.043 ; gain = 0.000 ; free physical = 48241 ; free virtual = 60703
 Number of Nodes with overlaps = 0

Phase 2.3 Update Timing
Phase 2.3 Update Timing | Checksum: 2656c914b

Time (s): cpu = 00:00:43 ; elapsed = 00:00:20 . Memory (MB): peak = 3296.043 ; gain = 0.000 ; free physical = 48156 ; free virtual = 60624
INFO: [Route 35-416] Intermediate Timing Summary | WNS=0.487  | TNS=0.000  | WHS=-0.522 | THS=-1661.426|


Phase 2.4 Soft Constraint Pins - Fast Budgeting
Phase 2.4 Soft Constraint Pins - Fast Budgeting | Checksum: 210fd77d2

Time (s): cpu = 00:00:46 ; elapsed = 00:00:21 . Memory (MB): peak = 3296.043 ; gain = 0.000 ; free physical = 48167 ; free virtual = 60636

Router Utilization Summary
  Global Vertical Routing Utilization    = 0.00169735 %
  Global Horizontal Routing Utilization  = 0.0014919 %
  Routable Net Status*
  *Does not include unroutable nets such as driverless and loadless.
  Run report_route_status for detailed report.
  Number of Failed Nets               = 35836
    (Failed Nets is the sum of unrouted and partially routed nets)
  Number of Unrouted Nets             = 35835
  Number of Partially Routed Nets     = 1
  Number of Node Overlaps             = 0

Phase 2 Router Initialization | Checksum: 277e3d4c9

Time (s): cpu = 00:00:47 ; elapsed = 00:00:21 . Memory (MB): peak = 3296.043 ; gain = 0.000 ; free physical = 48163 ; free virtual = 60632

Phase 3 Global Routing
Phase 3 Global Routing | Checksum: 277e3d4c9

Time (s): cpu = 00:00:47 ; elapsed = 00:00:21 . Memory (MB): peak = 3296.043 ; gain = 0.000 ; free physical = 48163 ; free virtual = 60632

Phase 4 Initial Routing

Phase 4.1 Initial Net Routing Pass
Phase 4.1 Initial Net Routing Pass | Checksum: 305d28567

Time (s): cpu = 00:00:58 ; elapsed = 00:00:23 . Memory (MB): peak = 3296.043 ; gain = 0.000 ; free physical = 48082 ; free virtual = 60559
Phase 4 Initial Routing | Checksum: 305d28567

Time (s): cpu = 00:00:58 ; elapsed = 00:00:23 . Memory (MB): peak = 3296.043 ; gain = 0.000 ; free physical = 48077 ; free virtual = 60554
INFO: [Route 35-580] Design has 1 pins with tight setup and hold constraints.

The top 5 pins with tight setup and hold constraints:

+=====================+=====================+=====================================================================================================================================================================+
| Launch Setup Clock  | Launch Hold Clock   | Pin                                                                                                                                                                 |
+=====================+=====================+=====================================================================================================================================================================+
| clk_250mhz_mux_x0y0 | clk_125mhz_mux_x0y0 | design_1_i/xdma_0/inst/design_1_xdma_0_0_pcie2_to_pcie3_wrapper_i/pcie2_ip_i/inst/inst/gt_top_i/gt_rx_valid_filter[2].GT_RX_VALID_FILTER_7x_inst/gt_rxvalid_q_reg/D |
+---------------------+---------------------+---------------------------------------------------------------------------------------------------------------------------------------------------------------------+

File with complete list of pins: tight_setup_hold_pins.txt


Phase 5 Rip-up And Reroute

Phase 5.1 Global Iteration 0
 Number of Nodes with overlaps = 3662
 Number of Nodes with overlaps = 353
 Number of Nodes with overlaps = 127
 Number of Nodes with overlaps = 56
 Number of Nodes with overlaps = 8
 Number of Nodes with overlaps = 1
 Number of Nodes with overlaps = 0
INFO: [Route 35-416] Intermediate Timing Summary | WNS=0.422  | TNS=0.000  | WHS=N/A    | THS=N/A    |

Phase 5.1 Global Iteration 0 | Checksum: 2ede89214

Time (s): cpu = 00:01:20 ; elapsed = 00:00:36 . Memory (MB): peak = 3296.043 ; gain = 0.000 ; free physical = 48056 ; free virtual = 60534
Phase 5 Rip-up And Reroute | Checksum: 2ede89214

Time (s): cpu = 00:01:20 ; elapsed = 00:00:36 . Memory (MB): peak = 3296.043 ; gain = 0.000 ; free physical = 48056 ; free virtual = 60534

Phase 6 Delay and Skew Optimization

Phase 6.1 Delay CleanUp

Phase 6.1.1 Update Timing
Phase 6.1.1 Update Timing | Checksum: 31b7a83b9

Time (s): cpu = 00:01:22 ; elapsed = 00:00:36 . Memory (MB): peak = 3296.043 ; gain = 0.000 ; free physical = 48055 ; free virtual = 60533
INFO: [Route 35-416] Intermediate Timing Summary | WNS=0.496  | TNS=0.000  | WHS=N/A    | THS=N/A    |

Phase 6.1 Delay CleanUp | Checksum: 31b7a83b9

Time (s): cpu = 00:01:22 ; elapsed = 00:00:36 . Memory (MB): peak = 3296.043 ; gain = 0.000 ; free physical = 48055 ; free virtual = 60533

Phase 6.2 Clock Skew Optimization
Phase 6.2 Clock Skew Optimization | Checksum: 31b7a83b9

Time (s): cpu = 00:01:22 ; elapsed = 00:00:36 . Memory (MB): peak = 3296.043 ; gain = 0.000 ; free physical = 48055 ; free virtual = 60533
Phase 6 Delay and Skew Optimization | Checksum: 31b7a83b9

Time (s): cpu = 00:01:22 ; elapsed = 00:00:36 . Memory (MB): peak = 3296.043 ; gain = 0.000 ; free physical = 48055 ; free virtual = 60533

Phase 7 Post Hold Fix

Phase 7.1 Hold Fix Iter
INFO: [Route 35-416] Intermediate Timing Summary | WNS=0.496  | TNS=0.000  | WHS=0.023  | THS=0.000  |

Phase 7.1 Hold Fix Iter | Checksum: 2b3ec5765

Time (s): cpu = 00:01:24 ; elapsed = 00:00:37 . Memory (MB): peak = 3296.043 ; gain = 0.000 ; free physical = 48055 ; free virtual = 60533
Phase 7 Post Hold Fix | Checksum: 2b3ec5765

Time (s): cpu = 00:01:24 ; elapsed = 00:00:37 . Memory (MB): peak = 3296.043 ; gain = 0.000 ; free physical = 48055 ; free virtual = 60533

Phase 8 Route finalize

Router Utilization Summary
  Global Vertical Routing Utilization    = 7.44457 %
  Global Horizontal Routing Utilization  = 9.05037 %
  Routable Net Status*
  *Does not include unroutable nets such as driverless and loadless.
  Run report_route_status for detailed report.
  Number of Failed Nets               = 0
    (Failed Nets is the sum of unrouted and partially routed nets)
  Number of Unrouted Nets             = 0
  Number of Partially Routed Nets     = 0
  Number of Node Overlaps             = 0

Phase 8 Route finalize | Checksum: 2b3ec5765

Time (s): cpu = 00:01:24 ; elapsed = 00:00:37 . Memory (MB): peak = 3296.043 ; gain = 0.000 ; free physical = 48055 ; free virtual = 60533

Phase 9 Verifying routed nets

 Verification completed successfully
Phase 9 Verifying routed nets | Checksum: 2b3ec5765

Time (s): cpu = 00:01:24 ; elapsed = 00:00:37 . Memory (MB): peak = 3296.043 ; gain = 0.000 ; free physical = 48055 ; free virtual = 60533

Phase 10 Depositing Routes
Phase 10 Depositing Routes | Checksum: 24ef2c917

Time (s): cpu = 00:01:27 ; elapsed = 00:00:38 . Memory (MB): peak = 3296.043 ; gain = 0.000 ; free physical = 48007 ; free virtual = 60485

Phase 11 Post Process Routing
Phase 11 Post Process Routing | Checksum: 24ef2c917

Time (s): cpu = 00:01:27 ; elapsed = 00:00:38 . Memory (MB): peak = 3296.043 ; gain = 0.000 ; free physical = 48007 ; free virtual = 60485

Phase 12 Post Router Timing
INFO: [Route 35-57] Estimated Timing Summary | WNS=0.496  | TNS=0.000  | WHS=0.023  | THS=0.000  |

INFO: [Route 35-327] The final timing numbers are based on the router estimated timing analysis. For a complete and accurate timing signoff, please run report_timing_summary.
Phase 12 Post Router Timing | Checksum: 24ef2c917

Time (s): cpu = 00:01:27 ; elapsed = 00:00:38 . Memory (MB): peak = 3296.043 ; gain = 0.000 ; free physical = 48015 ; free virtual = 60493
Total Elapsed time in route_design: 38.28 secs

Phase 13 Post-Route Event Processing
Phase 13 Post-Route Event Processing | Checksum: 1fe990ce6

Time (s): cpu = 00:01:27 ; elapsed = 00:00:38 . Memory (MB): peak = 3296.043 ; gain = 0.000 ; free physical = 48015 ; free virtual = 60493
INFO: [Route 35-16] Router Completed Successfully
Ending Routing Task | Checksum: 1fe990ce6

Time (s): cpu = 00:01:27 ; elapsed = 00:00:38 . Memory (MB): peak = 3296.043 ; gain = 0.000 ; free physical = 48015 ; free virtual = 60493

Routing Is Done.
INFO: [Common 17-83] Releasing license: Implementation
114 Infos, 4 Warnings, 4 Critical Warnings and 0 Errors encountered.
route_design completed successfully
route_design: Time (s): cpu = 00:01:27 ; elapsed = 00:00:39 . Memory (MB): peak = 3296.043 ; gain = 0.000 ; free physical = 48015 ; free virtual = 60493
INFO: [Vivado 12-24828] Executing command : report_drc -file design_1_wrapper_drc_routed.rpt -pb design_1_wrapper_drc_routed.pb -rpx design_1_wrapper_drc_routed.rpx
Command: report_drc -file design_1_wrapper_drc_routed.rpt -pb design_1_wrapper_drc_routed.pb -rpx design_1_wrapper_drc_routed.rpx
INFO: [IP_Flow 19-1839] IP Catalog is up to date.
INFO: [DRC 23-27] Running DRC with 8 threads
INFO: [Vivado_Tcl 2-168] The results of DRC are in file /home/kokunev/data/git_root/dig/dig_board_streamer/dig_streamer/dig_streamer.runs/impl_1/design_1_wrapper_drc_routed.rpt.
report_drc completed successfully
INFO: [Vivado 12-24828] Executing command : report_methodology -file design_1_wrapper_methodology_drc_routed.rpt -pb design_1_wrapper_methodology_drc_routed.pb -rpx design_1_wrapper_methodology_drc_routed.rpx
Command: report_methodology -file design_1_wrapper_methodology_drc_routed.rpt -pb design_1_wrapper_methodology_drc_routed.pb -rpx design_1_wrapper_methodology_drc_routed.rpx
INFO: [Timing 38-35] Done setting XDC timing constraints.
INFO: [DRC 23-133] Running Methodology with 8 threads
INFO: [Vivado_Tcl 2-1520] The results of Report Methodology are in file /home/kokunev/data/git_root/dig/dig_board_streamer/dig_streamer/dig_streamer.runs/impl_1/design_1_wrapper_methodology_drc_routed.rpt.
report_methodology completed successfully
INFO: [Vivado 12-24828] Executing command : report_timing_summary -max_paths 10 -routable_nets -report_unconstrained -file design_1_wrapper_timing_summary_routed.rpt -pb design_1_wrapper_timing_summary_routed.pb -rpx design_1_wrapper_timing_summary_routed.rpx -warn_on_violation 
INFO: [Timing 38-35] Done setting XDC timing constraints.
INFO: [Timing 38-91] UpdateTimingParams: Speed grade: -2, Delay Type: min_max.
INFO: [Timing 38-191] Multithreading enabled for timing update using a maximum of 8 CPUs
INFO: [Vivado 12-24838] Running report commands "report_bus_skew, report_incremental_reuse, report_route_status" in parallel.
Running report generation with 3 threads.
INFO: [Vivado 12-24828] Executing command : report_incremental_reuse -file design_1_wrapper_incremental_reuse_routed.rpt
INFO: [Vivado_Tcl 4-1062] Incremental flow is disabled. No incremental reuse Info to report.
INFO: [Vivado 12-24828] Executing command : report_bus_skew -warn_on_violation -file design_1_wrapper_bus_skew_routed.rpt -pb design_1_wrapper_bus_skew_routed.pb -rpx design_1_wrapper_bus_skew_routed.rpx
INFO: [Timing 38-91] UpdateTimingParams: Speed grade: -2, Delay Type: min_max.
INFO: [Timing 38-191] Multithreading enabled for timing update using a maximum of 8 CPUs
INFO: [Vivado 12-24828] Executing command : report_route_status -file design_1_wrapper_route_status.rpt -pb design_1_wrapper_route_status.pb
INFO: [Vivado 12-24828] Executing command : report_power -file design_1_wrapper_power_routed.rpt -pb design_1_wrapper_power_summary_routed.pb -rpx design_1_wrapper_power_routed.rpx
Command: report_power -file design_1_wrapper_power_routed.rpt -pb design_1_wrapper_power_summary_routed.pb -rpx design_1_wrapper_power_routed.rpx
Running Vector-less Activity Propagation...

Finished Running Vector-less Activity Propagation
WARNING: [Power 33-332] Found switching activity that implies high-fanout reset nets being asserted for excessive periods of time which may result in inaccurate power analysis.
Resolution: To review and fix problems, please run Power Constraints Advisor in the GUI from Tools > Power Constraints Advisor or run report_power with the -advisory option to generate a text report.
134 Infos, 5 Warnings, 4 Critical Warnings and 0 Errors encountered.
report_power completed successfully
INFO: [Vivado 12-24828] Executing command : report_clock_utilization -file design_1_wrapper_clock_utilization_routed.rpt
generate_parallel_reports: Time (s): cpu = 00:00:43 ; elapsed = 00:00:12 . Memory (MB): peak = 3296.043 ; gain = 0.000 ; free physical = 47953 ; free virtual = 60456
INFO: [Timing 38-480] Writing timing data to binary archive.
Wrote PlaceDB: Time (s): cpu = 00:00:00 ; elapsed = 00:00:00 . Memory (MB): peak = 3296.043 ; gain = 0.000 ; free physical = 47953 ; free virtual = 60456
Wrote PulsedLatchDB: Time (s): cpu = 00:00:00 ; elapsed = 00:00:00 . Memory (MB): peak = 3296.043 ; gain = 0.000 ; free physical = 47953 ; free virtual = 60456
Writing XDEF routing.
Writing XDEF routing logical nets.
Write ShapeDB Complete: Time (s): cpu = 00:00:00.28 ; elapsed = 00:00:00.06 . Memory (MB): peak = 3296.043 ; gain = 0.000 ; free physical = 47946 ; free virtual = 60458
Writing XDEF routing special nets.
Wrote RouteStorage: Time (s): cpu = 00:00:01 ; elapsed = 00:00:00.21 . Memory (MB): peak = 3296.043 ; gain = 0.000 ; free physical = 47940 ; free virtual = 60463
Wrote PlaceStorage: Time (s): cpu = 00:00:02 ; elapsed = 00:00:00.85 . Memory (MB): peak = 3296.043 ; gain = 0.000 ; free physical = 47920 ; free virtual = 60462
Wrote Netlist Cache: Time (s): cpu = 00:00:00.02 ; elapsed = 00:00:00.03 . Memory (MB): peak = 3296.043 ; gain = 0.000 ; free physical = 47918 ; free virtual = 60464
Wrote Device Cache: Time (s): cpu = 00:00:00.01 ; elapsed = 00:00:00 . Memory (MB): peak = 3296.043 ; gain = 0.000 ; free physical = 47918 ; free virtual = 60465
Write Physdb Complete: Time (s): cpu = 00:00:03 ; elapsed = 00:00:01 . Memory (MB): peak = 3296.043 ; gain = 0.000 ; free physical = 47918 ; free virtual = 60465
INFO: [Common 17-1381] The checkpoint '/home/kokunev/data/git_root/dig/dig_board_streamer/dig_streamer/dig_streamer.runs/impl_1/design_1_wrapper_routed.dcp' has been generated.
INFO: [Memdata 28-208] The XPM instance: <design_1_i/xdma_0/inst/ram_top/mas_bridge_ram_write_512.MASTER_WRITE_FIFO/xpm_memory_sdpram_inst_loop[0].xpm_memory_sdpram_inst/xpm_memory_base_inst> is part of IP: <design_1_i/xdma_0>. This XPM instance will be excluded from the .mmi because updatemem is prohibited from making changes to an XPM that is part of an IP.
INFO: [Memdata 28-208] The XPM instance: <design_1_i/xdma_0/inst/ram_top/gen_h2c_bram.H2C_DAT0_FIFO/xpm_memory_sdpram_inst_loop[1].xpm_memory_sdpram_inst/xpm_memory_base_inst> is part of IP: <design_1_i/xdma_0>. This XPM instance will be excluded from the .mmi because updatemem is prohibited from making changes to an XPM that is part of an IP.
INFO: [Memdata 28-208] The XPM instance: <design_1_i/xdma_0/inst/ram_top/gen_h2c_bram.H2C_DAT0_FIFO/xpm_memory_sdpram_inst_loop[0].xpm_memory_sdpram_inst/xpm_memory_base_inst> is part of IP: <design_1_i/xdma_0>. This XPM instance will be excluded from the .mmi because updatemem is prohibited from making changes to an XPM that is part of an IP.
INFO: [Memdata 28-208] The XPM instance: <design_1_i/xdma_0/inst/ram_top/gen_c2h_bram.C2H_DAT1_FIFO/xpm_memory_sdpram_inst_loop[1].xpm_memory_sdpram_inst/xpm_memory_base_inst> is part of IP: <design_1_i/xdma_0>. This XPM instance will be excluded from the .mmi because updatemem is prohibited from making changes to an XPM that is part of an IP.
INFO: [Memdata 28-208] The XPM instance: <design_1_i/xdma_0/inst/ram_top/gen_c2h_bram.C2H_DAT1_FIFO/xpm_memory_sdpram_inst_loop[0].xpm_memory_sdpram_inst/xpm_memory_base_inst> is part of IP: <design_1_i/xdma_0>. This XPM instance will be excluded from the .mmi because updatemem is prohibited from making changes to an XPM that is part of an IP.
INFO: [Memdata 28-208] The XPM instance: <design_1_i/xdma_0/inst/ram_top/gen_c2h_bram.C2H_DAT0_FIFO/xpm_memory_sdpram_inst_loop[1].xpm_memory_sdpram_inst/xpm_memory_base_inst> is part of IP: <design_1_i/xdma_0>. This XPM instance will be excluded from the .mmi because updatemem is prohibited from making changes to an XPM that is part of an IP.
INFO: [Memdata 28-208] The XPM instance: <design_1_i/xdma_0/inst/ram_top/gen_c2h_bram.C2H_DAT0_FIFO/xpm_memory_sdpram_inst_loop[0].xpm_memory_sdpram_inst/xpm_memory_base_inst> is part of IP: <design_1_i/xdma_0>. This XPM instance will be excluded from the .mmi because updatemem is prohibited from making changes to an XPM that is part of an IP.
INFO: [Memdata 28-208] The XPM instance: <design_1_i/xdma_0/inst/ram_top/MASTER_READ_BRAM/xpm_memory_sdpram_inst_loop[0].xpm_memory_sdpram_inst/xpm_memory_base_inst> is part of IP: <design_1_i/xdma_0>. This XPM instance will be excluded from the .mmi because updatemem is prohibited from making changes to an XPM that is part of an IP.
Command: write_bitstream -force design_1_wrapper.bit
Attempting to get a license for feature 'Implementation' and/or device 'xc7a100t'
INFO: [Common 17-349] Got license for feature 'Implementation' and/or device 'xc7a100t'
Running DRC as a precondition to command write_bitstream
INFO: [IP_Flow 19-1839] IP Catalog is up to date.
INFO: [DRC 23-27] Running DRC with 8 threads
INFO: [Vivado 12-3199] DRC finished with 0 Errors
INFO: [Vivado 12-3200] Please refer to the DRC report (report_drc) for more information.
Integrating Hard IP ELF/MEM with the PDI.
INFO: [Designutils 20-2272] Running write_bitstream with 8 threads.
Loading data files...
Loading site data...
Loading route data...
Processing options...
Creating bitmap...
Creating bitstream...
Bitstream compression saved 12941024 bits.
Writing bitstream ./design_1_wrapper.bit...
INFO: [Vivado 12-1842] Bitgen Completed Successfully.
INFO: [Common 17-83] Releasing license: Implementation
153 Infos, 5 Warnings, 4 Critical Warnings and 0 Errors encountered.
write_bitstream completed successfully
write_bitstream: Time (s): cpu = 00:00:29 ; elapsed = 00:00:30 . Memory (MB): peak = 3596.113 ; gain = 300.070 ; free physical = 47598 ; free virtual = 60113
INFO: [Common 17-206] Exiting Vivado at Tue Aug 25 18:14:54 2026...

*** Running vivado
    with args -log design_1_wrapper.vdi -applog -m64 -product Vivado -messageDb vivado.pb -mode batch -source design_1_wrapper.tcl -notrace


****** Vivado v2025.2 (64-bit)
  **** SW Build 6299465 on Fri Nov 14 12:34:56 MST 2025
  **** IP Build 6300035 on Fri Nov 14 10:48:45 MST 2025
  **** SharedData Build 6298862 on Thu Nov 13 04:50:51 MST 2025
  **** Start of session at: Tue Aug 25 18:17:50 2026
    ** Copyright 1986-2022 Xilinx, Inc. All Rights Reserved.
    ** Copyright 2022-2025 Advanced Micro Devices, Inc. All Rights Reserved.

WARNING: [Runs 36-547] User Strategy 'Vivado Implementation Defaults' from file '/home/kokunev/.Xilinx/Vivado/2025.2/strategies/Vivado Implementation Defaults.Vivado Implementation 2025.psg' discarded because strategy with same name already parsed from '/opt/Xilinx_2/2025.2/Vivado/strategies/VDI2025.psg'
WARNING: [Runs 36-547] User Strategy 'Vivado Implementation Defaults' from file '/home/kokunev/.Xilinx/Vivado/2025.2/strategies/Vivado Implementation Defaults_2.Vivado Implementation 2025.psg' discarded because strategy with same name already parsed from '/opt/Xilinx_2/2025.2/Vivado/strategies/VDI2025.psg'
source design_1_wrapper.tcl -notrace
Command: open_checkpoint design_1_wrapper_routed.dcp
INFO: [Device 21-403] Loading part xc7a100tfgg484-2
Netlist sorting complete. Time (s): cpu = 00:00:00.22 ; elapsed = 00:00:00.22 . Memory (MB): peak = 1787.949 ; gain = 0.000 ; free physical = 48510 ; free virtual = 61168
INFO: [Netlist 29-17] Analyzing 1675 Unisim elements for replacement
INFO: [Netlist 29-28] Unisim Transformation completed in 0 CPU seconds
INFO: [Project 1-479] Netlist was created with Vivado 2025.2
INFO: [Project 1-570] Preparing netlist for logic optimization
Read ShapeDB Complete: Time (s): cpu = 00:00:00.06 ; elapsed = 00:00:00.06 . Memory (MB): peak = 1911.879 ; gain = 9.492 ; free physical = 48388 ; free virtual = 61046
INFO: [Timing 38-478] Restoring timing data from binary archive.
INFO: [Timing 38-479] Binary timing data restore complete.
INFO: [Project 1-856] Restoring constraints from binary archive.
INFO: [Project 1-853] Binary constraint restore complete.
INFO: [Designutils 20-5722] Start Reading Physical Databases.
Reading placement.
Read Netlist Cache: Time (s): cpu = 00:00:00.03 ; elapsed = 00:00:00.02 . Memory (MB): peak = 2523.746 ; gain = 0.000 ; free physical = 47834 ; free virtual = 60491
Reading placer database...
Read Device Cache: Time (s): cpu = 00:00:00 ; elapsed = 00:00:00.01 . Memory (MB): peak = 2523.746 ; gain = 0.000 ; free physical = 47834 ; free virtual = 60491
Read PlaceDB: Time (s): cpu = 00:00:00 ; elapsed = 00:00:00 . Memory (MB): peak = 2523.746 ; gain = 0.000 ; free physical = 47834 ; free virtual = 60491
Read placeStorage: Time (s): cpu = 00:00:00.56 ; elapsed = 00:00:00.57 . Memory (MB): peak = 2536.746 ; gain = 13.000 ; free physical = 47809 ; free virtual = 60466
Read PulsedLatchDB: Time (s): cpu = 00:00:00 ; elapsed = 00:00:00 . Memory (MB): peak = 2536.746 ; gain = 0.000 ; free physical = 47809 ; free virtual = 60466
Reading routing.
Read RouteStorage: Time (s): cpu = 00:00:00.42 ; elapsed = 00:00:00.14 . Memory (MB): peak = 2559.871 ; gain = 23.125 ; free physical = 47784 ; free virtual = 60441
Read Physdb Files: Time (s): cpu = 00:00:01 ; elapsed = 00:00:00.77 . Memory (MB): peak = 2559.871 ; gain = 36.125 ; free physical = 47784 ; free virtual = 60441
Restored from archive | CPU: 1.060000 secs | Memory: 34.541527 MB |
Finished XDEF File Restore: Time (s): cpu = 00:00:01 ; elapsed = 00:00:00.79 . Memory (MB): peak = 2559.871 ; gain = 36.125 ; free physical = 47784 ; free virtual = 60441
Netlist sorting complete. Time (s): cpu = 00:00:00.01 ; elapsed = 00:00:00.01 . Memory (MB): peak = 2571.652 ; gain = 0.000 ; free physical = 47786 ; free virtual = 60443
INFO: [Project 1-111] Unisim Transformation Summary:
  A total of 513 instances were transformed.
  RAM16X1D => RAM32X1D (RAMD32(x2)): 62 instances
  RAM32M => RAM32M (RAMD32(x6), RAMS32(x2)): 408 instances
  RAM32X1D => RAM32X1D (RAMD32(x2)): 34 instances
  RAM64X1S => RAM64X1S (RAMS64E): 9 instances

INFO: [Project 1-604] Checkpoint was created with Vivado v2025.2 (64-bit) build 6299465
open_checkpoint: Time (s): cpu = 00:00:16 ; elapsed = 00:00:11 . Memory (MB): peak = 2579.688 ; gain = 1161.898 ; free physical = 47785 ; free virtual = 60443
INFO: [Memdata 28-208] The XPM instance: <design_1_i/xdma_0/inst/ram_top/mas_bridge_ram_write_512.MASTER_WRITE_FIFO/xpm_memory_sdpram_inst_loop[0].xpm_memory_sdpram_inst/xpm_memory_base_inst> is part of IP: <design_1_i/xdma_0>. This XPM instance will be excluded from the .mmi because updatemem is prohibited from making changes to an XPM that is part of an IP.
INFO: [Memdata 28-208] The XPM instance: <design_1_i/xdma_0/inst/ram_top/gen_h2c_bram.H2C_DAT0_FIFO/xpm_memory_sdpram_inst_loop[1].xpm_memory_sdpram_inst/xpm_memory_base_inst> is part of IP: <design_1_i/xdma_0>. This XPM instance will be excluded from the .mmi because updatemem is prohibited from making changes to an XPM that is part of an IP.
INFO: [Memdata 28-208] The XPM instance: <design_1_i/xdma_0/inst/ram_top/gen_h2c_bram.H2C_DAT0_FIFO/xpm_memory_sdpram_inst_loop[0].xpm_memory_sdpram_inst/xpm_memory_base_inst> is part of IP: <design_1_i/xdma_0>. This XPM instance will be excluded from the .mmi because updatemem is prohibited from making changes to an XPM that is part of an IP.
INFO: [Memdata 28-208] The XPM instance: <design_1_i/xdma_0/inst/ram_top/gen_c2h_bram.C2H_DAT1_FIFO/xpm_memory_sdpram_inst_loop[1].xpm_memory_sdpram_inst/xpm_memory_base_inst> is part of IP: <design_1_i/xdma_0>. This XPM instance will be excluded from the .mmi because updatemem is prohibited from making changes to an XPM that is part of an IP.
INFO: [Memdata 28-208] The XPM instance: <design_1_i/xdma_0/inst/ram_top/gen_c2h_bram.C2H_DAT1_FIFO/xpm_memory_sdpram_inst_loop[0].xpm_memory_sdpram_inst/xpm_memory_base_inst> is part of IP: <design_1_i/xdma_0>. This XPM instance will be excluded from the .mmi because updatemem is prohibited from making changes to an XPM that is part of an IP.
INFO: [Memdata 28-208] The XPM instance: <design_1_i/xdma_0/inst/ram_top/gen_c2h_bram.C2H_DAT0_FIFO/xpm_memory_sdpram_inst_loop[1].xpm_memory_sdpram_inst/xpm_memory_base_inst> is part of IP: <design_1_i/xdma_0>. This XPM instance will be excluded from the .mmi because updatemem is prohibited from making changes to an XPM that is part of an IP.
INFO: [Memdata 28-208] The XPM instance: <design_1_i/xdma_0/inst/ram_top/gen_c2h_bram.C2H_DAT0_FIFO/xpm_memory_sdpram_inst_loop[0].xpm_memory_sdpram_inst/xpm_memory_base_inst> is part of IP: <design_1_i/xdma_0>. This XPM instance will be excluded from the .mmi because updatemem is prohibited from making changes to an XPM that is part of an IP.
INFO: [Memdata 28-208] The XPM instance: <design_1_i/xdma_0/inst/ram_top/MASTER_READ_BRAM/xpm_memory_sdpram_inst_loop[0].xpm_memory_sdpram_inst/xpm_memory_base_inst> is part of IP: <design_1_i/xdma_0>. This XPM instance will be excluded from the .mmi because updatemem is prohibited from making changes to an XPM that is part of an IP.
Command: write_bitstream -force design_1_wrapper.bit -bin_file
Attempting to get a license for feature 'Implementation' and/or device 'xc7a100t'
INFO: [Common 17-349] Got license for feature 'Implementation' and/or device 'xc7a100t'
Running DRC as a precondition to command write_bitstream
INFO: [IP_Flow 19-234] Refreshing IP repositories
INFO: [IP_Flow 19-1704] No user IP repositories specified
INFO: [IP_Flow 19-2313] Loaded Vivado IP repository '/opt/Xilinx_2/2025.2/data/ip'.
INFO: [DRC 23-27] Running DRC with 8 threads
INFO: [Vivado 12-3199] DRC finished with 0 Errors
INFO: [Vivado 12-3200] Please refer to the DRC report (report_drc) for more information.
Integrating Hard IP ELF/MEM with the PDI.
INFO: [Designutils 20-2272] Running write_bitstream with 8 threads.
Loading data files...
Loading site data...
Loading route data...
Processing options...
Creating bitmap...
Creating bitstream...
Bitstream compression saved 12941024 bits.
Writing bitstream ./design_1_wrapper.bit...
Writing bitstream ./design_1_wrapper.bin...
INFO: [Vivado 12-1842] Bitgen Completed Successfully.
INFO: [Common 17-83] Releasing license: Implementation
30 Infos, 0 Warnings, 0 Critical Warnings and 0 Errors encountered.
write_bitstream completed successfully
write_bitstream: Time (s): cpu = 00:00:30 ; elapsed = 00:00:13 . Memory (MB): peak = 3118.012 ; gain = 525.484 ; free physical = 47232 ; free virtual = 59893
INFO: [Common 17-206] Exiting Vivado at Tue Aug 25 18:18:15 2026...
